{
  "allocated_bytes": 30793728,
  "arch": "aarch64",
  "cold_cache": {
    "decompressions": 1121,
    "decompressions_avoided": 0,
    "evictions": 0,
    "hit_ratio": 0.0,
    "hits": 0,
    "in_flight_waits": 0,
    "misses": 1121,
    "peak_resident_bytes": 0,
    "prefetch_bytes_loaded": 0,
    "prefetch_chunks_loaded": 0,
    "prefetch_dropped": 0,
    "prefetch_duplicates": 0,
    "prefetch_errors": 0,
    "prefetch_expired": 0,
    "prefetch_hits": 0,
    "prefetch_peak_reserved_bytes": 0,
    "prefetch_queue_high_watermark": 0,
    "prefetch_requests": 0,
    "prefetch_reserved_bytes": 0,
    "prefetch_resident_unconsumed_bytes": 0,
    "prefetch_skipped": 0,
    "prefetch_useful_bytes": 0,
    "prefetch_wasted_bytes": 0,
    "raw_bytes_loaded": 605955984,
    "resident_bytes": 0,
    "resident_entries": 0
  },
  "cold_definition": "decompressed chunk cache disabled; OS page cache is uncontrolled, not disk-cold",
  "filesystem_entries": 8,
  "iterations": 200,
  "kind": "direct range resolver benchmark (not mounted I/O)",
  "logical_bytes": 43004303,
  "native_filesystem_compression_baseline": "Windows WOF measurement required; not available on this OS",
  "object_lookup": {
    "p50_ms": 0.0,
    "p95_ms": 0.000083,
    "p99_ms": 0.000167,
    "samples": 200
  },
  "os": "macos",
  "peak_rss_bytes": 34504704,
  "physical_bytes": 30782361,
  "physical_bytes_definition": "sum of encoded store file lengths; allocated_bytes measures POSIX blocks separately",
  "process_cpu_seconds": 0.5901670000000001,
  "random_chunk_read": {
    "p50_ms": 0.147292,
    "p95_ms": 0.45675,
    "p99_ms": 0.470708,
    "samples": 200
  },
  "requested_random_bytes": 186338245,
  "sequential": {
    "blake3": "b1dac0474342032592cc926458d3d92d09b8bb1df96131ee30abfd34a5c03f5f",
    "bytes_equal": true,
    "original_mib_s": 2116.2756418126096,
    "playsparse_mib_s": 923.1293691608696
  },
  "store_open_first_ms": 0.306833,
  "store_open_repeat_ms": 0.248875,
  "wall_seconds": 0.6273855,
  "warm_cache": {
    "decompressions": 682,
    "decompressions_avoided": 1306,
    "evictions": 638,
    "hit_ratio": 0.6569416498993964,
    "hits": 1306,
    "in_flight_waits": 0,
    "misses": 682,
    "peak_resident_bytes": 16776197,
    "prefetch_bytes_loaded": 0,
    "prefetch_chunks_loaded": 0,
    "prefetch_dropped": 0,
    "prefetch_duplicates": 0,
    "prefetch_errors": 0,
    "prefetch_expired": 0,
    "prefetch_hits": 0,
    "prefetch_peak_reserved_bytes": 0,
    "prefetch_queue_high_watermark": 0,
    "prefetch_requests": 0,
    "prefetch_reserved_bytes": 0,
    "prefetch_resident_unconsumed_bytes": 0,
    "prefetch_skipped": 0,
    "prefetch_useful_bytes": 0,
    "prefetch_wasted_bytes": 0,
    "raw_bytes_loaded": 247935838,
    "resident_bytes": 16550171,
    "resident_entries": 44
  },
  "workloads": [
    {
      "aggregate_read_blake3": "e1eb5cf67df117645c5a06408d9a34501bf7379465be2f5bf1110348c2c3002b",
      "original": {
        "p50_ms": 0.000959,
        "p95_ms": 0.001458,
        "p99_ms": 0.001667,
        "samples": 200
      },
      "playsparse_chunk_cache_cold": {
        "p50_ms": 0.306709,
        "p95_ms": 0.479333,
        "p99_ms": 0.523958,
        "samples": 200
      },
      "playsparse_warm_replay": {
        "p50_ms": 0.0006670000000000001,
        "p95_ms": 0.24683399999999997,
        "p99_ms": 0.492583,
        "samples": 200
      },
      "raw_bytes_loaded": 128743901,
      "read_amplification": 157.15808227539063,
      "read_bytes": 4096,
      "requested_bytes": 819200,
      "verified_cold_reads": 200,
      "verified_warm_reads": 200
    },
    {
      "aggregate_read_blake3": "017b47bfab27f4a6591dcece1281e586647cdcc762dadbad0590bc93c8469a2b",
      "original": {
        "p50_ms": 0.003959,
        "p95_ms": 0.0043749999999999995,
        "p99_ms": 0.005167,
        "samples": 200
      },
      "playsparse_chunk_cache_cold": {
        "p50_ms": 0.307667,
        "p95_ms": 0.4695,
        "p99_ms": 0.8892089999999999,
        "samples": 200
      },
      "playsparse_warm_replay": {
        "p50_ms": 0.002041,
        "p95_ms": 0.280667,
        "p99_ms": 0.48879200000000006,
        "samples": 200
      },
      "raw_bytes_loaded": 137560276,
      "read_amplification": 10.652359369740282,
      "read_bytes": 65536,
      "requested_bytes": 12913597,
      "verified_cold_reads": 200,
      "verified_warm_reads": 200
    },
    {
      "aggregate_read_blake3": "ab3b5a3a1322f2aa29ae0fb9e168491b70526cc90ae7cfc081b6eb06bf54786a",
      "original": {
        "p50_ms": 0.054542,
        "p95_ms": 0.06145799999999999,
        "p99_ms": 0.06575,
        "samples": 200
      },
      "playsparse_chunk_cache_cold": {
        "p50_ms": 0.65925,
        "p95_ms": 0.9469580000000001,
        "p99_ms": 0.9779999999999999,
        "samples": 200
      },
      "playsparse_warm_replay": {
        "p50_ms": 0.018000000000000002,
        "p95_ms": 0.687292,
        "p99_ms": 0.7944169999999999,
        "samples": 200
      },
      "raw_bytes_loaded": 278886583,
      "read_amplification": 1.6157461205975376,
      "read_bytes": 1048576,
      "requested_bytes": 172605448,
      "verified_cold_reads": 200,
      "verified_warm_reads": 200
    }
  ]
}
