{
  "allocated_bytes": 30797824,
  "arch": "aarch64",
  "cold_cache": {
    "decompressions": 1169,
    "decompressions_avoided": 0,
    "evictions": 0,
    "hit_ratio": 0.0,
    "hits": 0,
    "in_flight_waits": 0,
    "misses": 1169,
    "peak_resident_bytes": 0,
    "prefetch_bytes_loaded": 0,
    "prefetch_chunks_loaded": 0,
    "prefetch_dropped": 0,
    "prefetch_duplicates": 0,
    "prefetch_errors": 0,
    "prefetch_expired": 0,
    "prefetch_hits": 0,
    "prefetch_peak_reserved_bytes": 0,
    "prefetch_queue_high_watermark": 0,
    "prefetch_requests": 0,
    "prefetch_reserved_bytes": 0,
    "prefetch_resident_unconsumed_bytes": 0,
    "prefetch_skipped": 0,
    "prefetch_useful_bytes": 0,
    "prefetch_wasted_bytes": 0,
    "raw_bytes_loaded": 594289634,
    "resident_bytes": 0,
    "resident_entries": 0
  },
  "cold_definition": "decompressed chunk cache disabled; OS page cache is uncontrolled, not disk-cold",
  "filesystem_entries": 8,
  "iterations": 200,
  "kind": "direct range resolver benchmark (not mounted I/O)",
  "logical_bytes": 43004303,
  "native_filesystem_compression_baseline": "Windows WOF measurement required; not available on this OS",
  "object_lookup": {
    "p50_ms": 0.000041,
    "p95_ms": 0.000083,
    "p99_ms": 0.00033299999999999996,
    "samples": 200
  },
  "os": "macos",
  "peak_rss_bytes": 37634048,
  "physical_bytes": 30784529,
  "physical_bytes_definition": "sum of encoded store file lengths; allocated_bytes measures POSIX blocks separately",
  "process_cpu_seconds": 0.577162,
  "random_chunk_read": {
    "p50_ms": 0.132917,
    "p95_ms": 0.447334,
    "p99_ms": 0.466666,
    "samples": 200
  },
  "requested_random_bytes": 186338245,
  "sequential": {
    "blake3": "b1dac0474342032592cc926458d3d92d09b8bb1df96131ee30abfd34a5c03f5f",
    "bytes_equal": true,
    "original_mib_s": 2115.406856149084,
    "playsparse_mib_s": 924.3013884602302
  },
  "store_open_first_ms": 0.316834,
  "store_open_repeat_ms": 0.24041700000000002,
  "wall_seconds": 0.614329958,
  "warm_cache": {
    "decompressions": 726,
    "decompressions_avoided": 1332,
    "evictions": 675,
    "hit_ratio": 0.6472303206997084,
    "hits": 1332,
    "in_flight_waits": 0,
    "misses": 726,
    "peak_resident_bytes": 16776639,
    "prefetch_bytes_loaded": 0,
    "prefetch_chunks_loaded": 0,
    "prefetch_dropped": 0,
    "prefetch_duplicates": 0,
    "prefetch_errors": 0,
    "prefetch_expired": 0,
    "prefetch_hits": 0,
    "prefetch_peak_reserved_bytes": 0,
    "prefetch_queue_high_watermark": 0,
    "prefetch_requests": 0,
    "prefetch_reserved_bytes": 0,
    "prefetch_resident_unconsumed_bytes": 0,
    "prefetch_skipped": 0,
    "prefetch_useful_bytes": 0,
    "prefetch_wasted_bytes": 0,
    "raw_bytes_loaded": 233481552,
    "resident_bytes": 16594683,
    "resident_entries": 51
  },
  "workloads": [
    {
      "aggregate_read_blake3": "e1eb5cf67df117645c5a06408d9a34501bf7379465be2f5bf1110348c2c3002b",
      "original": {
        "p50_ms": 0.000959,
        "p95_ms": 0.0015,
        "p99_ms": 0.001666,
        "samples": 200
      },
      "playsparse_chunk_cache_cold": {
        "p50_ms": 0.306292,
        "p95_ms": 0.48579199999999995,
        "p99_ms": 0.527916,
        "samples": 200
      },
      "playsparse_warm_replay": {
        "p50_ms": 0.000625,
        "p95_ms": 0.193125,
        "p99_ms": 0.47833400000000004,
        "samples": 200
      },
      "raw_bytes_loaded": 124436512,
      "read_amplification": 151.9000390625,
      "read_bytes": 4096,
      "requested_bytes": 819200,
      "verified_cold_reads": 200,
      "verified_warm_reads": 200
    },
    {
      "aggregate_read_blake3": "017b47bfab27f4a6591dcece1281e586647cdcc762dadbad0590bc93c8469a2b",
      "original": {
        "p50_ms": 0.004,
        "p95_ms": 0.004417,
        "p99_ms": 0.0049169999999999995,
        "samples": 200
      },
      "playsparse_chunk_cache_cold": {
        "p50_ms": 0.307583,
        "p95_ms": 0.476875,
        "p99_ms": 0.881375,
        "samples": 200
      },
      "playsparse_warm_replay": {
        "p50_ms": 0.002,
        "p95_ms": 0.237875,
        "p99_ms": 0.48916699999999996,
        "samples": 200
      },
      "raw_bytes_loaded": 133782362,
      "read_amplification": 10.359806179486629,
      "read_bytes": 65536,
      "requested_bytes": 12913597,
      "verified_cold_reads": 200,
      "verified_warm_reads": 200
    },
    {
      "aggregate_read_blake3": "ab3b5a3a1322f2aa29ae0fb9e168491b70526cc90ae7cfc081b6eb06bf54786a",
      "original": {
        "p50_ms": 0.055667,
        "p95_ms": 0.065666,
        "p99_ms": 0.14008299999999999,
        "samples": 200
      },
      "playsparse_chunk_cache_cold": {
        "p50_ms": 0.6464580000000001,
        "p95_ms": 0.9602919999999999,
        "p99_ms": 1.042083,
        "samples": 200
      },
      "playsparse_warm_replay": {
        "p50_ms": 0.018042000000000002,
        "p95_ms": 0.6539999999999999,
        "p99_ms": 0.7542500000000001,
        "samples": 200
      },
      "raw_bytes_loaded": 275951479,
      "read_amplification": 1.5987414197957412,
      "read_bytes": 1048576,
      "requested_bytes": 172605448,
      "verified_cold_reads": 200,
      "verified_warm_reads": 200
    }
  ]
}
