{
  "cache": {
    "decompressions": 571,
    "decompressions_avoided": 61,
    "evictions": 507,
    "hit_ratio": 0.10627177700348432,
    "hits": 61,
    "in_flight_waits": 50,
    "misses": 513,
    "peak_resident_bytes": 4194304,
    "prefetch_bytes_loaded": 3801088,
    "prefetch_chunks_loaded": 58,
    "prefetch_dropped": 0,
    "prefetch_duplicates": 503,
    "prefetch_errors": 0,
    "prefetch_expired": 0,
    "prefetch_hits": 58,
    "prefetch_peak_reserved_bytes": 196608,
    "prefetch_queue_high_watermark": 3,
    "prefetch_requests": 62,
    "prefetch_reserved_bytes": 0,
    "prefetch_resident_unconsumed_bytes": 0,
    "prefetch_skipped": 451,
    "prefetch_useful_bytes": 3801088,
    "prefetch_wasted_bytes": 0,
    "raw_bytes_loaded": 37421056,
    "resident_bytes": 4194304,
    "resident_entries": 64
  },
  "cache_state": "fresh empty userspace cache; OS and device cache uncontrolled",
  "content_blake3": "f9c749745b64f4fae894043f64899e5c9d7e3def86fa847772bbdb630ed9bba4",
  "cpu_seconds": 0.015625,
  "latency_ns": {
    "p50": 12800,
    "p95": 35600,
    "p99": 84400
  },
  "process_peak_rss_bytes": 12881920,
  "queries": 569,
  "read_amplification": 1.1012536162005786,
  "returned_bytes": 33980416,
  "rss_basis": "process lifetime peak; use separate replay-one child processes for mode comparison",
  "wall_seconds": 0.0167883
}
