{
  "cache": {
    "decompressions": 1011,
    "decompressions_avoided": 282,
    "evictions": 507,
    "hit_ratio": 0.4912891986062718,
    "hits": 282,
    "in_flight_waits": 269,
    "misses": 292,
    "peak_resident_bytes": 4194304,
    "prefetch_bytes_loaded": 47120384,
    "prefetch_chunks_loaded": 719,
    "prefetch_dropped": 0,
    "prefetch_errors": 0,
    "prefetch_expired": 0,
    "prefetch_hits": 279,
    "prefetch_peak_reserved_bytes": 196608,
    "prefetch_queue_high_watermark": 3,
    "prefetch_requests": 722,
    "prefetch_reserved_bytes": 0,
    "prefetch_resident_unconsumed_bytes": 0,
    "prefetch_useful_bytes": 18284544,
    "prefetch_wasted_bytes": 28835840,
    "raw_bytes_loaded": 66256896,
    "resident_bytes": 4194304,
    "resident_entries": 64
  },
  "cache_state": "fresh empty userspace cache; OS and device cache uncontrolled",
  "content_blake3": "f9c749745b64f4fae894043f64899e5c9d7e3def86fa847772bbdb630ed9bba4",
  "cpu_seconds": 0.046875,
  "latency_ns": {
    "p50": 33200,
    "p95": 62800,
    "p99": 113400
  },
  "process_peak_rss_bytes": 12402688,
  "queries": 569,
  "read_amplification": 1.9498553519768562,
  "returned_bytes": 33980416,
  "rss_basis": "process lifetime peak; use separate replay-one child processes for mode comparison",
  "wall_seconds": 0.0294546
}
