{
  "cache": {
    "decompressions": 543,
    "decompressions_avoided": 31,
    "evictions": 479,
    "hit_ratio": 0.05400696864111498,
    "hits": 31,
    "in_flight_waits": 0,
    "misses": 543,
    "peak_resident_bytes": 4194304,
    "prefetch_bytes_loaded": 0,
    "prefetch_chunks_loaded": 0,
    "prefetch_dropped": 0,
    "prefetch_duplicates": 0,
    "prefetch_errors": 0,
    "prefetch_expired": 0,
    "prefetch_hits": 0,
    "prefetch_peak_reserved_bytes": 0,
    "prefetch_queue_high_watermark": 0,
    "prefetch_requests": 0,
    "prefetch_reserved_bytes": 0,
    "prefetch_resident_unconsumed_bytes": 0,
    "prefetch_skipped": 0,
    "prefetch_useful_bytes": 0,
    "prefetch_wasted_bytes": 0,
    "raw_bytes_loaded": 35586048,
    "resident_bytes": 4194304,
    "resident_entries": 64
  },
  "cache_state": "fresh empty userspace cache; OS and device cache uncontrolled",
  "content_blake3": "f9c749745b64f4fae894043f64899e5c9d7e3def86fa847772bbdb630ed9bba4",
  "cpu_seconds": 0.015625,
  "latency_ns": {
    "p50": 17800,
    "p95": 47300,
    "p99": 78700
  },
  "process_peak_rss_bytes": 12505088,
  "queries": 569,
  "read_amplification": 1.04725168756027,
  "returned_bytes": 33980416,
  "rss_basis": "process lifetime peak; use separate replay-one child processes for mode comparison",
  "wall_seconds": 0.0206814
}
