{
  "cache": {
    "decompressions": 558,
    "decompressions_avoided": 1604,
    "evictions": 494,
    "hit_ratio": 0.7645376549094376,
    "hits": 1604,
    "in_flight_waits": 1,
    "misses": 494,
    "peak_resident_bytes": 4194304,
    "prefetch_bytes_loaded": 4194304,
    "prefetch_chunks_loaded": 64,
    "prefetch_dropped": 0,
    "prefetch_duplicates": 3345,
    "prefetch_errors": 0,
    "prefetch_expired": 0,
    "prefetch_hits": 62,
    "prefetch_peak_reserved_bytes": 131072,
    "prefetch_queue_high_watermark": 2,
    "prefetch_requests": 64,
    "prefetch_reserved_bytes": 0,
    "prefetch_resident_unconsumed_bytes": 0,
    "prefetch_skipped": 447,
    "prefetch_useful_bytes": 4063232,
    "prefetch_wasted_bytes": 131072,
    "raw_bytes_loaded": 36569088,
    "resident_bytes": 4194304,
    "resident_entries": 64
  },
  "cache_state": "fresh empty userspace cache; OS and device cache uncontrolled",
  "content_blake3": "8414254b45b00487b69f3fde554236d6511413e3956789c38fb1deb6c3b3e8b8",
  "cpu_seconds": 0.038236,
  "latency_ns": {
    "p50": 792,
    "p95": 33792,
    "p99": 43041
  },
  "process_peak_rss_bytes": 13975552,
  "queries": 2098,
  "read_amplification": 1.0638703527168731,
  "returned_bytes": 34373632,
  "rss_basis": "process lifetime peak; use separate replay-one child processes for mode comparison",
  "wall_seconds": 0.036464125
}
