{
  "base_opened_read_only": true,
  "method": "bounded streaming merged tree into disposable staging directory; full temporary logical space required",
  "pack": {
    "allocated_bytes": 2670592,
    "files": 14,
    "filesystem_entries": 8,
    "logical_bytes": 29920082,
    "metadata_bytes": 9971,
    "object_bytes": 2633902,
    "pack_seconds": 0.09212375,
    "physical_bytes": 2643873,
    "reused_chunks": 2,
    "unique_objects": 45,
    "verified_before_publish": true
  },
  "verify": {
    "checked_bytes": 29920082,
    "checked_files": 14,
    "checked_objects": 45,
    "ok": true
  }
}
