[1m[92m   Compiling[0m proc-macro2 v1.0.107
[1m[92m   Compiling[0m quote v1.0.47
[1m[92m   Compiling[0m unicode-ident v1.0.26
[1m[92m   Compiling[0m libc v0.2.189
[1m[92m   Compiling[0m jobserver v0.1.35
[1m[92m   Compiling[0m shlex v2.0.1
[1m[92m   Compiling[0m find-msvc-tools v0.1.14
[1m[92m   Compiling[0m cfg-if v1.0.5
[1m[92m   Compiling[0m cc v1.5.1
[1m[92m   Compiling[0m syn v3.0.6
[1m[92m   Compiling[0m serde_core v1.0.229
[1m[92m   Compiling[0m serde v1.0.229
[1m[92m   Compiling[0m pkg-config v0.3.34
[1m[92m   Compiling[0m itoa v1.0.18
[1m[92m   Compiling[0m blake3 v1.8.7
[1m[92m   Compiling[0m syn v2.0.119
[1m[92m   Compiling[0m once_cell v1.21.4
[1m[92m   Compiling[0m thiserror v2.0.21
[1m[92m   Compiling[0m zmij v1.0.23
[1m[92m   Compiling[0m serde_derive v1.0.229
[1m[92m   Compiling[0m thiserror-impl v2.0.21
[1m[92m   Compiling[0m serde_json v1.0.151
[1m[92m   Compiling[0m memchr v2.8.3
[1m[92m   Compiling[0m arrayvec v0.7.8
[1m[92m   Compiling[0m constant_time_eq v0.4.2
[1m[92m   Compiling[0m zstd-sys v2.1.0+zstd.1.5.7
[1m[92m   Compiling[0m ring v0.17.14
[1m[92m   Compiling[0m bitflags v2.13.2
[1m[92m   Compiling[0m log v0.4.34
[1m[92m   Compiling[0m playsparse-core v0.1.0 (/Users/runner/work/PlaySparse/PlaySparse/crates/playsparse-core)
[1m[92m   Compiling[0m zeroize v1.9.0
[1m[92m   Compiling[0m rustls-pki-types v1.15.1
[1m[92m   Compiling[0m tracing-core v0.1.36
[1m[92m   Compiling[0m getrandom v0.2.17
[1m[92m   Compiling[0m smallvec v1.16.2
[1m[92m   Compiling[0m parking_lot_core v0.9.12
[1m[92m   Compiling[0m untrusted v0.9.0
[1m[92m   Compiling[0m zstd-safe v8.0.0
[1m[92m   Compiling[0m httparse v1.10.1
[1m[92m   Compiling[0m bytes v1.12.1
[1m[92m   Compiling[0m foldhash v0.2.0
[1m[92m   Compiling[0m rustix v1.1.5
[1m[92m   Compiling[0m scopeguard v1.2.0
[1m[92m   Compiling[0m getrandom v0.4.3
[1m[92m   Compiling[0m rustls v0.23.45
[1m[92m   Compiling[0m lock_api v0.4.14
[1m[92m   Compiling[0m hashbrown v0.17.1
[1m[92m   Compiling[0m http v1.5.0
[1m[92m   Compiling[0m rustls-webpki v0.103.15
[1m[92m   Compiling[0m tracing-attributes v0.1.31
[1m[92m   Compiling[0m errno v0.3.14
[1m[92m   Compiling[0m subtle v2.6.1
[1m[92m   Compiling[0m winnow v1.0.4
[1m[92m   Compiling[0m autocfg v1.5.1
[1m[92m   Compiling[0m equivalent v1.0.2
[1m[92m   Compiling[0m pin-project-lite v0.2.17
[1m[92m   Compiling[0m base64 v0.23.1
[1m[92m   Compiling[0m same-file v1.0.6
[1m[92m   Compiling[0m toml_parser v1.1.3+spec-1.1.0
[1m[92m   Compiling[0m walkdir v2.5.0
[1m[92m   Compiling[0m ureq-proto v0.6.4
[1m[92m   Compiling[0m tracing v0.1.44
[1m[92m   Compiling[0m indexmap v2.14.2
[1m[92m   Compiling[0m memoffset v0.9.1
[1m[92m   Compiling[0m parking_lot v0.12.5
[1m[92m   Compiling[0m lru v0.18.5
[1m[92m   Compiling[0m webpki-roots v1.0.9
[1m[92m   Compiling[0m cfg_aliases v0.2.2
[1m[92m   Compiling[0m toml_datetime v1.1.1+spec-1.1.0
[1m[92m   Compiling[0m fastcdc v5.0.0
[1m[92m   Compiling[0m utf8-zero v0.8.1
[1m[92m   Compiling[0m fastrand v2.5.0
[1m[92m   Compiling[0m percent-encoding v2.3.2
[1m[92m   Compiling[0m tempfile v3.27.0
[1m[92m   Compiling[0m toml_edit v0.25.15+spec-1.1.0
[1m[92m   Compiling[0m ureq v3.4.2
[1m[92m   Compiling[0m nix v0.31.3
[1m[92m   Compiling[0m playsparse-trace v0.1.0 (/Users/runner/work/PlaySparse/PlaySparse/crates/playsparse-trace)
[1m[92m   Compiling[0m objc2 v0.6.4
[1m[92m   Compiling[0m utf8parse v0.2.2
[1m[92m   Compiling[0m rustversion v1.0.23
[1m[92m   Compiling[0m anyhow v1.0.104
[1m[92m   Compiling[0m anstyle-parse v1.0.0
[1m[92m   Compiling[0m playsparse-policy v0.1.0 (/Users/runner/work/PlaySparse/PlaySparse/crates/playsparse-policy)
[1m[92m   Compiling[0m proc-macro-crate v3.5.0
[1m[92m   Compiling[0m playsparse-cache v0.1.0 (/Users/runner/work/PlaySparse/PlaySparse/crates/playsparse-cache)
[1m[92m   Compiling[0m objc2-encode v4.1.0
[1m[92m   Compiling[0m ref-cast v1.0.27
[1m[92m   Compiling[0m is_terminal_polyfill v1.70.2
[1m[92m   Compiling[0m anstyle-query v1.1.5
[1m[92m   Compiling[0m colorchoice v1.0.5
[1m[92m   Compiling[0m anstyle v1.0.14
[1m[92m   Compiling[0m zerocopy v0.8.59
[1m[92m   Compiling[0m anstream v1.0.0
[1m[92m   Compiling[0m num_enum_derive v0.7.6
[1m[92m   Compiling[0m zerocopy-derive v0.8.59
[1m[92m   Compiling[0m zstd v0.14.0
[1m[92m   Compiling[0m playsparse-game v0.1.0 (/Users/runner/work/PlaySparse/PlaySparse/crates/playsparse-game)
[1m[92m   Compiling[0m ref-cast-impl v1.0.27
[1m[92m   Compiling[0m fuser v0.18.0
[1m[92m   Compiling[0m clap_lex v1.1.1
[1m[92m   Compiling[0m playsparse-store v0.1.0 (/Users/runner/work/PlaySparse/PlaySparse/crates/playsparse-store)
[1m[92m   Compiling[0m regex-syntax v0.8.11
[1m[92m   Compiling[0m playsparse-range v0.1.0 (/Users/runner/work/PlaySparse/PlaySparse/crates/playsparse-range)
[1m[92m   Compiling[0m strsim v0.11.1
[1m[92m   Compiling[0m heck v0.5.0
[1m[92m   Compiling[0m clap_derive v4.6.7
[1m[92m   Compiling[0m playsparse-overlay v0.1.0 (/Users/runner/work/PlaySparse/PlaySparse/crates/playsparse-overlay)
[1m[92m   Compiling[0m clap_builder v4.6.7
[1m[92m   Compiling[0m regex-automata v0.4.18
[1m[92m   Compiling[0m num_enum v0.7.6
[1m[92m   Compiling[0m block2 v0.6.2
[1m[92m   Compiling[0m page_size v0.6.0
[1m[92m   Compiling[0m lazy_static v1.5.1
[1m[92m   Compiling[0m playsparse-vfs-win v0.1.0 (/Users/runner/work/PlaySparse/PlaySparse/crates/playsparse-vfs-win)
[1m[92m   Compiling[0m sharded-slab v0.1.7
[1m[92m   Compiling[0m dispatch2 v0.3.1
[1m[92m   Compiling[0m matchers v0.2.0
[1m[92m   Compiling[0m clap v4.6.7
[1m[92m   Compiling[0m tracing-log v0.2.0
[1m[92m   Compiling[0m tracing-serde v0.2.0
[1m[92m   Compiling[0m thread_local v1.1.10
[1m[92m   Compiling[0m playsparse-cli v0.1.0 (/Users/runner/work/PlaySparse/PlaySparse/crates/playsparse-cli)
[1m[92m   Compiling[0m nu-ansi-term v0.50.3
[1m[92m   Compiling[0m tracing-subscriber v0.3.23
[1m[92m   Compiling[0m ctrlc v3.5.2
[1m[92m   Compiling[0m memmap2 v0.9.11
[1m[92m   Compiling[0m io-probe v0.1.0 (/Users/runner/work/PlaySparse/PlaySparse/tools/io-probe)
[1m[92m   Compiling[0m playsparse-vfs-fuse v0.1.0 (/Users/runner/work/PlaySparse/PlaySparse/crates/playsparse-vfs-fuse)
[1m[92m    Finished[0m `release` profile [optimized] target(s) in 1m 44s
