{
  "allocated_bytes": 25747456,
  "arch": "aarch64",
  "cold_cache": {
    "decompressions": 1121,
    "decompressions_avoided": 0,
    "evictions": 0,
    "hit_ratio": 0.0,
    "hits": 0,
    "in_flight_waits": 0,
    "misses": 1121,
    "peak_resident_bytes": 0,
    "prefetch_bytes_loaded": 0,
    "prefetch_chunks_loaded": 0,
    "prefetch_dropped": 0,
    "prefetch_duplicates": 0,
    "prefetch_errors": 0,
    "prefetch_expired": 0,
    "prefetch_hits": 0,
    "prefetch_peak_reserved_bytes": 0,
    "prefetch_queue_high_watermark": 0,
    "prefetch_requests": 0,
    "prefetch_reserved_bytes": 0,
    "prefetch_resident_unconsumed_bytes": 0,
    "prefetch_skipped": 0,
    "prefetch_useful_bytes": 0,
    "prefetch_wasted_bytes": 0,
    "raw_bytes_loaded": 605955984,
    "resident_bytes": 0,
    "resident_entries": 0
  },
  "cold_definition": "decompressed chunk cache disabled; OS page cache is uncontrolled, not disk-cold",
  "filesystem_entries": 8,
  "iterations": 200,
  "kind": "direct range resolver benchmark (not mounted I/O)",
  "logical_bytes": 43004303,
  "native_filesystem_compression_baseline": "Windows WOF measurement required; not available on this OS",
  "object_lookup": {
    "p50_ms": 0.0,
    "p95_ms": 0.000125,
    "p99_ms": 0.00025,
    "samples": 200
  },
  "os": "macos",
  "peak_rss_bytes": 38699008,
  "physical_bytes": 25735691,
  "physical_bytes_definition": "sum of encoded store file lengths; allocated_bytes measures POSIX blocks separately",
  "process_cpu_seconds": 0.599756,
  "random_chunk_read": {
    "p50_ms": 0.158708,
    "p95_ms": 0.44708299999999995,
    "p99_ms": 0.501667,
    "samples": 200
  },
  "requested_random_bytes": 186338245,
  "sequential": {
    "blake3": "b1dac0474342032592cc926458d3d92d09b8bb1df96131ee30abfd34a5c03f5f",
    "bytes_equal": true,
    "original_mib_s": 2052.1783684577085,
    "playsparse_mib_s": 876.6375330398001
  },
  "store_open_first_ms": 0.32699999999999996,
  "store_open_repeat_ms": 0.221208,
  "wall_seconds": 0.647080834,
  "warm_cache": {
    "decompressions": 682,
    "decompressions_avoided": 1306,
    "evictions": 638,
    "hit_ratio": 0.6569416498993964,
    "hits": 1306,
    "in_flight_waits": 0,
    "misses": 682,
    "peak_resident_bytes": 16776197,
    "prefetch_bytes_loaded": 0,
    "prefetch_chunks_loaded": 0,
    "prefetch_dropped": 0,
    "prefetch_duplicates": 0,
    "prefetch_errors": 0,
    "prefetch_expired": 0,
    "prefetch_hits": 0,
    "prefetch_peak_reserved_bytes": 0,
    "prefetch_queue_high_watermark": 0,
    "prefetch_requests": 0,
    "prefetch_reserved_bytes": 0,
    "prefetch_resident_unconsumed_bytes": 0,
    "prefetch_skipped": 0,
    "prefetch_useful_bytes": 0,
    "prefetch_wasted_bytes": 0,
    "raw_bytes_loaded": 247935838,
    "resident_bytes": 16550171,
    "resident_entries": 44
  },
  "workloads": [
    {
      "aggregate_read_blake3": "e1eb5cf67df117645c5a06408d9a34501bf7379465be2f5bf1110348c2c3002b",
      "original": {
        "p50_ms": 0.000917,
        "p95_ms": 0.0014169999999999999,
        "p99_ms": 0.001709,
        "samples": 200
      },
      "playsparse_chunk_cache_cold": {
        "p50_ms": 0.30604200000000004,
        "p95_ms": 0.482292,
        "p99_ms": 0.5339999999999999,
        "samples": 200
      },
      "playsparse_warm_replay": {
        "p50_ms": 0.000583,
        "p95_ms": 0.24041700000000002,
        "p99_ms": 0.4415,
        "samples": 200
      },
      "raw_bytes_loaded": 128743901,
      "read_amplification": 157.15808227539063,
      "read_bytes": 4096,
      "requested_bytes": 819200,
      "verified_cold_reads": 200,
      "verified_warm_reads": 200
    },
    {
      "aggregate_read_blake3": "017b47bfab27f4a6591dcece1281e586647cdcc762dadbad0590bc93c8469a2b",
      "original": {
        "p50_ms": 0.003916,
        "p95_ms": 0.004417,
        "p99_ms": 0.005291,
        "samples": 200
      },
      "playsparse_chunk_cache_cold": {
        "p50_ms": 0.30945799999999996,
        "p95_ms": 0.461959,
        "p99_ms": 0.895125,
        "samples": 200
      },
      "playsparse_warm_replay": {
        "p50_ms": 0.002041,
        "p95_ms": 0.2745,
        "p99_ms": 0.456875,
        "samples": 200
      },
      "raw_bytes_loaded": 137560276,
      "read_amplification": 10.652359369740282,
      "read_bytes": 65536,
      "requested_bytes": 12913597,
      "verified_cold_reads": 200,
      "verified_warm_reads": 200
    },
    {
      "aggregate_read_blake3": "ab3b5a3a1322f2aa29ae0fb9e168491b70526cc90ae7cfc081b6eb06bf54786a",
      "original": {
        "p50_ms": 0.053959,
        "p95_ms": 0.074,
        "p99_ms": 1.885041,
        "samples": 200
      },
      "playsparse_chunk_cache_cold": {
        "p50_ms": 0.663583,
        "p95_ms": 0.9315,
        "p99_ms": 1.032084,
        "samples": 200
      },
      "playsparse_warm_replay": {
        "p50_ms": 0.017915999999999998,
        "p95_ms": 0.685334,
        "p99_ms": 0.789958,
        "samples": 200
      },
      "raw_bytes_loaded": 278886583,
      "read_amplification": 1.6157461205975376,
      "read_bytes": 1048576,
      "requested_bytes": 172605448,
      "verified_cold_reads": 200,
      "verified_warm_reads": 200
    }
  ]
}
