{
  "allocated_bytes": 25755648,
  "arch": "aarch64",
  "cold_cache": {
    "decompressions": 1474,
    "decompressions_avoided": 0,
    "evictions": 0,
    "hit_ratio": 0.0,
    "hits": 0,
    "in_flight_waits": 0,
    "misses": 1474,
    "peak_resident_bytes": 0,
    "prefetch_bytes_loaded": 0,
    "prefetch_chunks_loaded": 0,
    "prefetch_dropped": 0,
    "prefetch_duplicates": 0,
    "prefetch_errors": 0,
    "prefetch_expired": 0,
    "prefetch_hits": 0,
    "prefetch_peak_reserved_bytes": 0,
    "prefetch_queue_high_watermark": 0,
    "prefetch_requests": 0,
    "prefetch_reserved_bytes": 0,
    "prefetch_resident_unconsumed_bytes": 0,
    "prefetch_skipped": 0,
    "prefetch_useful_bytes": 0,
    "prefetch_wasted_bytes": 0,
    "raw_bytes_loaded": 378595674,
    "resident_bytes": 0,
    "resident_entries": 0
  },
  "cold_definition": "decompressed chunk cache disabled; OS page cache is uncontrolled, not disk-cold",
  "filesystem_entries": 8,
  "iterations": 200,
  "kind": "direct range resolver benchmark (not mounted I/O)",
  "logical_bytes": 43004303,
  "native_filesystem_compression_baseline": "Windows WOF measurement required; not available on this OS",
  "object_lookup": {
    "p50_ms": 0.000041,
    "p95_ms": 0.000125,
    "p99_ms": 0.000167,
    "samples": 200
  },
  "os": "macos",
  "peak_rss_bytes": 31424512,
  "physical_bytes": 25744889,
  "physical_bytes_definition": "sum of encoded store file lengths; allocated_bytes measures POSIX blocks separately",
  "process_cpu_seconds": 0.468978,
  "random_chunk_read": {
    "p50_ms": 0.12449999999999999,
    "p95_ms": 0.14191700000000002,
    "p99_ms": 0.147083,
    "samples": 200
  },
  "requested_random_bytes": 186338245,
  "sequential": {
    "blake3": "b1dac0474342032592cc926458d3d92d09b8bb1df96131ee30abfd34a5c03f5f",
    "bytes_equal": true,
    "original_mib_s": 2006.9004906281539,
    "playsparse_mib_s": 1008.1585439792304
  },
  "store_open_first_ms": 0.285875,
  "store_open_repeat_ms": 0.21854099999999999,
  "wall_seconds": 0.499365625,
  "warm_cache": {
    "decompressions": 575,
    "decompressions_avoided": 2043,
    "evictions": 511,
    "hit_ratio": 0.780366692131398,
    "hits": 2043,
    "in_flight_waits": 0,
    "misses": 575,
    "peak_resident_bytes": 16695296,
    "prefetch_bytes_loaded": 0,
    "prefetch_chunks_loaded": 0,
    "prefetch_dropped": 0,
    "prefetch_duplicates": 0,
    "prefetch_errors": 0,
    "prefetch_expired": 0,
    "prefetch_hits": 0,
    "prefetch_peak_reserved_bytes": 0,
    "prefetch_queue_high_watermark": 0,
    "prefetch_requests": 0,
    "prefetch_reserved_bytes": 0,
    "prefetch_resident_unconsumed_bytes": 0,
    "prefetch_skipped": 0,
    "prefetch_useful_bytes": 0,
    "prefetch_wasted_bytes": 0,
    "raw_bytes_loaded": 149645658,
    "resident_bytes": 16695296,
    "resident_entries": 64
  },
  "workloads": [
    {
      "aggregate_read_blake3": "e1eb5cf67df117645c5a06408d9a34501bf7379465be2f5bf1110348c2c3002b",
      "original": {
        "p50_ms": 0.001,
        "p95_ms": 0.001667,
        "p99_ms": 0.0022500000000000003,
        "samples": 200
      },
      "playsparse_chunk_cache_cold": {
        "p50_ms": 0.1275,
        "p95_ms": 0.16558299999999998,
        "p99_ms": 0.251708,
        "samples": 200
      },
      "playsparse_warm_replay": {
        "p50_ms": 0.001084,
        "p95_ms": 0.140209,
        "p99_ms": 0.15445899999999999,
        "samples": 200
      },
      "raw_bytes_loaded": 52330496,
      "read_amplification": 63.88,
      "read_bytes": 4096,
      "requested_bytes": 819200,
      "verified_cold_reads": 200,
      "verified_warm_reads": 200
    },
    {
      "aggregate_read_blake3": "017b47bfab27f4a6591dcece1281e586647cdcc762dadbad0590bc93c8469a2b",
      "original": {
        "p50_ms": 0.004167,
        "p95_ms": 0.006458,
        "p99_ms": 0.007666999999999999,
        "samples": 200
      },
      "playsparse_chunk_cache_cold": {
        "p50_ms": 0.13549999999999998,
        "p95_ms": 0.282666,
        "p99_ms": 0.29720799999999997,
        "samples": 200
      },
      "playsparse_warm_replay": {
        "p50_ms": 0.0022919999999999998,
        "p95_ms": 0.144125,
        "p99_ms": 0.260583,
        "samples": 200
      },
      "raw_bytes_loaded": 66347806,
      "read_amplification": 5.13782534796463,
      "read_bytes": 65536,
      "requested_bytes": 12913597,
      "verified_cold_reads": 200,
      "verified_warm_reads": 200
    },
    {
      "aggregate_read_blake3": "ab3b5a3a1322f2aa29ae0fb9e168491b70526cc90ae7cfc081b6eb06bf54786a",
      "original": {
        "p50_ms": 0.058165999999999995,
        "p95_ms": 0.079666,
        "p99_ms": 0.111666,
        "samples": 200
      },
      "playsparse_chunk_cache_cold": {
        "p50_ms": 0.644417,
        "p95_ms": 0.7595,
        "p99_ms": 0.86425,
        "samples": 200
      },
      "playsparse_warm_replay": {
        "p50_ms": 0.018292,
        "p95_ms": 0.629167,
        "p99_ms": 0.676125,
        "samples": 200
      },
      "raw_bytes_loaded": 216913069,
      "read_amplification": 1.2566988557626524,
      "read_bytes": 1048576,
      "requested_bytes": 172605448,
      "verified_cold_reads": 200,
      "verified_warm_reads": 200
    }
  ]
}
