{
  "allocated_bytes": 25755648,
  "arch": "aarch64",
  "cold_cache": {
    "decompressions": 1474,
    "decompressions_avoided": 0,
    "evictions": 0,
    "hit_ratio": 0.0,
    "hits": 0,
    "in_flight_waits": 0,
    "misses": 1474,
    "peak_resident_bytes": 0,
    "prefetch_bytes_loaded": 0,
    "prefetch_chunks_loaded": 0,
    "prefetch_dropped": 0,
    "prefetch_duplicates": 0,
    "prefetch_errors": 0,
    "prefetch_expired": 0,
    "prefetch_hits": 0,
    "prefetch_peak_reserved_bytes": 0,
    "prefetch_queue_high_watermark": 0,
    "prefetch_requests": 0,
    "prefetch_reserved_bytes": 0,
    "prefetch_resident_unconsumed_bytes": 0,
    "prefetch_skipped": 0,
    "prefetch_useful_bytes": 0,
    "prefetch_wasted_bytes": 0,
    "raw_bytes_loaded": 378595674,
    "resident_bytes": 0,
    "resident_entries": 0
  },
  "cold_definition": "decompressed chunk cache disabled; OS page cache is uncontrolled, not disk-cold",
  "filesystem_entries": 8,
  "iterations": 200,
  "kind": "direct range resolver benchmark (not mounted I/O)",
  "logical_bytes": 43004303,
  "native_filesystem_compression_baseline": "Windows WOF measurement required; not available on this OS",
  "object_lookup": {
    "p50_ms": 0.000041,
    "p95_ms": 0.000167,
    "p99_ms": 0.00033299999999999996,
    "samples": 200
  },
  "os": "macos",
  "peak_rss_bytes": 31981568,
  "physical_bytes": 25744889,
  "physical_bytes_definition": "sum of encoded store file lengths; allocated_bytes measures POSIX blocks separately",
  "process_cpu_seconds": 0.473492,
  "random_chunk_read": {
    "p50_ms": 0.128417,
    "p95_ms": 0.153167,
    "p99_ms": 0.17075,
    "samples": 200
  },
  "requested_random_bytes": 186338245,
  "sequential": {
    "blake3": "b1dac0474342032592cc926458d3d92d09b8bb1df96131ee30abfd34a5c03f5f",
    "bytes_equal": true,
    "original_mib_s": 1973.0161049744904,
    "playsparse_mib_s": 985.8430773453282
  },
  "store_open_first_ms": 0.321459,
  "store_open_repeat_ms": 0.234708,
  "wall_seconds": 0.502195125,
  "warm_cache": {
    "decompressions": 575,
    "decompressions_avoided": 2043,
    "evictions": 511,
    "hit_ratio": 0.780366692131398,
    "hits": 2043,
    "in_flight_waits": 0,
    "misses": 575,
    "peak_resident_bytes": 16695296,
    "prefetch_bytes_loaded": 0,
    "prefetch_chunks_loaded": 0,
    "prefetch_dropped": 0,
    "prefetch_duplicates": 0,
    "prefetch_errors": 0,
    "prefetch_expired": 0,
    "prefetch_hits": 0,
    "prefetch_peak_reserved_bytes": 0,
    "prefetch_queue_high_watermark": 0,
    "prefetch_requests": 0,
    "prefetch_reserved_bytes": 0,
    "prefetch_resident_unconsumed_bytes": 0,
    "prefetch_skipped": 0,
    "prefetch_useful_bytes": 0,
    "prefetch_wasted_bytes": 0,
    "raw_bytes_loaded": 149645658,
    "resident_bytes": 16695296,
    "resident_entries": 64
  },
  "workloads": [
    {
      "aggregate_read_blake3": "e1eb5cf67df117645c5a06408d9a34501bf7379465be2f5bf1110348c2c3002b",
      "original": {
        "p50_ms": 0.001083,
        "p95_ms": 0.00175,
        "p99_ms": 0.012667,
        "samples": 200
      },
      "playsparse_chunk_cache_cold": {
        "p50_ms": 0.12795800000000002,
        "p95_ms": 0.17775000000000002,
        "p99_ms": 0.267375,
        "samples": 200
      },
      "playsparse_warm_replay": {
        "p50_ms": 0.0006670000000000001,
        "p95_ms": 0.136625,
        "p99_ms": 0.15104199999999998,
        "samples": 200
      },
      "raw_bytes_loaded": 52330496,
      "read_amplification": 63.88,
      "read_bytes": 4096,
      "requested_bytes": 819200,
      "verified_cold_reads": 200,
      "verified_warm_reads": 200
    },
    {
      "aggregate_read_blake3": "017b47bfab27f4a6591dcece1281e586647cdcc762dadbad0590bc93c8469a2b",
      "original": {
        "p50_ms": 0.004333,
        "p95_ms": 0.006042,
        "p99_ms": 0.021916,
        "samples": 200
      },
      "playsparse_chunk_cache_cold": {
        "p50_ms": 0.133542,
        "p95_ms": 0.28162499999999996,
        "p99_ms": 0.314917,
        "samples": 200
      },
      "playsparse_warm_replay": {
        "p50_ms": 0.002291,
        "p95_ms": 0.135083,
        "p99_ms": 0.248709,
        "samples": 200
      },
      "raw_bytes_loaded": 66347806,
      "read_amplification": 5.13782534796463,
      "read_bytes": 65536,
      "requested_bytes": 12913597,
      "verified_cold_reads": 200,
      "verified_warm_reads": 200
    },
    {
      "aggregate_read_blake3": "ab3b5a3a1322f2aa29ae0fb9e168491b70526cc90ae7cfc081b6eb06bf54786a",
      "original": {
        "p50_ms": 0.058125,
        "p95_ms": 0.085459,
        "p99_ms": 0.143333,
        "samples": 200
      },
      "playsparse_chunk_cache_cold": {
        "p50_ms": 0.6465000000000001,
        "p95_ms": 0.732625,
        "p99_ms": 0.8515830000000001,
        "samples": 200
      },
      "playsparse_warm_replay": {
        "p50_ms": 0.018583000000000002,
        "p95_ms": 0.639958,
        "p99_ms": 0.825958,
        "samples": 200
      },
      "raw_bytes_loaded": 216913069,
      "read_amplification": 1.2566988557626524,
      "read_bytes": 1048576,
      "requested_bytes": 172605448,
      "verified_cold_reads": 200,
      "verified_warm_reads": 200
    }
  ]
}
