{
  "allocated_bytes": 25751552,
  "arch": "aarch64",
  "cold_cache": {
    "decompressions": 1169,
    "decompressions_avoided": 0,
    "evictions": 0,
    "hit_ratio": 0.0,
    "hits": 0,
    "in_flight_waits": 0,
    "misses": 1169,
    "peak_resident_bytes": 0,
    "prefetch_bytes_loaded": 0,
    "prefetch_chunks_loaded": 0,
    "prefetch_dropped": 0,
    "prefetch_duplicates": 0,
    "prefetch_errors": 0,
    "prefetch_expired": 0,
    "prefetch_hits": 0,
    "prefetch_peak_reserved_bytes": 0,
    "prefetch_queue_high_watermark": 0,
    "prefetch_requests": 0,
    "prefetch_reserved_bytes": 0,
    "prefetch_resident_unconsumed_bytes": 0,
    "prefetch_skipped": 0,
    "prefetch_useful_bytes": 0,
    "prefetch_wasted_bytes": 0,
    "raw_bytes_loaded": 594289634,
    "resident_bytes": 0,
    "resident_entries": 0
  },
  "cold_definition": "decompressed chunk cache disabled; OS page cache is uncontrolled, not disk-cold",
  "filesystem_entries": 8,
  "iterations": 200,
  "kind": "direct range resolver benchmark (not mounted I/O)",
  "logical_bytes": 43004303,
  "native_filesystem_compression_baseline": "Windows WOF measurement required; not available on this OS",
  "object_lookup": {
    "p50_ms": 0.0,
    "p95_ms": 0.000042,
    "p99_ms": 0.000083,
    "samples": 200
  },
  "os": "macos",
  "peak_rss_bytes": 37765120,
  "physical_bytes": 25737778,
  "physical_bytes_definition": "sum of encoded store file lengths; allocated_bytes measures POSIX blocks separately",
  "process_cpu_seconds": 0.5881839999999999,
  "random_chunk_read": {
    "p50_ms": 0.13774999999999998,
    "p95_ms": 0.419916,
    "p99_ms": 0.473458,
    "samples": 200
  },
  "requested_random_bytes": 186338245,
  "sequential": {
    "blake3": "b1dac0474342032592cc926458d3d92d09b8bb1df96131ee30abfd34a5c03f5f",
    "bytes_equal": true,
    "original_mib_s": 2087.926652210882,
    "playsparse_mib_s": 892.0513713952071
  },
  "store_open_first_ms": 0.307208,
  "store_open_repeat_ms": 0.23591700000000002,
  "wall_seconds": 0.623712833,
  "warm_cache": {
    "decompressions": 726,
    "decompressions_avoided": 1332,
    "evictions": 675,
    "hit_ratio": 0.6472303206997084,
    "hits": 1332,
    "in_flight_waits": 0,
    "misses": 726,
    "peak_resident_bytes": 16776639,
    "prefetch_bytes_loaded": 0,
    "prefetch_chunks_loaded": 0,
    "prefetch_dropped": 0,
    "prefetch_duplicates": 0,
    "prefetch_errors": 0,
    "prefetch_expired": 0,
    "prefetch_hits": 0,
    "prefetch_peak_reserved_bytes": 0,
    "prefetch_queue_high_watermark": 0,
    "prefetch_requests": 0,
    "prefetch_reserved_bytes": 0,
    "prefetch_resident_unconsumed_bytes": 0,
    "prefetch_skipped": 0,
    "prefetch_useful_bytes": 0,
    "prefetch_wasted_bytes": 0,
    "raw_bytes_loaded": 233481552,
    "resident_bytes": 16594683,
    "resident_entries": 51
  },
  "workloads": [
    {
      "aggregate_read_blake3": "e1eb5cf67df117645c5a06408d9a34501bf7379465be2f5bf1110348c2c3002b",
      "original": {
        "p50_ms": 0.000958,
        "p95_ms": 0.001458,
        "p99_ms": 0.001791,
        "samples": 200
      },
      "playsparse_chunk_cache_cold": {
        "p50_ms": 0.306458,
        "p95_ms": 0.480042,
        "p99_ms": 0.516458,
        "samples": 200
      },
      "playsparse_warm_replay": {
        "p50_ms": 0.000583,
        "p95_ms": 0.19225,
        "p99_ms": 0.446792,
        "samples": 200
      },
      "raw_bytes_loaded": 124436512,
      "read_amplification": 151.9000390625,
      "read_bytes": 4096,
      "requested_bytes": 819200,
      "verified_cold_reads": 200,
      "verified_warm_reads": 200
    },
    {
      "aggregate_read_blake3": "017b47bfab27f4a6591dcece1281e586647cdcc762dadbad0590bc93c8469a2b",
      "original": {
        "p50_ms": 0.003875,
        "p95_ms": 0.004416,
        "p99_ms": 0.004541,
        "samples": 200
      },
      "playsparse_chunk_cache_cold": {
        "p50_ms": 0.31254200000000004,
        "p95_ms": 0.477125,
        "p99_ms": 0.924041,
        "samples": 200
      },
      "playsparse_warm_replay": {
        "p50_ms": 0.002,
        "p95_ms": 0.24895899999999999,
        "p99_ms": 0.466916,
        "samples": 200
      },
      "raw_bytes_loaded": 133782362,
      "read_amplification": 10.359806179486629,
      "read_bytes": 65536,
      "requested_bytes": 12913597,
      "verified_cold_reads": 200,
      "verified_warm_reads": 200
    },
    {
      "aggregate_read_blake3": "ab3b5a3a1322f2aa29ae0fb9e168491b70526cc90ae7cfc081b6eb06bf54786a",
      "original": {
        "p50_ms": 0.053708,
        "p95_ms": 0.062375,
        "p99_ms": 0.066083,
        "samples": 200
      },
      "playsparse_chunk_cache_cold": {
        "p50_ms": 0.659583,
        "p95_ms": 0.9616250000000001,
        "p99_ms": 1.0145410000000001,
        "samples": 200
      },
      "playsparse_warm_replay": {
        "p50_ms": 0.017374999999999998,
        "p95_ms": 0.664708,
        "p99_ms": 0.7870419999999999,
        "samples": 200
      },
      "raw_bytes_loaded": 275951479,
      "read_amplification": 1.5987414197957412,
      "read_bytes": 1048576,
      "requested_bytes": 172605448,
      "verified_cold_reads": 200,
      "verified_warm_reads": 200
    }
  ]
}
