{
  "schema": 1,
  "os": "linux",
  "arch": "x86_64",
  "original": "/tmp/playsparse-posix-ci/tiers/source",
  "iterations_per_thread": 4,
  "sequential_limit_per_file": 1048576,
  "page_cache_policy": "OS caches are not cleared; sequential and earlier workloads may warm later reads",
  "equality": "ORIGINAL == CANDIDATE for every measured byte read",
  "comparisons": [
    {
      "candidate": "/tmp/playsparse-posix-ci/tiers/mounted",
      "logical_bytes": 11999219,
      "files": 9,
      "directory_enumeration_equal": true,
      "workloads": [
        {
          "name": "open",
          "read_bytes": 0,
          "threads": 1,
          "original": {
            "operations": 36,
            "bytes": 288,
            "p50_ms": 0.00525,
            "p95_ms": 0.006973,
            "p99_ms": 0.007995,
            "measured_operation_seconds": 0.000194175,
            "throughput_mib_s": 1.4144879779837776,
            "blake3": "772b56b97311776d6655a41c539220b2847d5ad13cb21974c333a2689409f07d",
            "errors": 0
          },
          "candidate": {
            "operations": 36,
            "bytes": 288,
            "p50_ms": 0.101619,
            "p95_ms": 0.238215,
            "p99_ms": 0.239207,
            "measured_operation_seconds": 0.004376025,
            "throughput_mib_s": 0.06276431307522237,
            "blake3": "772b56b97311776d6655a41c539220b2847d5ad13cb21974c333a2689409f07d",
            "errors": 0
          },
          "bytes_equal": true,
          "wall_seconds": 0.007308691
        },
        {
          "name": "stat",
          "read_bytes": 0,
          "threads": 1,
          "original": {
            "operations": 36,
            "bytes": 288,
            "p50_ms": 0.003257,
            "p95_ms": 0.0051,
            "p99_ms": 0.005139,
            "measured_operation_seconds": 0.000125849,
            "throughput_mib_s": 2.1824424757050114,
            "blake3": "772b56b97311776d6655a41c539220b2847d5ad13cb21974c333a2689409f07d",
            "errors": 0
          },
          "candidate": {
            "operations": 36,
            "bytes": 288,
            "p50_ms": 0.072876,
            "p95_ms": 0.135262,
            "p99_ms": 0.147085,
            "measured_operation_seconds": 0.003297979,
            "throughput_mib_s": 0.08328076168010773,
            "blake3": "772b56b97311776d6655a41c539220b2847d5ad13cb21974c333a2689409f07d",
            "errors": 0
          },
          "bytes_equal": true,
          "wall_seconds": 0.00344263
        },
        {
          "name": "sequential",
          "read_bytes": 1048576,
          "threads": 1,
          "original": {
            "operations": 8,
            "bytes": 6291569,
            "p50_ms": 0.405508,
            "p95_ms": 0.847172,
            "p99_ms": 0.847172,
            "measured_operation_seconds": 0.002991587,
            "throughput_mib_s": 2005.660462222143,
            "blake3": "99413ade92be25caf551f9efd58867a97af2dd4d0f6b2f350fc42c6bd7d2d008",
            "errors": 0
          },
          "candidate": {
            "operations": 8,
            "bytes": 6291569,
            "p50_ms": 1.219808,
            "p95_ms": 1.798459,
            "p99_ms": 1.798459,
            "measured_operation_seconds": 0.008009217,
            "throughput_mib_s": 749.1503557960476,
            "blake3": "99413ade92be25caf551f9efd58867a97af2dd4d0f6b2f350fc42c6bd7d2d008",
            "errors": 0
          },
          "bytes_equal": true,
          "wall_seconds": 0.017734905
        },
        {
          "name": "random",
          "read_bytes": 4096,
          "threads": 1,
          "original": {
            "operations": 10,
            "bytes": 28709,
            "p50_ms": 0.002755,
            "p95_ms": 0.01065,
            "p99_ms": 0.01065,
            "measured_operation_seconds": 0.000036549,
            "throughput_mib_s": 749.1049262553568,
            "blake3": "6471cbd9f22faefac68c462a7714d1abb3710996fe7f164587aff9d90abb3bc4",
            "errors": 0
          },
          "candidate": {
            "operations": 10,
            "bytes": 28709,
            "p50_ms": 0.046326,
            "p95_ms": 0.092032,
            "p99_ms": 0.092032,
            "measured_operation_seconds": 0.000461739,
            "throughput_mib_s": 59.295480671346866,
            "blake3": "6471cbd9f22faefac68c462a7714d1abb3710996fe7f164587aff9d90abb3bc4",
            "errors": 0
          },
          "bytes_equal": true,
          "wall_seconds": 0.00105938
        },
        {
          "name": "random",
          "read_bytes": 4096,
          "threads": 2,
          "original": {
            "operations": 20,
            "bytes": 57418,
            "p50_ms": 0.002415,
            "p95_ms": 0.004979,
            "p99_ms": 0.005781,
            "measured_operation_seconds": 0.000053953,
            "throughput_mib_s": 1014.9217263064901,
            "blake3": "94ede774da4d7dca6038cba3df1b6b52f75cf94ab880b8f59b21a7f2a2001220",
            "errors": 0
          },
          "candidate": {
            "operations": 20,
            "bytes": 57418,
            "p50_ms": 0.039514,
            "p95_ms": 0.08578,
            "p99_ms": 0.096841,
            "measured_operation_seconds": 0.000833305,
            "throughput_mib_s": 65.71192048459335,
            "blake3": "94ede774da4d7dca6038cba3df1b6b52f75cf94ab880b8f59b21a7f2a2001220",
            "errors": 0
          },
          "bytes_equal": true,
          "wall_seconds": 0.001117297
        },
        {
          "name": "random",
          "read_bytes": 4096,
          "threads": 4,
          "original": {
            "operations": 40,
            "bytes": 114836,
            "p50_ms": 0.002464,
            "p95_ms": 0.006302,
            "p99_ms": 0.014798,
            "measured_operation_seconds": 0.000121325,
            "throughput_mib_s": 902.6675771591026,
            "blake3": "53151a624643b2127bfcac28bcf1ca4bccfb4daffb1e4f4dbdc9350ce3373dfc",
            "errors": 0
          },
          "candidate": {
            "operations": 40,
            "bytes": 114836,
            "p50_ms": 0.046177,
            "p95_ms": 0.091962,
            "p99_ms": 0.115526,
            "measured_operation_seconds": 0.001945445,
            "throughput_mib_s": 56.29362115034253,
            "blake3": "53151a624643b2127bfcac28bcf1ca4bccfb4daffb1e4f4dbdc9350ce3373dfc",
            "errors": 0
          },
          "bytes_equal": true,
          "wall_seconds": 0.001302089
        },
        {
          "name": "random",
          "read_bytes": 4096,
          "threads": 8,
          "original": {
            "operations": 80,
            "bytes": 229672,
            "p50_ms": 0.002475,
            "p95_ms": 0.006522,
            "p99_ms": 0.055123,
            "measured_operation_seconds": 0.000307651,
            "throughput_mib_s": 711.9505140488939,
            "blake3": "27501d7b1f3e07e776bc205a121779d7a9d0b66aa1f18a338fdc67a0acc2917a",
            "errors": 0
          },
          "candidate": {
            "operations": 80,
            "bytes": 229672,
            "p50_ms": 0.06966,
            "p95_ms": 0.155281,
            "p99_ms": 0.316281,
            "measured_operation_seconds": 0.006044034,
            "throughput_mib_s": 36.239420161709255,
            "blake3": "27501d7b1f3e07e776bc205a121779d7a9d0b66aa1f18a338fdc67a0acc2917a",
            "errors": 0
          },
          "bytes_equal": true,
          "wall_seconds": 0.002268289
        },
        {
          "name": "random",
          "read_bytes": 4096,
          "threads": 16,
          "original": {
            "operations": 160,
            "bytes": 459344,
            "p50_ms": 0.002554,
            "p95_ms": 0.014948,
            "p99_ms": 0.153327,
            "measured_operation_seconds": 0.001017839,
            "throughput_mib_s": 430.3869032286172,
            "blake3": "58e354faa531553f5b66a5d855c249acf5dd0a483fe4a9421efb02dbdd95f05e",
            "errors": 0
          },
          "candidate": {
            "operations": 160,
            "bytes": 459344,
            "p50_ms": 0.099445,
            "p95_ms": 0.408375,
            "p99_ms": 0.583697,
            "measured_operation_seconds": 0.022112731,
            "throughput_mib_s": 19.810514368185117,
            "blake3": "58e354faa531553f5b66a5d855c249acf5dd0a483fe4a9421efb02dbdd95f05e",
            "errors": 0
          },
          "bytes_equal": true,
          "wall_seconds": 0.00442229
        },
        {
          "name": "random",
          "read_bytes": 65536,
          "threads": 1,
          "original": {
            "operations": 10,
            "bytes": 458789,
            "p50_ms": 0.008947,
            "p95_ms": 0.037971,
            "p99_ms": 0.037971,
            "measured_operation_seconds": 0.000121667,
            "throughput_mib_s": 3596.170579941209,
            "blake3": "8b62663d7eb47d98d324b478b2f607e6adb90f201aa9aec6ae8af320600bbb4d",
            "errors": 0
          },
          "candidate": {
            "operations": 10,
            "bytes": 458789,
            "p50_ms": 0.071814,
            "p95_ms": 0.136936,
            "p99_ms": 0.136936,
            "measured_operation_seconds": 0.000634448,
            "throughput_mib_s": 689.6314370125007,
            "blake3": "8b62663d7eb47d98d324b478b2f607e6adb90f201aa9aec6ae8af320600bbb4d",
            "errors": 0
          },
          "bytes_equal": true,
          "wall_seconds": 0.001334262
        },
        {
          "name": "random",
          "read_bytes": 65536,
          "threads": 2,
          "original": {
            "operations": 20,
            "bytes": 917578,
            "p50_ms": 0.007024,
            "p95_ms": 0.014557,
            "p99_ms": 0.036177,
            "measured_operation_seconds": 0.000161671,
            "throughput_mib_s": 5412.6625795560985,
            "blake3": "0db33d2a49ccdee566d52b15f04056b8004a0888f60d58f0c5680c5f894caa77",
            "errors": 0
          },
          "candidate": {
            "operations": 20,
            "bytes": 917578,
            "p50_ms": 0.080919,
            "p95_ms": 0.138272,
            "p99_ms": 0.144793,
            "measured_operation_seconds": 0.001409514,
            "throughput_mib_s": 620.8314155797062,
            "blake3": "0db33d2a49ccdee566d52b15f04056b8004a0888f60d58f0c5680c5f894caa77",
            "errors": 0
          },
          "bytes_equal": true,
          "wall_seconds": 0.001601732
        },
        {
          "name": "random",
          "read_bytes": 65536,
          "threads": 4,
          "original": {
            "operations": 40,
            "bytes": 1835156,
            "p50_ms": 0.008966,
            "p95_ms": 0.037991,
            "p99_ms": 0.042078,
            "measured_operation_seconds": 0.000430858,
            "throughput_mib_s": 4061.9905950425155,
            "blake3": "89e891c89ef3cddddb0743d7d2e65ea414493e15822ea5be375e1896a89a7da4",
            "errors": 0
          },
          "candidate": {
            "operations": 40,
            "bytes": 1835156,
            "p50_ms": 0.105227,
            "p95_ms": 0.177462,
            "p99_ms": 0.239157,
            "measured_operation_seconds": 0.003760237,
            "throughput_mib_s": 465.43373297981697,
            "blake3": "89e891c89ef3cddddb0743d7d2e65ea414493e15822ea5be375e1896a89a7da4",
            "errors": 0
          },
          "bytes_equal": true,
          "wall_seconds": 0.002298102
        },
        {
          "name": "random",
          "read_bytes": 65536,
          "threads": 8,
          "original": {
            "operations": 80,
            "bytes": 3670312,
            "p50_ms": 0.007694,
            "p95_ms": 0.016972,
            "p99_ms": 0.037941,
            "measured_operation_seconds": 0.000749543,
            "throughput_mib_s": 4669.888568898191,
            "blake3": "57492ec21155cf0239676456f0db2f6d673b40df6f7f0af4e459f13a22e1f970",
            "errors": 0
          },
          "candidate": {
            "operations": 80,
            "bytes": 3670312,
            "p50_ms": 0.165068,
            "p95_ms": 0.434642,
            "p99_ms": 0.758737,
            "measured_operation_seconds": 0.014475397,
            "throughput_mib_s": 241.80907007922866,
            "blake3": "57492ec21155cf0239676456f0db2f6d673b40df6f7f0af4e459f13a22e1f970",
            "errors": 0
          },
          "bytes_equal": true,
          "wall_seconds": 0.003944501
        },
        {
          "name": "random",
          "read_bytes": 65536,
          "threads": 16,
          "original": {
            "operations": 160,
            "bytes": 7300794,
            "p50_ms": 0.007634,
            "p95_ms": 0.040856,
            "p99_ms": 0.17109,
            "measured_operation_seconds": 0.002109178,
            "throughput_mib_s": 3301.086834384225,
            "blake3": "3e16f3f80247841cd2b191367f582f16660446632e4359efd2e2c27bfefbb770",
            "errors": 0
          },
          "candidate": {
            "operations": 160,
            "bytes": 7300794,
            "p50_ms": 0.24809,
            "p95_ms": 0.926521,
            "p99_ms": 1.325426,
            "measured_operation_seconds": 0.051900278,
            "throughput_mib_s": 134.15303338399943,
            "blake3": "3e16f3f80247841cd2b191367f582f16660446632e4359efd2e2c27bfefbb770",
            "errors": 0
          },
          "bytes_equal": true,
          "wall_seconds": 0.00678895
        },
        {
          "name": "random",
          "read_bytes": 1048576,
          "threads": 1,
          "original": {
            "operations": 10,
            "bytes": 7340069,
            "p50_ms": 0.078316,
            "p95_ms": 0.617113,
            "p99_ms": 0.617113,
            "measured_operation_seconds": 0.001251628,
            "throughput_mib_s": 5592.74423866333,
            "blake3": "97574e163630ee65b0ebaaccab89616a9b485e640a9737d8ecef90a2a6e6de69",
            "errors": 0
          },
          "candidate": {
            "operations": 10,
            "bytes": 7340069,
            "p50_ms": 0.109965,
            "p95_ms": 0.92088,
            "p99_ms": 0.92088,
            "measured_operation_seconds": 0.002449173,
            "throughput_mib_s": 2858.122021576143,
            "blake3": "97574e163630ee65b0ebaaccab89616a9b485e640a9737d8ecef90a2a6e6de69",
            "errors": 0
          },
          "bytes_equal": true,
          "wall_seconds": 0.00858229
        },
        {
          "name": "random",
          "read_bytes": 1048576,
          "threads": 2,
          "original": {
            "operations": 20,
            "bytes": 14680138,
            "p50_ms": 0.094196,
            "p95_ms": 0.136364,
            "p99_ms": 0.577769,
            "measured_operation_seconds": 0.002191981,
            "throughput_mib_s": 6386.948870405087,
            "blake3": "fbe90a7e4b898bb2f03a3996b9a75538709621cb3d8c39b72f390ca918b2ab0b",
            "errors": 0
          },
          "candidate": {
            "operations": 20,
            "bytes": 14680138,
            "p50_ms": 0.142406,
            "p95_ms": 0.742106,
            "p99_ms": 1.358848,
            "measured_operation_seconds": 0.005806605,
            "throughput_mib_s": 2411.059573003401,
            "blake3": "fbe90a7e4b898bb2f03a3996b9a75538709621cb3d8c39b72f390ca918b2ab0b",
            "errors": 0
          },
          "bytes_equal": true,
          "wall_seconds": 0.009420038
        },
        {
          "name": "random",
          "read_bytes": 1048576,
          "threads": 4,
          "original": {
            "operations": 40,
            "bytes": 28493966,
            "p50_ms": 0.103393,
            "p95_ms": 0.64242,
            "p99_ms": 0.791345,
            "measured_operation_seconds": 0.005318357,
            "throughput_mib_s": 5109.465864505321,
            "blake3": "f278104f96db40ce878563bb95a4480647aa9810b75f895b81dba721520cf08a",
            "errors": 0
          },
          "candidate": {
            "operations": 40,
            "bytes": 28493966,
            "p50_ms": 0.106119,
            "p95_ms": 0.915367,
            "p99_ms": 2.772508,
            "measured_operation_seconds": 0.012138355,
            "throughput_mib_s": 2238.685847196999,
            "blake3": "f278104f96db40ce878563bb95a4480647aa9810b75f895b81dba721520cf08a",
            "errors": 0
          },
          "bytes_equal": true,
          "wall_seconds": 0.011768531
        },
        {
          "name": "random",
          "read_bytes": 1048576,
          "threads": 8,
          "original": {
            "operations": 80,
            "bytes": 57499746,
            "p50_ms": 0.093816,
            "p95_ms": 0.199503,
            "p99_ms": 1.648219,
            "measured_operation_seconds": 0.0104047,
            "throughput_mib_s": 5270.313508326334,
            "blake3": "9d9f984938e3b158ebbbd4b43b8b175fb741eb105ee4b2ed008da2aa966bb1f7",
            "errors": 0
          },
          "candidate": {
            "operations": 80,
            "bytes": 57499746,
            "p50_ms": 0.103082,
            "p95_ms": 1.891633,
            "p99_ms": 6.16761,
            "measured_operation_seconds": 0.039525253,
            "throughput_mib_s": 1387.3669818149679,
            "blake3": "9d9f984938e3b158ebbbd4b43b8b175fb741eb105ee4b2ed008da2aa966bb1f7",
            "errors": 0
          },
          "bytes_equal": true,
          "wall_seconds": 0.021508062
        },
        {
          "name": "random",
          "read_bytes": 1048576,
          "threads": 16,
          "original": {
            "operations": 160,
            "bytes": 109070864,
            "p50_ms": 0.101199,
            "p95_ms": 0.461371,
            "p99_ms": 9.67141,
            "measured_operation_seconds": 0.047329331,
            "throughput_mib_s": 2197.750939370748,
            "blake3": "4f9ce51376fbb12acebc4e8ad6fc062e3a42a12602fbe7eff54788ee3a8ed1cc",
            "errors": 0
          },
          "candidate": {
            "operations": 160,
            "bytes": 109070864,
            "p50_ms": 0.126587,
            "p95_ms": 6.60682,
            "p99_ms": 25.049319,
            "measured_operation_seconds": 0.232229538,
            "throughput_mib_s": 447.9106428960775,
            "blake3": "4f9ce51376fbb12acebc4e8ad6fc062e3a42a12602fbe7eff54788ee3a8ed1cc",
            "errors": 0
          },
          "bytes_equal": true,
          "wall_seconds": 0.039420601
        },
        {
          "name": "mmap_random_pages",
          "read_bytes": 4096,
          "threads": 1,
          "original": {
            "operations": 10,
            "bytes": 28711,
            "p50_ms": 0.003086,
            "p95_ms": 0.008075,
            "p99_ms": 0.008075,
            "measured_operation_seconds": 0.000032962,
            "throughput_mib_s": 830.6820975165294,
            "blake3": "95839e66aa6c350fafd3460c621828d47e8d3e6319065232fdff26866afd77b5",
            "errors": 0
          },
          "candidate": {
            "operations": 10,
            "bytes": 28711,
            "p50_ms": 0.07488,
            "p95_ms": 0.100448,
            "p99_ms": 0.100448,
            "measured_operation_seconds": 0.000613186,
            "throughput_mib_s": 44.65356889808287,
            "blake3": "95839e66aa6c350fafd3460c621828d47e8d3e6319065232fdff26866afd77b5",
            "errors": 0
          },
          "bytes_equal": true,
          "wall_seconds": 0.001353438
        }
      ]
    }
  ],
  "process_cpu_seconds": 0.31799,
  "peak_rss_bytes": 37978112
}
