{
  "schema": 1,
  "os": "windows",
  "arch": "x86_64",
  "original": "D:\\a\\_temp\\playsparse-windows-ci\\writable\\source",
  "iterations_per_thread": 8,
  "sequential_limit_per_file": 8388608,
  "page_cache_policy": "OS caches are not cleared; sequential and earlier workloads may warm later reads",
  "equality": "ORIGINAL == CANDIDATE for every measured byte read",
  "comparisons": [
    {
      "candidate": "D:\\a\\_temp\\playsparse-windows-ci\\writable\\mounted",
      "logical_bytes": 29635048,
      "files": 14,
      "directory_enumeration_equal": true,
      "workloads": [
        {
          "name": "open",
          "read_bytes": 0,
          "threads": 1,
          "original": {
            "operations": 112,
            "bytes": 896,
            "p50_ms": 0.012,
            "p95_ms": 0.0231,
            "p99_ms": 0.0382,
            "measured_operation_seconds": 0.0015646,
            "throughput_mib_s": 0.546140986514125,
            "blake3": "0263bdfcc94c937cf53a85817f6736610aa693954df406440fff780131ceb02f",
            "errors": 0
          },
          "candidate": {
            "operations": 112,
            "bytes": 896,
            "p50_ms": 0.1632,
            "p95_ms": 0.2131,
            "p99_ms": 0.2276,
            "measured_operation_seconds": 0.0187938,
            "throughput_mib_s": 0.04546670644042184,
            "blake3": "0263bdfcc94c937cf53a85817f6736610aa693954df406440fff780131ceb02f",
            "errors": 0
          },
          "bytes_equal": true,
          "wall_seconds": 0.0357709
        },
        {
          "name": "stat",
          "read_bytes": 0,
          "threads": 1,
          "original": {
            "operations": 112,
            "bytes": 896,
            "p50_ms": 0.0139,
            "p95_ms": 0.0298,
            "p99_ms": 0.035,
            "measured_operation_seconds": 0.0018207,
            "throughput_mib_s": 0.46932069396386006,
            "blake3": "0263bdfcc94c937cf53a85817f6736610aa693954df406440fff780131ceb02f",
            "errors": 0
          },
          "candidate": {
            "operations": 112,
            "bytes": 896,
            "p50_ms": 0.1786,
            "p95_ms": 0.2477,
            "p99_ms": 0.2689,
            "measured_operation_seconds": 0.0212757,
            "throughput_mib_s": 0.04016282366737639,
            "blake3": "0263bdfcc94c937cf53a85817f6736610aa693954df406440fff780131ceb02f",
            "errors": 0
          },
          "bytes_equal": true,
          "wall_seconds": 0.0231541
        },
        {
          "name": "sequential",
          "read_bytes": 1048576,
          "threads": 1,
          "original": {
            "operations": 29,
            "bytes": 21246440,
            "p50_ms": 0.3261,
            "p95_ms": 0.4187,
            "p99_ms": 0.426,
            "measured_operation_seconds": 0.0069974,
            "throughput_mib_s": 2895.6732705099616,
            "blake3": "fe9614eadce274f237ab3152739429ed53e0bab3438b3dc4ec59a7bdbdb5515a",
            "errors": 0
          },
          "candidate": {
            "operations": 29,
            "bytes": 21246440,
            "p50_ms": 0.8054,
            "p95_ms": 1.417,
            "p99_ms": 1.8369,
            "measured_operation_seconds": 0.0205338,
            "throughput_mib_s": 986.7722556500212,
            "blake3": "fe9614eadce274f237ab3152739429ed53e0bab3438b3dc4ec59a7bdbdb5515a",
            "errors": 0
          },
          "bytes_equal": true,
          "wall_seconds": 0.0391416
        },
        {
          "name": "random",
          "read_bytes": 4096,
          "threads": 1,
          "original": {
            "operations": 10,
            "bytes": 28709,
            "p50_ms": 0.0044,
            "p95_ms": 0.0304,
            "p99_ms": 0.0304,
            "measured_operation_seconds": 0.0000762,
            "throughput_mib_s": 359.30493372318944,
            "blake3": "962cbe3d65f373e3b337d8c2d54db1cdeafdf01161ad49da9b424f5645895c2d",
            "errors": 0
          },
          "candidate": {
            "operations": 10,
            "bytes": 28709,
            "p50_ms": 0.0339,
            "p95_ms": 0.1028,
            "p99_ms": 0.1028,
            "measured_operation_seconds": 0.0004452,
            "throughput_mib_s": 61.498283804373386,
            "blake3": "962cbe3d65f373e3b337d8c2d54db1cdeafdf01161ad49da9b424f5645895c2d",
            "errors": 0
          },
          "bytes_equal": true,
          "wall_seconds": 0.0012739
        },
        {
          "name": "random",
          "read_bytes": 4096,
          "threads": 2,
          "original": {
            "operations": 20,
            "bytes": 57418,
            "p50_ms": 0.0039,
            "p95_ms": 0.0479,
            "p99_ms": 0.0541,
            "measured_operation_seconds": 0.0001731,
            "throughput_mib_s": 316.3377926020454,
            "blake3": "a0c5aa69ce69d7c5b3c08ebcf475d2a49a517702dd8d42485f0bbca959f78a96",
            "errors": 0
          },
          "candidate": {
            "operations": 20,
            "bytes": 57418,
            "p50_ms": 0.0381,
            "p95_ms": 0.067,
            "p99_ms": 0.0671,
            "measured_operation_seconds": 0.0008368,
            "throughput_mib_s": 65.43746641899386,
            "blake3": "a0c5aa69ce69d7c5b3c08ebcf475d2a49a517702dd8d42485f0bbca959f78a96",
            "errors": 0
          },
          "bytes_equal": true,
          "wall_seconds": 0.0012357
        },
        {
          "name": "random",
          "read_bytes": 4096,
          "threads": 4,
          "original": {
            "operations": 40,
            "bytes": 114836,
            "p50_ms": 0.0034,
            "p95_ms": 0.0149,
            "p99_ms": 0.0291,
            "measured_operation_seconds": 0.0001981,
            "throughput_mib_s": 552.8326289693495,
            "blake3": "2f9f5b33df48b28d0eff969f030efd24239238ffd3b8b20f92d87304c15c2980",
            "errors": 0
          },
          "candidate": {
            "operations": 40,
            "bytes": 114836,
            "p50_ms": 0.0292,
            "p95_ms": 0.0926,
            "p99_ms": 0.1401,
            "measured_operation_seconds": 0.00146,
            "throughput_mib_s": 75.01105739645763,
            "blake3": "2f9f5b33df48b28d0eff969f030efd24239238ffd3b8b20f92d87304c15c2980",
            "errors": 0
          },
          "bytes_equal": true,
          "wall_seconds": 0.0015225
        },
        {
          "name": "random",
          "read_bytes": 4096,
          "threads": 8,
          "original": {
            "operations": 80,
            "bytes": 229672,
            "p50_ms": 0.003,
            "p95_ms": 0.0306,
            "p99_ms": 0.0383,
            "measured_operation_seconds": 0.0005818,
            "throughput_mib_s": 376.4735091056312,
            "blake3": "057963f2c79eb66b24ce29ffb625b2bf6e36ff580c286f2fcdaaba504fd6f0c6",
            "errors": 0
          },
          "candidate": {
            "operations": 80,
            "bytes": 229672,
            "p50_ms": 0.0558,
            "p95_ms": 0.1706,
            "p99_ms": 0.6065,
            "measured_operation_seconds": 0.0057018,
            "throughput_mib_s": 38.4145862004378,
            "blake3": "057963f2c79eb66b24ce29ffb625b2bf6e36ff580c286f2fcdaaba504fd6f0c6",
            "errors": 0
          },
          "bytes_equal": true,
          "wall_seconds": 0.0028756
        },
        {
          "name": "random",
          "read_bytes": 4096,
          "threads": 16,
          "original": {
            "operations": 160,
            "bytes": 459344,
            "p50_ms": 0.0044,
            "p95_ms": 0.1949,
            "p99_ms": 0.4827,
            "measured_operation_seconds": 0.0059092,
            "throughput_mib_s": 74.13263643053416,
            "blake3": "5202f24573b3812809c4921c89db29f0a77a71c91c5ab4450e6a08a3dd3f4d91",
            "errors": 0
          },
          "candidate": {
            "operations": 160,
            "bytes": 459344,
            "p50_ms": 0.0741,
            "p95_ms": 0.3037,
            "p99_ms": 0.3953,
            "measured_operation_seconds": 0.0171306,
            "throughput_mib_s": 25.572050902788725,
            "blake3": "5202f24573b3812809c4921c89db29f0a77a71c91c5ab4450e6a08a3dd3f4d91",
            "errors": 0
          },
          "bytes_equal": true,
          "wall_seconds": 0.0047999
        },
        {
          "name": "random",
          "read_bytes": 65536,
          "threads": 1,
          "original": {
            "operations": 10,
            "bytes": 458789,
            "p50_ms": 0.0281,
            "p95_ms": 0.0413,
            "p99_ms": 0.0413,
            "measured_operation_seconds": 0.0002913,
            "throughput_mib_s": 1502.0092205619878,
            "blake3": "75d913edb035b590b2d26483120d1164ff5e53b05a7422cba1fdf4db60384d3c",
            "errors": 0
          },
          "candidate": {
            "operations": 10,
            "bytes": 458789,
            "p50_ms": 0.0607,
            "p95_ms": 0.0847,
            "p99_ms": 0.0847,
            "measured_operation_seconds": 0.0006194,
            "throughput_mib_s": 706.385673150964,
            "blake3": "75d913edb035b590b2d26483120d1164ff5e53b05a7422cba1fdf4db60384d3c",
            "errors": 0
          },
          "bytes_equal": true,
          "wall_seconds": 0.0015359
        },
        {
          "name": "random",
          "read_bytes": 65536,
          "threads": 2,
          "original": {
            "operations": 20,
            "bytes": 917578,
            "p50_ms": 0.0343,
            "p95_ms": 0.0569,
            "p99_ms": 0.0713,
            "measured_operation_seconds": 0.0007386,
            "throughput_mib_s": 1184.769255211771,
            "blake3": "a2319180e4636f1672d20d19820410d15a78d7fdaaecfb467244920ad8c1dbef",
            "errors": 0
          },
          "candidate": {
            "operations": 20,
            "bytes": 917578,
            "p50_ms": 0.0748,
            "p95_ms": 0.1021,
            "p99_ms": 0.14,
            "measured_operation_seconds": 0.001531,
            "throughput_mib_s": 571.5679764202574,
            "blake3": "a2319180e4636f1672d20d19820410d15a78d7fdaaecfb467244920ad8c1dbef",
            "errors": 0
          },
          "bytes_equal": true,
          "wall_seconds": 0.0020874
        },
        {
          "name": "random",
          "read_bytes": 65536,
          "threads": 4,
          "original": {
            "operations": 40,
            "bytes": 1835156,
            "p50_ms": 0.0395,
            "p95_ms": 0.0898,
            "p99_ms": 0.1064,
            "measured_operation_seconds": 0.0019547,
            "throughput_mib_s": 895.3502551792234,
            "blake3": "f7d2124663ce7e0494d8b8b95ea894ae76cc98a5af16f5bcb922467b2b01d44b",
            "errors": 0
          },
          "candidate": {
            "operations": 40,
            "bytes": 1835156,
            "p50_ms": 0.0744,
            "p95_ms": 0.1694,
            "p99_ms": 0.2593,
            "measured_operation_seconds": 0.0036178,
            "throughput_mib_s": 483.7584011827155,
            "blake3": "f7d2124663ce7e0494d8b8b95ea894ae76cc98a5af16f5bcb922467b2b01d44b",
            "errors": 0
          },
          "bytes_equal": true,
          "wall_seconds": 0.0030782
        },
        {
          "name": "random",
          "read_bytes": 65536,
          "threads": 8,
          "original": {
            "operations": 80,
            "bytes": 3670312,
            "p50_ms": 0.0404,
            "p95_ms": 0.1155,
            "p99_ms": 0.2386,
            "measured_operation_seconds": 0.0038407,
            "throughput_mib_s": 911.3657113540908,
            "blake3": "c139e42197b8a67d3b02a58b3785b1a2ddb6c33227c0941c2326e16a30bf4dcd",
            "errors": 0
          },
          "candidate": {
            "operations": 80,
            "bytes": 3670312,
            "p50_ms": 0.1405,
            "p95_ms": 0.3298,
            "p99_ms": 0.7383,
            "measured_operation_seconds": 0.0134648,
            "throughput_mib_s": 259.9579858295449,
            "blake3": "c139e42197b8a67d3b02a58b3785b1a2ddb6c33227c0941c2326e16a30bf4dcd",
            "errors": 0
          },
          "bytes_equal": true,
          "wall_seconds": 0.0047289
        },
        {
          "name": "random",
          "read_bytes": 65536,
          "threads": 16,
          "original": {
            "operations": 160,
            "bytes": 7340624,
            "p50_ms": 0.0363,
            "p95_ms": 0.8531,
            "p99_ms": 2.2214,
            "measured_operation_seconds": 0.025681,
            "throughput_mib_s": 272.59703964780624,
            "blake3": "91f164e3c9f2f562ca9700a0cbcce45de70a3417fd92d362d3efaeb915c61d84",
            "errors": 0
          },
          "candidate": {
            "operations": 160,
            "bytes": 7340624,
            "p50_ms": 0.2132,
            "p95_ms": 0.4759,
            "p99_ms": 0.7616,
            "measured_operation_seconds": 0.0378544,
            "throughput_mib_s": 184.93397267412274,
            "blake3": "91f164e3c9f2f562ca9700a0cbcce45de70a3417fd92d362d3efaeb915c61d84",
            "errors": 0
          },
          "bytes_equal": true,
          "wall_seconds": 0.0089166
        },
        {
          "name": "random",
          "read_bytes": 1048576,
          "threads": 1,
          "original": {
            "operations": 10,
            "bytes": 7340069,
            "p50_ms": 0.2969,
            "p95_ms": 0.3473,
            "p99_ms": 0.3473,
            "measured_operation_seconds": 0.0027041,
            "throughput_mib_s": 2588.674710975817,
            "blake3": "19dc129d25534fbf072a9a8cb58f975cb1e797bd58a399afb2114a0400e9973d",
            "errors": 0
          },
          "candidate": {
            "operations": 10,
            "bytes": 7340069,
            "p50_ms": 0.6819,
            "p95_ms": 0.7886,
            "p99_ms": 0.7886,
            "measured_operation_seconds": 0.0058252,
            "throughput_mib_s": 1201.6815364193,
            "blake3": "19dc129d25534fbf072a9a8cb58f975cb1e797bd58a399afb2114a0400e9973d",
            "errors": 0
          },
          "bytes_equal": true,
          "wall_seconds": 0.0115715
        },
        {
          "name": "random",
          "read_bytes": 1048576,
          "threads": 2,
          "original": {
            "operations": 20,
            "bytes": 14680138,
            "p50_ms": 0.3036,
            "p95_ms": 0.4046,
            "p99_ms": 0.4702,
            "measured_operation_seconds": 0.0060894,
            "throughput_mib_s": 2299.088674072883,
            "blake3": "66b26e6a3381b1e97f2239c75d417d1a4e0083827839e478ce9dec68a2aff5c7",
            "errors": 0
          },
          "candidate": {
            "operations": 20,
            "bytes": 14680138,
            "p50_ms": 0.7917,
            "p95_ms": 2.0526,
            "p99_ms": 2.2416,
            "measured_operation_seconds": 0.016332,
            "throughput_mib_s": 857.2171547819872,
            "blake3": "66b26e6a3381b1e97f2239c75d417d1a4e0083827839e478ce9dec68a2aff5c7",
            "errors": 0
          },
          "bytes_equal": true,
          "wall_seconds": 0.014907
        },
        {
          "name": "random",
          "read_bytes": 1048576,
          "threads": 4,
          "original": {
            "operations": 40,
            "bytes": 29360276,
            "p50_ms": 0.3706,
            "p95_ms": 0.5454,
            "p99_ms": 0.7179,
            "measured_operation_seconds": 0.0152819,
            "throughput_mib_s": 1832.2421389878764,
            "blake3": "f28d21f9691350554b01248e9d583eff96e52717e481169219aee72b0a6abe40",
            "errors": 0
          },
          "candidate": {
            "operations": 40,
            "bytes": 29360276,
            "p50_ms": 1.3732,
            "p95_ms": 3.1075,
            "p99_ms": 4.0077,
            "measured_operation_seconds": 0.0602652,
            "throughput_mib_s": 464.615418911724,
            "blake3": "f28d21f9691350554b01248e9d583eff96e52717e481169219aee72b0a6abe40",
            "errors": 0
          },
          "bytes_equal": true,
          "wall_seconds": 0.0275992
        },
        {
          "name": "random",
          "read_bytes": 1048576,
          "threads": 8,
          "original": {
            "operations": 80,
            "bytes": 58720552,
            "p50_ms": 0.3987,
            "p95_ms": 0.697,
            "p99_ms": 1.1938,
            "measured_operation_seconds": 0.0326085,
            "throughput_mib_s": 1717.3522942667605,
            "blake3": "815a1b66e5300e56406bccc059ef57cbffcc615c051cb8192d9780c4c517d31e",
            "errors": 0
          },
          "candidate": {
            "operations": 80,
            "bytes": 58720552,
            "p50_ms": 3.0528,
            "p95_ms": 7.1468,
            "p99_ms": 10.729,
            "measured_operation_seconds": 0.2753907,
            "throughput_mib_s": 203.34848739480913,
            "blake3": "815a1b66e5300e56406bccc059ef57cbffcc615c051cb8192d9780c4c517d31e",
            "errors": 0
          },
          "bytes_equal": true,
          "wall_seconds": 0.0494226
        },
        {
          "name": "random",
          "read_bytes": 1048576,
          "threads": 16,
          "original": {
            "operations": 160,
            "bytes": 115504864,
            "p50_ms": 0.3523,
            "p95_ms": 0.6771,
            "p99_ms": 2.5297,
            "measured_operation_seconds": 0.064824,
            "throughput_mib_s": 1699.2783878933244,
            "blake3": "f0d5b97a2a77fb4016b7f85e57a10549e8d37d63f03089d1866da2857a9d3015",
            "errors": 0
          },
          "candidate": {
            "operations": 160,
            "bytes": 115504864,
            "p50_ms": 8.492,
            "p95_ms": 15.0949,
            "p99_ms": 18.9902,
            "measured_operation_seconds": 1.272905,
            "throughput_mib_s": 86.53750454024211,
            "blake3": "f0d5b97a2a77fb4016b7f85e57a10549e8d37d63f03089d1866da2857a9d3015",
            "errors": 0
          },
          "bytes_equal": true,
          "wall_seconds": 0.0972404
        },
        {
          "name": "mmap_random_pages",
          "read_bytes": 4096,
          "threads": 1,
          "original": {
            "operations": 10,
            "bytes": 28711,
            "p50_ms": 0.1638,
            "p95_ms": 6.6527,
            "p99_ms": 6.6527,
            "measured_operation_seconds": 0.0106139,
            "throughput_mib_s": 2.579725011385056,
            "blake3": "980f132b5d4e001db79de5c991edaecb4f0ce799856be78cdfeceef331e6d748",
            "errors": 0
          },
          "candidate": {
            "operations": 10,
            "bytes": 28711,
            "p50_ms": 0.0665,
            "p95_ms": 1.3827,
            "p99_ms": 1.3827,
            "measured_operation_seconds": 0.0024485,
            "throughput_mib_s": 11.182741800424685,
            "blake3": "980f132b5d4e001db79de5c991edaecb4f0ce799856be78cdfeceef331e6d748",
            "errors": 0
          },
          "bytes_equal": true,
          "wall_seconds": 0.0647972
        }
      ]
    }
  ],
  "process_cpu_seconds": 0.546875,
  "peak_rss_bytes": 39133184
}
