{
  "allocated_bytes": 11505664,
  "arch": "x86_64",
  "cold_cache": {
    "decompressions": 837,
    "decompressions_avoided": 0,
    "evictions": 0,
    "hit_ratio": 0.0,
    "hits": 0,
    "in_flight_waits": 0,
    "misses": 837,
    "peak_resident_bytes": 0,
    "prefetch_bytes_loaded": 0,
    "prefetch_chunks_loaded": 0,
    "prefetch_dropped": 0,
    "prefetch_duplicates": 0,
    "prefetch_errors": 0,
    "prefetch_expired": 0,
    "prefetch_hits": 0,
    "prefetch_peak_reserved_bytes": 0,
    "prefetch_queue_high_watermark": 0,
    "prefetch_requests": 0,
    "prefetch_reserved_bytes": 0,
    "prefetch_resident_unconsumed_bytes": 0,
    "prefetch_skipped": 0,
    "prefetch_useful_bytes": 0,
    "prefetch_wasted_bytes": 0,
    "raw_bytes_loaded": 38264832,
    "resident_bytes": 0,
    "resident_entries": 0
  },
  "cold_definition": "decompressed chunk cache disabled; OS page cache is uncontrolled, not disk-cold",
  "filesystem_entries": 8,
  "iterations": 64,
  "kind": "direct range resolver benchmark (not mounted I/O)",
  "logical_bytes": 35655680,
  "native_filesystem_compression_baseline": "Windows WOF measurement required; not available on this OS",
  "object_lookup": {
    "p50_ms": 0.00008999999999999999,
    "p95_ms": 0.000141,
    "p99_ms": 0.00039999999999999996,
    "samples": 64
  },
  "os": "linux",
  "peak_rss_bytes": 22183936,
  "physical_bytes": 11479694,
  "physical_bytes_definition": "sum of encoded store file lengths; allocated_bytes measures POSIX blocks separately",
  "process_cpu_seconds": 0.06405899999999999,
  "random_chunk_read": {
    "p50_ms": 0.004729,
    "p95_ms": 0.089547,
    "p99_ms": 0.099596,
    "samples": 64
  },
  "requested_random_bytes": 1479886,
  "sequential": {
    "blake3": "a379cb9c7d251d6a8d9c156e2e8d599193e4994757daafd1f559ca9219cc272d",
    "bytes_equal": true,
    "original_mib_s": 1352.4048603983354,
    "playsparse_mib_s": 1355.6849299639928
  },
  "store_open_first_ms": 1.460896,
  "store_open_repeat_ms": 1.3315759999999999,
  "wall_seconds": 0.064016284,
  "warm_cache": {
    "decompressions": 69,
    "decompressions_avoided": 323,
    "evictions": 0,
    "hit_ratio": 0.8239795918367347,
    "hits": 323,
    "in_flight_waits": 0,
    "misses": 69,
    "peak_resident_bytes": 2088960,
    "prefetch_bytes_loaded": 0,
    "prefetch_chunks_loaded": 0,
    "prefetch_dropped": 0,
    "prefetch_duplicates": 0,
    "prefetch_errors": 0,
    "prefetch_expired": 0,
    "prefetch_hits": 0,
    "prefetch_peak_reserved_bytes": 0,
    "prefetch_queue_high_watermark": 0,
    "prefetch_requests": 0,
    "prefetch_reserved_bytes": 0,
    "prefetch_resident_unconsumed_bytes": 0,
    "prefetch_skipped": 0,
    "prefetch_useful_bytes": 0,
    "prefetch_wasted_bytes": 0,
    "raw_bytes_loaded": 2088960,
    "resident_bytes": 2088960,
    "resident_entries": 69
  },
  "workloads": [
    {
      "aggregate_read_blake3": "313be38a9f8fc87295b6ce65b24f0fa23a87b1f2b801efc7f6ffd0c43d3f7bbb",
      "original": {
        "p50_ms": 0.001122,
        "p95_ms": 0.001463,
        "p99_ms": 0.001703,
        "samples": 64
      },
      "playsparse_chunk_cache_cold": {
        "p50_ms": 0.007614,
        "p95_ms": 0.012784,
        "p99_ms": 0.19788,
        "samples": 64
      },
      "playsparse_warm_replay": {
        "p50_ms": 0.000781,
        "p95_ms": 0.001002,
        "p99_ms": 0.001153,
        "samples": 64
      },
      "raw_bytes_loaded": 520192,
      "read_amplification": 3.8581324631016836,
      "read_bytes": 4096,
      "requested_bytes": 134830,
      "verified_cold_reads": 64,
      "verified_warm_reads": 64
    },
    {
      "aggregate_read_blake3": "18e367cd9dae17166b599555348b790dab9a6bbdd6988cb046b2c6c27837c504",
      "original": {
        "p50_ms": 0.0008420000000000001,
        "p95_ms": 0.001102,
        "p99_ms": 0.006071,
        "samples": 64
      },
      "playsparse_chunk_cache_cold": {
        "p50_ms": 0.00558,
        "p95_ms": 0.006141,
        "p99_ms": 0.24472699999999997,
        "samples": 64
      },
      "playsparse_warm_replay": {
        "p50_ms": 0.000671,
        "p95_ms": 0.0008420000000000001,
        "p99_ms": 0.011391,
        "samples": 64
      },
      "raw_bytes_loaded": 520192,
      "read_amplification": 2.935703603374813,
      "read_bytes": 65536,
      "requested_bytes": 177195,
      "verified_cold_reads": 64,
      "verified_warm_reads": 64
    },
    {
      "aggregate_read_blake3": "5793cef060a3691d9f6eeeadee2d73a0b5b12f079a0130c2b2758f2bb8d71cfd",
      "original": {
        "p50_ms": 0.000972,
        "p95_ms": 0.001343,
        "p99_ms": 0.565115,
        "samples": 64
      },
      "playsparse_chunk_cache_cold": {
        "p50_ms": 0.005841,
        "p95_ms": 0.006832,
        "p99_ms": 1.096487,
        "samples": 64
      },
      "playsparse_warm_replay": {
        "p50_ms": 0.000821,
        "p95_ms": 0.001222,
        "p99_ms": 0.488431,
        "samples": 64
      },
      "raw_bytes_loaded": 1568768,
      "read_amplification": 1.3432831475663627,
      "read_bytes": 1048576,
      "requested_bytes": 1167861,
      "verified_cold_reads": 64,
      "verified_warm_reads": 64
    }
  ]
}
