{
  "cache_hit_ratio": 0.7477744807121661,
  "cache_miss_ratio": 0.2522255192878338,
  "cache_ratio_basis": "read events; mixed counts as miss; bypass excluded",
  "events": 998,
  "hot_files": [
    {
      "events": 733,
      "path": "world.dat"
    },
    {
      "events": 43,
      "path": "audio.dat"
    },
    {
      "events": 43,
      "path": "fixture.json"
    },
    {
      "events": 43,
      "path": "testgame"
    },
    {
      "events": 42,
      "path": "assets/entropy.dat"
    },
    {
      "events": 35,
      "path": "assets/texture.dat"
    },
    {
      "events": 17,
      "path": "config.json"
    },
    {
      "events": 17,
      "path": "readme.txt"
    },
    {
      "events": 14,
      "path": "assets/empty.bin"
    },
    {
      "events": 11,
      "path": "overlay-created.txt"
    }
  ],
  "hot_ranges": [
    {
      "events": 13,
      "length": 4096,
      "offset": 4190208,
      "path": "world.dat"
    },
    {
      "events": 11,
      "length": 131072,
      "offset": 0,
      "path": "world.dat"
    },
    {
      "events": 6,
      "length": 16384,
      "offset": 0,
      "path": "world.dat"
    },
    {
      "events": 6,
      "length": 131072,
      "offset": 131072,
      "path": "world.dat"
    },
    {
      "events": 6,
      "length": 8192,
      "offset": 258048,
      "path": "world.dat"
    },
    {
      "events": 6,
      "length": 131072,
      "offset": 262144,
      "path": "world.dat"
    },
    {
      "events": 6,
      "length": 131072,
      "offset": 393216,
      "path": "world.dat"
    },
    {
      "events": 6,
      "length": 131072,
      "offset": 524288,
      "path": "world.dat"
    },
    {
      "events": 6,
      "length": 131072,
      "offset": 655360,
      "path": "world.dat"
    },
    {
      "events": 6,
      "length": 131072,
      "offset": 786432,
      "path": "world.dat"
    },
    {
      "events": 6,
      "length": 131072,
      "offset": 917504,
      "path": "world.dat"
    },
    {
      "events": 6,
      "length": 131072,
      "offset": 1048576,
      "path": "world.dat"
    },
    {
      "events": 5,
      "length": 69632,
      "offset": 258048,
      "path": "world.dat"
    },
    {
      "events": 5,
      "length": 8192,
      "offset": 327680,
      "path": "world.dat"
    },
    {
      "events": 5,
      "length": 8192,
      "offset": 430080,
      "path": "world.dat"
    },
    {
      "events": 5,
      "length": 69632,
      "offset": 430080,
      "path": "world.dat"
    },
    {
      "events": 5,
      "length": 8192,
      "offset": 2269184,
      "path": "world.dat"
    },
    {
      "events": 5,
      "length": 69632,
      "offset": 2269184,
      "path": "world.dat"
    },
    {
      "events": 4,
      "length": 8192,
      "offset": 45056,
      "path": "world.dat"
    },
    {
      "events": 4,
      "length": 126976,
      "offset": 131072,
      "path": "world.dat"
    }
  ],
  "latency_ns": {
    "p50": 4500,
    "p95": 2804875,
    "p99": 3838583
  },
  "operations": {
    "create": 1,
    "flush": 320,
    "read": 675,
    "truncate": 1,
    "write": 1
  },
  "read_bytes": 51078545,
  "read_operations": 675,
  "reread_ratio": 0.4266666666666667,
  "sequential_read_percentage": 3.259259259259259,
  "sessions": [
    "18550-1791039503426203962"
  ],
  "sources": {
    "memory-cache": 504,
    "mixed": 30,
    "overlay": 324,
    "primary-local": 51,
    "secondary-local": 89
  },
  "version": 1,
  "write_bytes": 18,
  "write_operations": 1
}
