test_analyze_profile_retains_generic_baseline (test_game_awareness.CliTests.test_analyze_profile_retains_generic_baseline) ... ok
test_generic_absent_fallback_and_byte_identity (test_game_awareness.CliTests.test_generic_absent_fallback_and_byte_identity) ... ok
test_profile_version_paths_source_mismatch_and_nested_output (test_game_awareness.CliTests.test_profile_version_paths_source_mismatch_and_nested_output) ... ok
test_zip_original_bytes_and_plan_tampering (test_game_awareness.CliTests.test_zip_original_bytes_and_plan_tampering) ... ok
test_generation_reproducible_and_keeps_stable_records (test_game_awareness.FixtureTests.test_generation_reproducible_and_keeps_stable_records) ... ok
test_summary_uses_every_trial_and_missing_stays_null (test_game_awareness.FixtureTests.test_summary_uses_every_trial_and_missing_stays_null) ... ok
test_official_abc_vector (test_lab.Blake3Tests.test_official_abc_vector) ... ok
test_official_empty_vector (test_lab.Blake3Tests.test_official_empty_vector) ... ok
test_directory_roundtrip_and_dedup (test_lab.CASTests.test_directory_roundtrip_and_dedup) ... ok
test_fastcdc_is_deterministic (test_lab.ChunkingTests.test_fastcdc_is_deterministic) ... ok
test_roundtrip_boundaries (test_lab.ChunkingTests.test_roundtrip_boundaries) ... ok
test_disk_shortage_blocks_before_commands (test_posix_validation.IntegrationFaultTests.test_disk_shortage_blocks_before_commands) ... ok
test_empty_directory_changes_installation_identity (test_posix_validation.IntegrationFaultTests.test_empty_directory_changes_installation_identity) ... ok
test_failed_application_still_verifies_source_and_base (test_posix_validation.IntegrationFaultTests.test_failed_application_still_verifies_source_and_base) ... ok
test_synthetic_game_stays_not_run_and_runtime_mutation_fails (test_posix_validation.IntegrationFaultTests.test_synthetic_game_stays_not_run_and_runtime_mutation_fails) ... ok
test_atomic_failure_preserves_previous_json (test_posix_validation.LifecycleTests.test_atomic_failure_preserves_previous_json) ... ok
test_dangling_work_symlink_is_refused (test_posix_validation.LifecycleTests.test_dangling_work_symlink_is_refused) ... ok
test_direct_argv_with_spaces_and_shell_metacharacters (test_posix_validation.LifecycleTests.test_direct_argv_with_spaces_and_shell_metacharacters) ... ok
test_disconnected_linux_mount_is_found_without_stat (test_posix_validation.LifecycleTests.test_disconnected_linux_mount_is_found_without_stat) ... ok
test_explicit_environment_reaches_child_without_secret_logging (test_posix_validation.LifecycleTests.test_explicit_environment_reaches_child_without_secret_logging) ... ok
test_reused_and_overlapping_work_keeps_existing_evidence (test_posix_validation.LifecycleTests.test_reused_and_overlapping_work_keeps_existing_evidence) ... ok
test_sigint_and_sigterm_record_failure_and_reap_child (test_posix_validation.LifecycleTests.test_sigint_and_sigterm_record_failure_and_reap_child) ... ok
test_spawn_failure_records_fail_and_preserves_logs (test_posix_validation.LifecycleTests.test_spawn_failure_records_fail_and_preserves_logs) ... ok
test_timeout_reaps_child (test_posix_validation.LifecycleTests.test_timeout_reaps_child) ... ok
test_binary_and_source_mismatch_cannot_be_overridden (test_posix_validation.ProvenanceTests.test_binary_and_source_mismatch_cannot_be_overridden) ... ok
test_changed_source_during_build_has_no_receipt (test_posix_validation.ProvenanceTests.test_changed_source_during_build_has_no_receipt) ... ok
test_strict_dirty_and_unverified_gates (test_posix_validation.ProvenanceTests.test_strict_dirty_and_unverified_gates) ... ok
test_mount_table_failure_is_saved_and_signal_handlers_restore (test_posix_validation.SdkLifecycleTests.test_mount_table_failure_is_saved_and_signal_handlers_restore) ... ok
test_repository_change_cannot_pass_even_when_commands_pass (test_posix_validation.SdkLifecycleTests.test_repository_change_cannot_pass_even_when_commands_pass) ... ok
test_retained_image_mount_cannot_pass (test_posix_validation.SdkLifecycleTests.test_retained_image_mount_cannot_pass) ... ok
test_native_streams_resources_and_disposable_wof (test_windows_validation.NativeWindowsTests.test_native_streams_resources_and_disposable_wof) ... skipped 'native Windows API/WOF evidence only'
test_cleanup_interrupt_is_recorded_without_aborting_cleanup (test_windows_validation.PortableWindowsTests.test_cleanup_interrupt_is_recorded_without_aborting_cleanup) ... ok
test_current_winfsp_metrics_use_verified_application_bytes (test_windows_validation.PortableWindowsTests.test_current_winfsp_metrics_use_verified_application_bytes) ... ok
test_dead_provider_still_attempts_owned_unmount (test_windows_validation.PortableWindowsTests.test_dead_provider_still_attempts_owned_unmount) ... ok
test_disposable_copy_is_independent_and_original_is_unchanged (test_windows_validation.PortableWindowsTests.test_disposable_copy_is_independent_and_original_is_unchanged) ... ok
test_game_arguments_are_literal_argv_elements (test_windows_validation.PortableWindowsTests.test_game_arguments_are_literal_argv_elements) ... ok
test_generated_application_does_not_become_game_evidence (test_windows_validation.PortableWindowsTests.test_generated_application_does_not_become_game_evidence) ... ok
test_identical_query_plan_and_byte_checks (test_windows_validation.PortableWindowsTests.test_identical_query_plan_and_byte_checks) ... ok
test_no_vm_hint_is_not_physical_evidence (test_windows_validation.PortableWindowsTests.test_no_vm_hint_is_not_physical_evidence) ... ok
test_nonpassing_stage_cannot_be_promoted_by_exit_zero (test_windows_validation.PortableWindowsTests.test_nonpassing_stage_cannot_be_promoted_by_exit_zero) ... ok
test_powershell_handoff_preserves_unicode_and_literal_arguments (test_windows_validation.PortableWindowsTests.test_powershell_handoff_preserves_unicode_and_literal_arguments) ... skipped 'PowerShell 7 argument handoff test'
test_stream_allocation_includes_compressed_backing_data (test_windows_validation.PortableWindowsTests.test_stream_allocation_includes_compressed_backing_data) ... ok
test_unknown_wof_flags_are_rejected (test_windows_validation.PortableWindowsTests.test_unknown_wof_flags_are_rejected) ... ok
test_windows_rooted_path_cannot_escape_the_workload_root (test_windows_validation.PortableWindowsTests.test_windows_rooted_path_cannot_escape_the_workload_root) ... ok
test_wof_is_verified_by_provider_and_algorithm (test_windows_validation.PortableWindowsTests.test_wof_is_verified_by_provider_and_algorithm) ... ok
test_work_checks_every_source_before_mkdir (test_windows_validation.PortableWindowsTests.test_work_checks_every_source_before_mkdir) ... ok

----------------------------------------------------------------------
Ran 46 tests in 5.622s

OK (skipped=2)
