{
  "allocated_bytes": 25550848,
  "arch": "aarch64",
  "cold_cache": {
    "decompressions": 1226,
    "decompressions_avoided": 0,
    "evictions": 0,
    "hit_ratio": 0.0,
    "hits": 0,
    "in_flight_waits": 0,
    "misses": 1226,
    "peak_resident_bytes": 0,
    "prefetch_bytes_loaded": 0,
    "prefetch_chunks_loaded": 0,
    "prefetch_dropped": 0,
    "prefetch_duplicates": 0,
    "prefetch_errors": 0,
    "prefetch_expired": 0,
    "prefetch_hits": 0,
    "prefetch_peak_reserved_bytes": 0,
    "prefetch_queue_high_watermark": 0,
    "prefetch_requests": 0,
    "prefetch_reserved_bytes": 0,
    "prefetch_resident_unconsumed_bytes": 0,
    "prefetch_skipped": 0,
    "prefetch_useful_bytes": 0,
    "prefetch_wasted_bytes": 0,
    "raw_bytes_loaded": 459509973,
    "resident_bytes": 0,
    "resident_entries": 0
  },
  "cold_definition": "decompressed chunk cache disabled; OS page cache is uncontrolled, not disk-cold",
  "filesystem_entries": 8,
  "iterations": 200,
  "kind": "direct range resolver benchmark (not mounted I/O)",
  "logical_bytes": 26227087,
  "native_filesystem_compression_baseline": "Windows WOF measurement required; not available on this OS",
  "object_lookup": {
    "p50_ms": 0.000041,
    "p95_ms": 0.000084,
    "p99_ms": 0.00020800000000000001,
    "samples": 200
  },
  "os": "macos",
  "peak_rss_bytes": 34537472,
  "physical_bytes": 25538441,
  "physical_bytes_definition": "sum of encoded store file lengths; allocated_bytes measures POSIX blocks separately",
  "process_cpu_seconds": 0.488024,
  "random_chunk_read": {
    "p50_ms": 0.14291600000000002,
    "p95_ms": 0.2585,
    "p99_ms": 0.34704199999999996,
    "samples": 200
  },
  "requested_random_bytes": 175945291,
  "sequential": {
    "blake3": "4f2f2f35d8e521556e28da9eec06ac9e8aeee6b0aeb782380c0bc962aa1c1b94",
    "bytes_equal": true,
    "original_mib_s": 2106.5628593733586,
    "playsparse_mib_s": 902.7316715845562
  },
  "store_open_first_ms": 0.285792,
  "store_open_repeat_ms": 0.211667,
  "wall_seconds": 0.530348458,
  "warm_cache": {
    "decompressions": 704,
    "decompressions_avoided": 1518,
    "evictions": 649,
    "hit_ratio": 0.6831683168316832,
    "hits": 1518,
    "in_flight_waits": 0,
    "misses": 704,
    "peak_resident_bytes": 16776388,
    "prefetch_bytes_loaded": 0,
    "prefetch_chunks_loaded": 0,
    "prefetch_dropped": 0,
    "prefetch_duplicates": 0,
    "prefetch_errors": 0,
    "prefetch_expired": 0,
    "prefetch_hits": 0,
    "prefetch_peak_reserved_bytes": 0,
    "prefetch_queue_high_watermark": 0,
    "prefetch_requests": 0,
    "prefetch_reserved_bytes": 0,
    "prefetch_resident_unconsumed_bytes": 0,
    "prefetch_skipped": 0,
    "prefetch_useful_bytes": 0,
    "prefetch_wasted_bytes": 0,
    "raw_bytes_loaded": 201611097,
    "resident_bytes": 16629896,
    "resident_entries": 55
  },
  "workloads": [
    {
      "aggregate_read_blake3": "92dc3d38523c1f1622735970c8f65328d28104a5133a989e6d1b98aa6164feee",
      "original": {
        "p50_ms": 0.000959,
        "p95_ms": 0.001458,
        "p99_ms": 0.001542,
        "samples": 200
      },
      "playsparse_chunk_cache_cold": {
        "p50_ms": 0.198959,
        "p95_ms": 0.34454100000000004,
        "p99_ms": 0.415958,
        "samples": 200
      },
      "playsparse_warm_replay": {
        "p50_ms": 0.000625,
        "p95_ms": 0.191875,
        "p99_ms": 0.242042,
        "samples": 200
      },
      "raw_bytes_loaded": 93998772,
      "read_amplification": 114.7445947265625,
      "read_bytes": 4096,
      "requested_bytes": 819200,
      "verified_cold_reads": 200,
      "verified_warm_reads": 200
    },
    {
      "aggregate_read_blake3": "203b407a8181387718188f3fc012f756ee287a0917a91bdb8765d0fb3b735d2a",
      "original": {
        "p50_ms": 0.003792,
        "p95_ms": 0.0043749999999999995,
        "p99_ms": 0.004583,
        "samples": 200
      },
      "playsparse_chunk_cache_cold": {
        "p50_ms": 0.21475,
        "p95_ms": 0.339833,
        "p99_ms": 0.41974999999999996,
        "samples": 200
      },
      "playsparse_warm_replay": {
        "p50_ms": 0.001958,
        "p95_ms": 0.202417,
        "p99_ms": 0.294417,
        "samples": 200
      },
      "raw_bytes_loaded": 100352284,
      "read_amplification": 7.827868199016621,
      "read_bytes": 65536,
      "requested_bytes": 12819874,
      "verified_cold_reads": 200,
      "verified_warm_reads": 200
    },
    {
      "aggregate_read_blake3": "429d34d54b4d9fad353aea2255a6d2186d533630889654a3f4da4ac8c024ddc1",
      "original": {
        "p50_ms": 0.047791,
        "p95_ms": 0.060958,
        "p99_ms": 0.077125,
        "samples": 200
      },
      "playsparse_chunk_cache_cold": {
        "p50_ms": 0.601209,
        "p95_ms": 0.7743329999999999,
        "p99_ms": 0.92275,
        "samples": 200
      },
      "playsparse_warm_replay": {
        "p50_ms": 0.018667,
        "p95_ms": 0.6759999999999999,
        "p99_ms": 0.7730840000000001,
        "samples": 200
      },
      "raw_bytes_loaded": 230193719,
      "read_amplification": 1.4182680322097583,
      "read_bytes": 1048576,
      "requested_bytes": 162306217,
      "verified_cold_reads": 200,
      "verified_warm_reads": 200
    }
  ]
}
