{
  "cache_hit_ratio": 0.9563106796116505,
  "cache_miss_ratio": 0.043689320388349516,
  "cache_ratio_basis": "read events; mixed counts as miss; bypass excluded",
  "events": 1306,
  "hot_files": [
    {
      "events": 1039,
      "path": "world.dat"
    },
    {
      "events": 63,
      "path": "testgame.exe"
    },
    {
      "events": 41,
      "path": "fixture.json"
    },
    {
      "events": 28,
      "path": "audio.dat"
    },
    {
      "events": 27,
      "path": "assets/entropy.dat"
    },
    {
      "events": 27,
      "path": "assets/texture.dat"
    },
    {
      "events": 23,
      "path": "config.json"
    },
    {
      "events": 22,
      "path": "readme.txt"
    },
    {
      "events": 17,
      "path": "assets/empty.bin"
    },
    {
      "events": 7,
      "path": ""
    },
    {
      "events": 7,
      "path": "overlay-created.txt"
    },
    {
      "events": 5,
      "path": "assets"
    }
  ],
  "hot_ranges": [
    {
      "events": 33,
      "length": 65536,
      "offset": 0,
      "path": "world.dat"
    },
    {
      "events": 33,
      "length": 1048576,
      "offset": 0,
      "path": "world.dat"
    },
    {
      "events": 32,
      "length": 4096,
      "offset": 0,
      "path": "world.dat"
    },
    {
      "events": 32,
      "length": 4096,
      "offset": 262143,
      "path": "world.dat"
    },
    {
      "events": 32,
      "length": 4096,
      "offset": 262144,
      "path": "world.dat"
    },
    {
      "events": 31,
      "length": 65536,
      "offset": 262143,
      "path": "world.dat"
    },
    {
      "events": 31,
      "length": 1048576,
      "offset": 262143,
      "path": "world.dat"
    },
    {
      "events": 31,
      "length": 65536,
      "offset": 262144,
      "path": "world.dat"
    },
    {
      "events": 31,
      "length": 1048576,
      "offset": 262144,
      "path": "world.dat"
    },
    {
      "events": 31,
      "length": 4096,
      "offset": 4194267,
      "path": "world.dat"
    },
    {
      "events": 31,
      "length": 65536,
      "offset": 4194267,
      "path": "world.dat"
    },
    {
      "events": 31,
      "length": 1048576,
      "offset": 4194267,
      "path": "world.dat"
    },
    {
      "events": 5,
      "length": 4096,
      "offset": 329796,
      "path": "world.dat"
    },
    {
      "events": 5,
      "length": 65536,
      "offset": 329796,
      "path": "world.dat"
    },
    {
      "events": 5,
      "length": 1048576,
      "offset": 329796,
      "path": "world.dat"
    },
    {
      "events": 5,
      "length": 4096,
      "offset": 432244,
      "path": "world.dat"
    },
    {
      "events": 5,
      "length": 65536,
      "offset": 432244,
      "path": "world.dat"
    },
    {
      "events": 5,
      "length": 1048576,
      "offset": 432244,
      "path": "world.dat"
    },
    {
      "events": 5,
      "length": 4096,
      "offset": 2269396,
      "path": "world.dat"
    },
    {
      "events": 5,
      "length": 65536,
      "offset": 2269396,
      "path": "world.dat"
    }
  ],
  "latency_ns": {
    "p50": 1700,
    "p95": 362900,
    "p99": 2326500
  },
  "operations": {
    "create": 1,
    "flush": 273,
    "read": 1031,
    "write": 1
  },
  "read_bytes": 255880594,
  "read_operations": 1031,
  "reread_ratio": 0.5373423860329777,
  "sequential_read_percentage": 2.6188166828322017,
  "sessions": [
    "8396-1791144818565002100"
  ],
  "sources": {
    "memory-cache": 985,
    "mixed": 23,
    "overlay": 276,
    "primary-local": 10,
    "secondary-local": 12
  },
  "version": 1,
  "write_bytes": 18,
  "write_operations": 1
}
