{
  "schema": 1,
  "os": "linux",
  "arch": "x86_64",
  "original": "/tmp/playsparse-posix-ci/tiers/source",
  "iterations_per_thread": 4,
  "sequential_limit_per_file": 1048576,
  "page_cache_policy": "OS caches are not cleared; sequential and earlier workloads may warm later reads",
  "equality": "ORIGINAL == CANDIDATE for every measured byte read",
  "comparisons": [
    {
      "candidate": "/tmp/playsparse-posix-ci/tiers/mounted",
      "logical_bytes": 11999219,
      "files": 9,
      "directory_enumeration_equal": true,
      "workloads": [
        {
          "name": "open",
          "read_bytes": 0,
          "threads": 1,
          "original": {
            "operations": 36,
            "bytes": 288,
            "p50_ms": 0.003577,
            "p95_ms": 0.016236,
            "p99_ms": 0.018371,
            "measured_operation_seconds": 0.000239475,
            "throughput_mib_s": 1.1469180629502036,
            "blake3": "772b56b97311776d6655a41c539220b2847d5ad13cb21974c333a2689409f07d",
            "errors": 0
          },
          "candidate": {
            "operations": 36,
            "bytes": 288,
            "p50_ms": 0.113513,
            "p95_ms": 0.179993,
            "p99_ms": 0.180411,
            "measured_operation_seconds": 0.004679237,
            "throughput_mib_s": 0.05869721989396989,
            "blake3": "772b56b97311776d6655a41c539220b2847d5ad13cb21974c333a2689409f07d",
            "errors": 0
          },
          "bytes_equal": true,
          "wall_seconds": 0.007910196
        },
        {
          "name": "stat",
          "read_bytes": 0,
          "threads": 1,
          "original": {
            "operations": 36,
            "bytes": 288,
            "p50_ms": 0.001213,
            "p95_ms": 0.001464,
            "p99_ms": 0.002255,
            "measured_operation_seconds": 0.000045434,
            "throughput_mib_s": 6.045212904983052,
            "blake3": "772b56b97311776d6655a41c539220b2847d5ad13cb21974c333a2689409f07d",
            "errors": 0
          },
          "candidate": {
            "operations": 36,
            "bytes": 288,
            "p50_ms": 0.078894,
            "p95_ms": 0.13544,
            "p99_ms": 0.151213,
            "measured_operation_seconds": 0.00342604,
            "throughput_mib_s": 0.08016783316160932,
            "blake3": "772b56b97311776d6655a41c539220b2847d5ad13cb21974c333a2689409f07d",
            "errors": 0
          },
          "bytes_equal": true,
          "wall_seconds": 0.003482281
        },
        {
          "name": "sequential",
          "read_bytes": 1048576,
          "threads": 1,
          "original": {
            "operations": 8,
            "bytes": 6291569,
            "p50_ms": 0.38197,
            "p95_ms": 0.483818,
            "p99_ms": 0.483818,
            "measured_operation_seconds": 0.002587107,
            "throughput_mib_s": 2319.2344828403902,
            "blake3": "99413ade92be25caf551f9efd58867a97af2dd4d0f6b2f350fc42c6bd7d2d008",
            "errors": 0
          },
          "candidate": {
            "operations": 8,
            "bytes": 6291569,
            "p50_ms": 1.024271,
            "p95_ms": 1.156639,
            "p99_ms": 1.156639,
            "measured_operation_seconds": 0.006461944,
            "throughput_mib_s": 928.5298302179273,
            "blake3": "99413ade92be25caf551f9efd58867a97af2dd4d0f6b2f350fc42c6bd7d2d008",
            "errors": 0
          },
          "bytes_equal": true,
          "wall_seconds": 0.015524247
        },
        {
          "name": "random",
          "read_bytes": 4096,
          "threads": 1,
          "original": {
            "operations": 10,
            "bytes": 28709,
            "p50_ms": 0.002341,
            "p95_ms": 0.012638,
            "p99_ms": 0.012638,
            "measured_operation_seconds": 0.000038724,
            "throughput_mib_s": 707.0301608745748,
            "blake3": "6471cbd9f22faefac68c462a7714d1abb3710996fe7f164587aff9d90abb3bc4",
            "errors": 0
          },
          "candidate": {
            "operations": 10,
            "bytes": 28709,
            "p50_ms": 0.037233,
            "p95_ms": 0.086565,
            "p99_ms": 0.086565,
            "measured_operation_seconds": 0.000415964,
            "throughput_mib_s": 65.82068628464731,
            "blake3": "6471cbd9f22faefac68c462a7714d1abb3710996fe7f164587aff9d90abb3bc4",
            "errors": 0
          },
          "bytes_equal": true,
          "wall_seconds": 0.000916488
        },
        {
          "name": "random",
          "read_bytes": 4096,
          "threads": 2,
          "original": {
            "operations": 20,
            "bytes": 57418,
            "p50_ms": 0.001715,
            "p95_ms": 0.007835,
            "p99_ms": 0.008147,
            "measured_operation_seconds": 0.000048866,
            "throughput_mib_s": 1120.5761040276277,
            "blake3": "94ede774da4d7dca6038cba3df1b6b52f75cf94ab880b8f59b21a7f2a2001220",
            "errors": 0
          },
          "candidate": {
            "operations": 20,
            "bytes": 57418,
            "p50_ms": 0.040051,
            "p95_ms": 0.096147,
            "p99_ms": 0.105651,
            "measured_operation_seconds": 0.000878522,
            "throughput_mib_s": 62.32976738136787,
            "blake3": "94ede774da4d7dca6038cba3df1b6b52f75cf94ab880b8f59b21a7f2a2001220",
            "errors": 0
          },
          "bytes_equal": true,
          "wall_seconds": 0.001287316
        },
        {
          "name": "random",
          "read_bytes": 4096,
          "threads": 4,
          "original": {
            "operations": 40,
            "bytes": 114836,
            "p50_ms": 0.001689,
            "p95_ms": 0.007263,
            "p99_ms": 0.016664,
            "measured_operation_seconds": 0.000102896,
            "throughput_mib_s": 1064.3382036116868,
            "blake3": "53151a624643b2127bfcac28bcf1ca4bccfb4daffb1e4f4dbdc9350ce3373dfc",
            "errors": 0
          },
          "candidate": {
            "operations": 40,
            "bytes": 114836,
            "p50_ms": 0.034107,
            "p95_ms": 0.06309,
            "p99_ms": 0.103102,
            "measured_operation_seconds": 0.001521891,
            "throughput_mib_s": 71.96056997434647,
            "blake3": "53151a624643b2127bfcac28bcf1ca4bccfb4daffb1e4f4dbdc9350ce3373dfc",
            "errors": 0
          },
          "bytes_equal": true,
          "wall_seconds": 0.001236359
        },
        {
          "name": "random",
          "read_bytes": 4096,
          "threads": 8,
          "original": {
            "operations": 80,
            "bytes": 229672,
            "p50_ms": 0.001611,
            "p95_ms": 0.003447,
            "p99_ms": 0.097957,
            "measured_operation_seconds": 0.000236049,
            "throughput_mib_s": 927.9102542169476,
            "blake3": "27501d7b1f3e07e776bc205a121779d7a9d0b66aa1f18a338fdc67a0acc2917a",
            "errors": 0
          },
          "candidate": {
            "operations": 80,
            "bytes": 229672,
            "p50_ms": 0.056571,
            "p95_ms": 0.136221,
            "p99_ms": 0.245998,
            "measured_operation_seconds": 0.005110322,
            "throughput_mib_s": 42.86076055435573,
            "blake3": "27501d7b1f3e07e776bc205a121779d7a9d0b66aa1f18a338fdc67a0acc2917a",
            "errors": 0
          },
          "bytes_equal": true,
          "wall_seconds": 0.002312435
        },
        {
          "name": "random",
          "read_bytes": 4096,
          "threads": 16,
          "original": {
            "operations": 160,
            "bytes": 459344,
            "p50_ms": 0.001617,
            "p95_ms": 0.005183,
            "p99_ms": 0.070781,
            "measured_operation_seconds": 0.000533841,
            "throughput_mib_s": 820.5899794045653,
            "blake3": "58e354faa531553f5b66a5d855c249acf5dd0a483fe4a9421efb02dbdd95f05e",
            "errors": 0
          },
          "candidate": {
            "operations": 160,
            "bytes": 459344,
            "p50_ms": 0.079891,
            "p95_ms": 0.420182,
            "p99_ms": 0.617468,
            "measured_operation_seconds": 0.01930377,
            "throughput_mib_s": 22.69321356373975,
            "blake3": "58e354faa531553f5b66a5d855c249acf5dd0a483fe4a9421efb02dbdd95f05e",
            "errors": 0
          },
          "bytes_equal": true,
          "wall_seconds": 0.004916379
        },
        {
          "name": "random",
          "read_bytes": 65536,
          "threads": 1,
          "original": {
            "operations": 10,
            "bytes": 458789,
            "p50_ms": 0.007769,
            "p95_ms": 0.031639,
            "p99_ms": 0.031639,
            "measured_operation_seconds": 0.000088536,
            "throughput_mib_s": 4941.891275297134,
            "blake3": "8b62663d7eb47d98d324b478b2f607e6adb90f201aa9aec6ae8af320600bbb4d",
            "errors": 0
          },
          "candidate": {
            "operations": 10,
            "bytes": 458789,
            "p50_ms": 0.064328,
            "p95_ms": 0.177595,
            "p99_ms": 0.177595,
            "measured_operation_seconds": 0.000724903,
            "throughput_mib_s": 603.5777006712718,
            "blake3": "8b62663d7eb47d98d324b478b2f607e6adb90f201aa9aec6ae8af320600bbb4d",
            "errors": 0
          },
          "bytes_equal": true,
          "wall_seconds": 0.001317731
        },
        {
          "name": "random",
          "read_bytes": 65536,
          "threads": 2,
          "original": {
            "operations": 20,
            "bytes": 917578,
            "p50_ms": 0.007105,
            "p95_ms": 0.010483,
            "p99_ms": 0.033169,
            "measured_operation_seconds": 0.000150572,
            "throughput_mib_s": 5811.642084181747,
            "blake3": "0db33d2a49ccdee566d52b15f04056b8004a0888f60d58f0c5680c5f894caa77",
            "errors": 0
          },
          "candidate": {
            "operations": 20,
            "bytes": 917578,
            "p50_ms": 0.069036,
            "p95_ms": 0.124884,
            "p99_ms": 0.213717,
            "measured_operation_seconds": 0.001463554,
            "throughput_mib_s": 597.9079500308251,
            "blake3": "0db33d2a49ccdee566d52b15f04056b8004a0888f60d58f0c5680c5f894caa77",
            "errors": 0
          },
          "bytes_equal": true,
          "wall_seconds": 0.001626079
        },
        {
          "name": "random",
          "read_bytes": 65536,
          "threads": 4,
          "original": {
            "operations": 40,
            "bytes": 1835156,
            "p50_ms": 0.006906,
            "p95_ms": 0.034181,
            "p99_ms": 0.048517,
            "measured_operation_seconds": 0.000389918,
            "throughput_mib_s": 4488.485127126289,
            "blake3": "89e891c89ef3cddddb0743d7d2e65ea414493e15822ea5be375e1896a89a7da4",
            "errors": 0
          },
          "candidate": {
            "operations": 40,
            "bytes": 1835156,
            "p50_ms": 0.066059,
            "p95_ms": 0.186076,
            "p99_ms": 0.253394,
            "measured_operation_seconds": 0.003216894,
            "throughput_mib_s": 544.0468799403487,
            "blake3": "89e891c89ef3cddddb0743d7d2e65ea414493e15822ea5be375e1896a89a7da4",
            "errors": 0
          },
          "bytes_equal": true,
          "wall_seconds": 0.002095113
        },
        {
          "name": "random",
          "read_bytes": 65536,
          "threads": 8,
          "original": {
            "operations": 80,
            "bytes": 3670312,
            "p50_ms": 0.006631,
            "p95_ms": 0.034082,
            "p99_ms": 0.118409,
            "measured_operation_seconds": 0.000872023,
            "throughput_mib_s": 4013.979318891424,
            "blake3": "57492ec21155cf0239676456f0db2f6d673b40df6f7f0af4e459f13a22e1f970",
            "errors": 0
          },
          "candidate": {
            "operations": 80,
            "bytes": 3670312,
            "p50_ms": 0.088614,
            "p95_ms": 0.480643,
            "p99_ms": 0.688521,
            "measured_operation_seconds": 0.01240785,
            "throughput_mib_s": 282.10224072644786,
            "blake3": "57492ec21155cf0239676456f0db2f6d673b40df6f7f0af4e459f13a22e1f970",
            "errors": 0
          },
          "bytes_equal": true,
          "wall_seconds": 0.003817004
        },
        {
          "name": "random",
          "read_bytes": 65536,
          "threads": 16,
          "original": {
            "operations": 160,
            "bytes": 7300794,
            "p50_ms": 0.006893,
            "p95_ms": 0.033805,
            "p99_ms": 0.239973,
            "measured_operation_seconds": 0.001903156,
            "throughput_mib_s": 3658.4387865066506,
            "blake3": "3e16f3f80247841cd2b191367f582f16660446632e4359efd2e2c27bfefbb770",
            "errors": 0
          },
          "candidate": {
            "operations": 160,
            "bytes": 7300794,
            "p50_ms": 0.098588,
            "p95_ms": 0.554453,
            "p99_ms": 0.886272,
            "measured_operation_seconds": 0.029867814,
            "throughput_mib_s": 233.11313399677832,
            "blake3": "3e16f3f80247841cd2b191367f582f16660446632e4359efd2e2c27bfefbb770",
            "errors": 0
          },
          "bytes_equal": true,
          "wall_seconds": 0.006119795
        },
        {
          "name": "random",
          "read_bytes": 1048576,
          "threads": 1,
          "original": {
            "operations": 10,
            "bytes": 7340069,
            "p50_ms": 0.112772,
            "p95_ms": 0.458844,
            "p99_ms": 0.458844,
            "measured_operation_seconds": 0.001327619,
            "throughput_mib_s": 5272.623611103568,
            "blake3": "97574e163630ee65b0ebaaccab89616a9b485e640a9737d8ecef90a2a6e6de69",
            "errors": 0
          },
          "candidate": {
            "operations": 10,
            "bytes": 7340069,
            "p50_ms": 0.132132,
            "p95_ms": 0.974625,
            "p99_ms": 0.974625,
            "measured_operation_seconds": 0.002816601,
            "throughput_mib_s": 2485.2775689384853,
            "blake3": "97574e163630ee65b0ebaaccab89616a9b485e640a9737d8ecef90a2a6e6de69",
            "errors": 0
          },
          "bytes_equal": true,
          "wall_seconds": 0.007819414
        },
        {
          "name": "random",
          "read_bytes": 1048576,
          "threads": 2,
          "original": {
            "operations": 20,
            "bytes": 14680138,
            "p50_ms": 0.105064,
            "p95_ms": 0.228203,
            "p99_ms": 0.499605,
            "measured_operation_seconds": 0.002719936,
            "throughput_mib_s": 5147.20587980725,
            "blake3": "fbe90a7e4b898bb2f03a3996b9a75538709621cb3d8c39b72f390ca918b2ab0b",
            "errors": 0
          },
          "candidate": {
            "operations": 20,
            "bytes": 14680138,
            "p50_ms": 0.159343,
            "p95_ms": 0.621726,
            "p99_ms": 0.665796,
            "measured_operation_seconds": 0.005173614,
            "throughput_mib_s": 2706.052398168749,
            "blake3": "fbe90a7e4b898bb2f03a3996b9a75538709621cb3d8c39b72f390ca918b2ab0b",
            "errors": 0
          },
          "bytes_equal": true,
          "wall_seconds": 0.008727199
        },
        {
          "name": "random",
          "read_bytes": 1048576,
          "threads": 4,
          "original": {
            "operations": 40,
            "bytes": 28493966,
            "p50_ms": 0.125519,
            "p95_ms": 0.231094,
            "p99_ms": 0.676968,
            "measured_operation_seconds": 0.005529197,
            "throughput_mib_s": 4914.63110226547,
            "blake3": "f278104f96db40ce878563bb95a4480647aa9810b75f895b81dba721520cf08a",
            "errors": 0
          },
          "candidate": {
            "operations": 40,
            "bytes": 28493966,
            "p50_ms": 0.140457,
            "p95_ms": 1.633247,
            "p99_ms": 2.245434,
            "measured_operation_seconds": 0.014778531,
            "throughput_mib_s": 1838.7459177609014,
            "blake3": "f278104f96db40ce878563bb95a4480647aa9810b75f895b81dba721520cf08a",
            "errors": 0
          },
          "bytes_equal": true,
          "wall_seconds": 0.011682696
        },
        {
          "name": "random",
          "read_bytes": 1048576,
          "threads": 8,
          "original": {
            "operations": 80,
            "bytes": 57499746,
            "p50_ms": 0.128761,
            "p95_ms": 0.606714,
            "p99_ms": 3.191438,
            "measured_operation_seconds": 0.016979451,
            "throughput_mib_s": 3229.552649263101,
            "blake3": "9d9f984938e3b158ebbbd4b43b8b175fb741eb105ee4b2ed008da2aa966bb1f7",
            "errors": 0
          },
          "candidate": {
            "operations": 80,
            "bytes": 57499746,
            "p50_ms": 0.146869,
            "p95_ms": 3.417822,
            "p99_ms": 5.780111,
            "measured_operation_seconds": 0.050413815,
            "throughput_mib_s": 1087.718335937937,
            "blake3": "9d9f984938e3b158ebbbd4b43b8b175fb741eb105ee4b2ed008da2aa966bb1f7",
            "errors": 0
          },
          "bytes_equal": true,
          "wall_seconds": 0.019822004
        },
        {
          "name": "random",
          "read_bytes": 1048576,
          "threads": 16,
          "original": {
            "operations": 160,
            "bytes": 109070864,
            "p50_ms": 0.13018,
            "p95_ms": 0.594907,
            "p99_ms": 6.523067,
            "measured_operation_seconds": 0.048327278,
            "throughput_mib_s": 2152.3678959332046,
            "blake3": "4f9ce51376fbb12acebc4e8ad6fc062e3a42a12602fbe7eff54788ee3a8ed1cc",
            "errors": 0
          },
          "candidate": {
            "operations": 160,
            "bytes": 109070864,
            "p50_ms": 0.185225,
            "p95_ms": 5.41919,
            "p99_ms": 10.98883,
            "measured_operation_seconds": 0.184259261,
            "throughput_mib_s": 564.520236869066,
            "blake3": "4f9ce51376fbb12acebc4e8ad6fc062e3a42a12602fbe7eff54788ee3a8ed1cc",
            "errors": 0
          },
          "bytes_equal": true,
          "wall_seconds": 0.035889805
        },
        {
          "name": "mmap_random_pages",
          "read_bytes": 4096,
          "threads": 1,
          "original": {
            "operations": 10,
            "bytes": 28711,
            "p50_ms": 0.001955,
            "p95_ms": 0.006186,
            "p99_ms": 0.006186,
            "measured_operation_seconds": 0.000023865,
            "throughput_mib_s": 1147.3263481391093,
            "blake3": "95839e66aa6c350fafd3460c621828d47e8d3e6319065232fdff26866afd77b5",
            "errors": 0
          },
          "candidate": {
            "operations": 10,
            "bytes": 28711,
            "p50_ms": 0.063528,
            "p95_ms": 0.092303,
            "p99_ms": 0.092303,
            "measured_operation_seconds": 0.000520493,
            "throughput_mib_s": 52.60578585752324,
            "blake3": "95839e66aa6c350fafd3460c621828d47e8d3e6319065232fdff26866afd77b5",
            "errors": 0
          },
          "bytes_equal": true,
          "wall_seconds": 0.00097442
        }
      ]
    }
  ],
  "process_cpu_seconds": 0.287229,
  "peak_rss_bytes": 37994496
}
