{
  "allocated_bytes": 14876672,
  "arch": "x86_64",
  "cold_cache": {
    "decompressions": 837,
    "decompressions_avoided": 0,
    "evictions": 0,
    "hit_ratio": 0.0,
    "hits": 0,
    "in_flight_waits": 0,
    "misses": 837,
    "peak_resident_bytes": 0,
    "prefetch_bytes_loaded": 0,
    "prefetch_chunks_loaded": 0,
    "prefetch_dropped": 0,
    "prefetch_duplicates": 0,
    "prefetch_errors": 0,
    "prefetch_expired": 0,
    "prefetch_hits": 0,
    "prefetch_peak_reserved_bytes": 0,
    "prefetch_queue_high_watermark": 0,
    "prefetch_requests": 0,
    "prefetch_reserved_bytes": 0,
    "prefetch_resident_unconsumed_bytes": 0,
    "prefetch_skipped": 0,
    "prefetch_useful_bytes": 0,
    "prefetch_wasted_bytes": 0,
    "raw_bytes_loaded": 38264832,
    "resident_bytes": 0,
    "resident_entries": 0
  },
  "cold_definition": "decompressed chunk cache disabled; OS page cache is uncontrolled, not disk-cold",
  "filesystem_entries": 881,
  "iterations": 64,
  "kind": "direct range resolver benchmark (not mounted I/O)",
  "logical_bytes": 35655680,
  "native_filesystem_compression_baseline": "Windows WOF measurement required; not available on this OS",
  "object_lookup": {
    "p50_ms": 0.00009999999999999999,
    "p95_ms": 0.00019999999999999998,
    "p99_ms": 0.000401,
    "samples": 64
  },
  "os": "linux",
  "peak_rss_bytes": 21942272,
  "physical_bytes": 11479686,
  "physical_bytes_definition": "sum of encoded store file lengths; allocated_bytes measures POSIX blocks separately",
  "process_cpu_seconds": 0.078164,
  "random_chunk_read": {
    "p50_ms": 0.008956,
    "p95_ms": 0.093415,
    "p99_ms": 0.103384,
    "samples": 64
  },
  "requested_random_bytes": 1479886,
  "sequential": {
    "blake3": "a379cb9c7d251d6a8d9c156e2e8d599193e4994757daafd1f559ca9219cc272d",
    "bytes_equal": true,
    "original_mib_s": 1429.5774456923875,
    "playsparse_mib_s": 1213.5958604717812
  },
  "store_open_first_ms": 3.04601,
  "store_open_repeat_ms": 2.901178,
  "wall_seconds": 0.074418501,
  "warm_cache": {
    "decompressions": 69,
    "decompressions_avoided": 323,
    "evictions": 0,
    "hit_ratio": 0.8239795918367347,
    "hits": 323,
    "in_flight_waits": 0,
    "misses": 69,
    "peak_resident_bytes": 2088960,
    "prefetch_bytes_loaded": 0,
    "prefetch_chunks_loaded": 0,
    "prefetch_dropped": 0,
    "prefetch_duplicates": 0,
    "prefetch_errors": 0,
    "prefetch_expired": 0,
    "prefetch_hits": 0,
    "prefetch_peak_reserved_bytes": 0,
    "prefetch_queue_high_watermark": 0,
    "prefetch_requests": 0,
    "prefetch_reserved_bytes": 0,
    "prefetch_resident_unconsumed_bytes": 0,
    "prefetch_skipped": 0,
    "prefetch_useful_bytes": 0,
    "prefetch_wasted_bytes": 0,
    "raw_bytes_loaded": 2088960,
    "resident_bytes": 2088960,
    "resident_entries": 69
  },
  "workloads": [
    {
      "aggregate_read_blake3": "313be38a9f8fc87295b6ce65b24f0fa23a87b1f2b801efc7f6ffd0c43d3f7bbb",
      "original": {
        "p50_ms": 0.001002,
        "p95_ms": 0.001553,
        "p99_ms": 0.0046689999999999995,
        "samples": 64
      },
      "playsparse_chunk_cache_cold": {
        "p50_ms": 0.011673,
        "p95_ms": 0.019556,
        "p99_ms": 0.20433300000000001,
        "samples": 64
      },
      "playsparse_warm_replay": {
        "p50_ms": 0.0008810000000000001,
        "p95_ms": 0.001142,
        "p99_ms": 0.002905,
        "samples": 64
      },
      "raw_bytes_loaded": 520192,
      "read_amplification": 3.8581324631016836,
      "read_bytes": 4096,
      "requested_bytes": 134830,
      "verified_cold_reads": 64,
      "verified_warm_reads": 64
    },
    {
      "aggregate_read_blake3": "18e367cd9dae17166b599555348b790dab9a6bbdd6988cb046b2c6c27837c504",
      "original": {
        "p50_ms": 0.000912,
        "p95_ms": 0.001182,
        "p99_ms": 0.004789,
        "samples": 64
      },
      "playsparse_chunk_cache_cold": {
        "p50_ms": 0.009687999999999999,
        "p95_ms": 0.011922,
        "p99_ms": 0.268272,
        "samples": 64
      },
      "playsparse_warm_replay": {
        "p50_ms": 0.000761,
        "p95_ms": 0.001122,
        "p99_ms": 0.006132,
        "samples": 64
      },
      "raw_bytes_loaded": 520192,
      "read_amplification": 2.935703603374813,
      "read_bytes": 65536,
      "requested_bytes": 177195,
      "verified_cold_reads": 64,
      "verified_warm_reads": 64
    },
    {
      "aggregate_read_blake3": "5793cef060a3691d9f6eeeadee2d73a0b5b12f079a0130c2b2758f2bb8d71cfd",
      "original": {
        "p50_ms": 0.000911,
        "p95_ms": 0.001183,
        "p99_ms": 0.525974,
        "samples": 64
      },
      "playsparse_chunk_cache_cold": {
        "p50_ms": 0.009708999999999999,
        "p95_ms": 0.013485,
        "p99_ms": 1.1387509999999998,
        "samples": 64
      },
      "playsparse_warm_replay": {
        "p50_ms": 0.0007419999999999999,
        "p95_ms": 0.0009620000000000001,
        "p99_ms": 0.5055660000000001,
        "samples": 64
      },
      "raw_bytes_loaded": 1568768,
      "read_amplification": 1.3432831475663627,
      "read_bytes": 1048576,
      "requested_bytes": 1167861,
      "verified_cold_reads": 64,
      "verified_warm_reads": 64
    }
  ]
}
