{
  "measurement_cpu_seconds": 0.008902,
  "measurement_note": "full identity hash and at most three 64 KiB Zstd level 3 probes per file; scanner hints are untrusted; no already-compressed byte attribution",
  "measurement_wall_seconds": 0.009739497,
  "profile": {
    "anti_cheat_detected": [],
    "engine": {
      "confidence": null,
      "evidence_paths": [],
      "key": "unknown",
      "label": "Unknown engine",
      "other_signals": [],
      "version": null
    },
    "executables": [],
    "files": [
      {
        "blake3": "d63fd0afb9724d97d3777c9a88bf804fd6aaa79d9bca03514597b7020a706746",
        "class": "container",
        "container_hint": "zip-family",
        "measurement": {
          "incompressible_candidate": true,
          "repeated_sample_blocks": 0,
          "sampled_bytes": 196608,
          "sampled_zstd_bytes": 196638,
          "samples": [
            {
              "blake3": "1536dcbef35d9703832ad1b7f187b7486cdccfcd9b5302275ac3bed90adbc3ad",
              "bytes": 65536,
              "cdc_chunks": 1,
              "entropy_millibits_per_byte": 7997,
              "offset": 0,
              "zstd_bytes": 65546
            },
            {
              "blake3": "3f2973a75e41a9f60948dc7b13308b56019b6b96c974678e4ebf29f49f5813ac",
              "bytes": 65536,
              "cdc_chunks": 1,
              "entropy_millibits_per_byte": 7997,
              "offset": 2065267,
              "zstd_bytes": 65546
            },
            {
              "blake3": "b5a4ba35e6239651ae89b0725fc8cb5adcccec79e04d109dc03771641bc9d08c",
              "bytes": 65536,
              "cdc_chunks": 1,
              "entropy_millibits_per_byte": 7996,
              "offset": 4130534,
              "zstd_bytes": 65546
            }
          ]
        },
        "mode": 420,
        "path": "content.pk3",
        "signature": "zip-local-header",
        "size": 4196070,
        "zip_boundaries": [
          1048946,
          2097892,
          3146838,
          4195784,
          4196070
        ]
      },
      {
        "blake3": "4c4f8c4f148c44272d015a21cd1a9d704e8bd755109a7c3f0c162d6e9dd908f2",
        "class": "binary",
        "container_hint": null,
        "measurement": {
          "incompressible_candidate": true,
          "repeated_sample_blocks": 0,
          "sampled_bytes": 196608,
          "sampled_zstd_bytes": 196638,
          "samples": [
            {
              "blake3": "5ffaead4aeb71ade397e2476dafb01b184061ee6407405eed28ae7003a8f1dc8",
              "bytes": 65536,
              "cdc_chunks": 1,
              "entropy_millibits_per_byte": 7997,
              "offset": 0,
              "zstd_bytes": 65546
            },
            {
              "blake3": "2f9a6f663c99a97ac7ba9c20295b4fabdf9f8c77425687fed06345567cef9f8c",
              "bytes": 65536,
              "cdc_chunks": 1,
              "entropy_millibits_per_byte": 7997,
              "offset": 1015808,
              "zstd_bytes": 65546
            },
            {
              "blake3": "e78153fc648195f073664b4805e1b056c366680dcbe302fa3267745b7c4c7fcb",
              "bytes": 65536,
              "cdc_chunks": 1,
              "entropy_millibits_per_byte": 7997,
              "offset": 2031616,
              "zstd_bytes": 65546
            }
          ]
        },
        "mode": 420,
        "path": "raw.dat",
        "signature": null,
        "size": 2097152,
        "zip_boundaries": null
      },
      {
        "blake3": "f14bd9ca1f999341ae66e79c0f2edf8270830a34864209c61f730a042498529f",
        "class": "scripts-text",
        "container_hint": null,
        "measurement": {
          "incompressible_candidate": false,
          "repeated_sample_blocks": 0,
          "sampled_bytes": 196608,
          "sampled_zstd_bytes": 291,
          "samples": [
            {
              "blake3": "1f4c3ffa1c88f0a9e5f7b8130fdb982876f8e44fc0d1d3b7c4e9c593c6fbca90",
              "bytes": 65536,
              "cdc_chunks": 1,
              "entropy_millibits_per_byte": 4544,
              "offset": 0,
              "zstd_bytes": 97
            },
            {
              "blake3": "9971f2b1aef5da17101e0040e183af9fb9d1a2d49749a78f1d7745db3079b9e5",
              "bytes": 65536,
              "cdc_chunks": 1,
              "entropy_millibits_per_byte": 4544,
              "offset": 319488,
              "zstd_bytes": 97
            },
            {
              "blake3": "4be02954e389ee1419a4d0a4cd94193106240c9aded7145aef5322ecc46b22a4",
              "bytes": 65536,
              "cdc_chunks": 1,
              "entropy_millibits_per_byte": 4544,
              "offset": 638976,
              "zstd_bytes": 97
            }
          ]
        },
        "mode": 420,
        "path": "script.lua",
        "signature": null,
        "size": 704512,
        "zip_boundaries": null
      }
    ],
    "game": {
      "appid": null,
      "name": null,
      "store": null
    },
    "generated_at": null,
    "generated_by": "playsparse-game-v1",
    "hints": {
      "runtime_policy": "unchanged-static-default",
      "startup_regions": []
    },
    "scanner_status": "generic",
    "scanner_truncated": false,
    "schema_version": 1,
    "source_identity": {
      "algorithm": "playsparse-source-blake3-v1",
      "digest": "932e7725950f69ee087445a9891650db900453a5da38a662c527384b136a92fb",
      "directories": []
    }
  },
  "source_unchanged": true,
  "startup": "NOT RUN"
}
