2026-10-04T19:33:39.7848476Z Current runner version: '2.337.0'
2026-10-04T19:33:39.7873069Z ##[group]Runner Image Provisioner
2026-10-04T19:33:39.7874038Z Hosted Compute Agent
2026-10-04T19:33:39.7874651Z Version: 20260901.588
2026-10-04T19:33:39.7875288Z Commit: f88ec8081b781fac6c440065ac7ff9e710ce3d0b
2026-10-04T19:33:39.7876113Z Build Date: 2026-09-01T19:56:44Z
2026-10-04T19:33:39.7876835Z Worker ID: {19dd6ef1-58a5-4b7a-9763-d76088764016}
2026-10-04T19:33:39.7877763Z Azure Region: westus2
2026-10-04T19:33:39.7878413Z ##[endgroup]
2026-10-04T19:33:39.7879886Z ##[group]Operating System
2026-10-04T19:33:39.7880670Z Ubuntu
2026-10-04T19:33:39.7881198Z 24.04.5
2026-10-04T19:33:39.7881695Z LTS
2026-10-04T19:33:39.7882275Z ##[endgroup]
2026-10-04T19:33:39.7882825Z ##[group]Runner Image
2026-10-04T19:33:39.7883497Z Image: ubuntu-24.04
2026-10-04T19:33:39.7884098Z Version: 20260927.320.1
2026-10-04T19:33:39.7885392Z Included Software: https://github.com/actions/runner-images/blob/ubuntu24/20260927.320/images/ubuntu/Ubuntu2404-Readme.md
2026-10-04T19:33:39.7887198Z Image Release: https://github.com/actions/runner-images/releases/tag/ubuntu24%2F20260927.320
2026-10-04T19:33:39.7888287Z ##[endgroup]
2026-10-04T19:33:39.7889427Z ##[group]GITHUB_TOKEN Permissions
2026-10-04T19:33:39.7891347Z Contents: read
2026-10-04T19:33:39.7891985Z Metadata: read
2026-10-04T19:33:39.7892536Z ##[endgroup]
2026-10-04T19:33:39.7894623Z Secret source: Actions
2026-10-04T19:33:39.7895589Z Cache mode: write
2026-10-04T19:33:39.7896384Z Prepare workflow directory
2026-10-04T19:33:39.8245472Z Prepare all required actions
2026-10-04T19:33:39.8317597Z Getting action download info
2026-10-04T19:33:40.2122746Z Download action repository 'actions/checkout@v4' (SHA:11d5960a326750d5838078e36cf38b85af677262)
2026-10-04T19:33:40.3133952Z Download action repository 'dtolnay/rust-toolchain@master' (SHA:7e38f4b43b4db5c8dd498af069a4f6196df1d067)
2026-10-04T19:33:40.4745223Z Download action repository 'Swatinem/rust-cache@v2' (SHA:6323deb102c322ba6fcbdcafc7e3dddab59af2b6)
2026-10-04T19:33:40.7483683Z Download action repository 'actions/upload-artifact@v4' (SHA:ea165f8d65b6e75b540449e92b4886f43607fa02)
2026-10-04T19:33:40.9880414Z Complete job name: linux
2026-10-04T19:33:41.0669267Z ##[group]Run actions/checkout@v4
2026-10-04T19:33:41.0670145Z with:
2026-10-04T19:33:41.0670604Z   repository: gogolumo/PlaySparse
2026-10-04T19:33:41.0674268Z   token: ***
2026-10-04T19:33:41.0674697Z   ssh-strict: true
2026-10-04T19:33:41.0675132Z   ssh-user: git
2026-10-04T19:33:41.0675577Z   persist-credentials: true
2026-10-04T19:33:41.0676061Z   clean: true
2026-10-04T19:33:41.0676513Z   sparse-checkout-cone-mode: true
2026-10-04T19:33:41.0677499Z   fetch-depth: 1
2026-10-04T19:33:41.0677965Z   fetch-tags: false
2026-10-04T19:33:41.0678417Z   show-progress: true
2026-10-04T19:33:41.0678872Z   lfs: false
2026-10-04T19:33:41.0679278Z   submodules: false
2026-10-04T19:33:41.0679725Z   set-safe-directory: true
2026-10-04T19:33:41.0680232Z   allow-unsafe-pr-checkout: false
2026-10-04T19:33:41.0681089Z ##[endgroup]
2026-10-04T19:33:41.1759316Z Syncing repository: gogolumo/PlaySparse
2026-10-04T19:33:41.1761812Z ##[group]Getting Git version info
2026-10-04T19:33:41.1763058Z Working directory is '/home/runner/work/PlaySparse/PlaySparse'
2026-10-04T19:33:41.1764767Z [command]/usr/bin/git version
2026-10-04T19:33:41.1829688Z git version 2.55.0
2026-10-04T19:33:41.1851742Z ##[endgroup]
2026-10-04T19:33:41.1867533Z Temporarily overriding HOME='/home/runner/work/_temp/f21fb8af-9500-4b07-b864-76b0eab77ec0' before making global git config changes
2026-10-04T19:33:41.1870176Z Adding repository directory to the temporary git global config as a safe directory
2026-10-04T19:33:41.1874539Z [command]/usr/bin/git config --global --add safe.directory /home/runner/work/PlaySparse/PlaySparse
2026-10-04T19:33:41.1929020Z Deleting the contents of '/home/runner/work/PlaySparse/PlaySparse'
2026-10-04T19:33:41.1932966Z ##[group]Initializing the repository
2026-10-04T19:33:41.1938545Z [command]/usr/bin/git init /home/runner/work/PlaySparse/PlaySparse
2026-10-04T19:33:41.2089356Z hint: Using 'master' as the name for the initial branch. This default branch name
2026-10-04T19:33:41.2090732Z hint: will change to "main" in Git 3.0. To configure the initial branch name
2026-10-04T19:33:41.2091666Z hint: to use in all of your new repositories, which will suppress this warning,
2026-10-04T19:33:41.2092401Z hint: call:
2026-10-04T19:33:41.2092803Z hint:
2026-10-04T19:33:41.2093339Z hint: 	git config --global init.defaultBranch <name>
2026-10-04T19:33:41.2093949Z hint:
2026-10-04T19:33:41.2094544Z hint: Names commonly chosen instead of 'master' are 'main', 'trunk' and
2026-10-04T19:33:41.2095530Z hint: 'development'. The just-created branch can be renamed via this command:
2026-10-04T19:33:41.2096265Z hint:
2026-10-04T19:33:41.2096682Z hint: 	git branch -m <name>
2026-10-04T19:33:41.2097602Z hint:
2026-10-04T19:33:41.2098532Z hint: Disable this message with "git config set advice.defaultBranchName false"
2026-10-04T19:33:41.2104420Z Initialized empty Git repository in /home/runner/work/PlaySparse/PlaySparse/.git/
2026-10-04T19:33:41.2115702Z [command]/usr/bin/git remote add origin https://github.com/gogolumo/PlaySparse
2026-10-04T19:33:41.2169764Z ##[endgroup]
2026-10-04T19:33:41.2171080Z ##[group]Disabling automatic garbage collection
2026-10-04T19:33:41.2174500Z [command]/usr/bin/git config --local gc.auto 0
2026-10-04T19:33:41.2206282Z ##[endgroup]
2026-10-04T19:33:41.2207908Z ##[group]Setting up auth
2026-10-04T19:33:41.2213814Z [command]/usr/bin/git config --local --name-only --get-regexp core\.sshCommand
2026-10-04T19:33:41.2248269Z [command]/usr/bin/git submodule foreach --recursive sh -c "git config --local --name-only --get-regexp 'core\.sshCommand' && git config --local --unset-all 'core.sshCommand' || :"
2026-10-04T19:33:41.2645722Z [command]/usr/bin/git config --local --name-only --get-regexp http\.https\:\/\/github\.com\/\.extraheader
2026-10-04T19:33:41.2685827Z [command]/usr/bin/git submodule foreach --recursive sh -c "git config --local --name-only --get-regexp 'http\.https\:\/\/github\.com\/\.extraheader' && git config --local --unset-all 'http.https://github.com/.extraheader' || :"
2026-10-04T19:33:41.2920646Z [command]/usr/bin/git config --local --name-only --get-regexp ^includeIf\.gitdir:
2026-10-04T19:33:41.2955693Z [command]/usr/bin/git submodule foreach --recursive git config --local --show-origin --name-only --get-regexp remote.origin.url
2026-10-04T19:33:41.3178377Z [command]/usr/bin/git config --local http.https://github.com/.extraheader AUTHORIZATION: basic ***
2026-10-04T19:33:41.3219100Z ##[endgroup]
2026-10-04T19:33:41.3219976Z ##[group]Fetching the repository
2026-10-04T19:33:41.3229191Z [command]/usr/bin/git -c protocol.version=2 fetch --no-tags --prune --no-recurse-submodules --depth=1 origin +0fb447993820924967093856fab2b78fe93ebc02:refs/remotes/pull/7/merge
2026-10-04T19:33:41.8609440Z From https://github.com/gogolumo/PlaySparse
2026-10-04T19:33:41.8612611Z  * [new ref]         0fb447993820924967093856fab2b78fe93ebc02 -> pull/7/merge
2026-10-04T19:33:41.8619988Z ##[endgroup]
2026-10-04T19:33:41.8622967Z ##[group]Determining the checkout info
2026-10-04T19:33:41.8629372Z ##[endgroup]
2026-10-04T19:33:41.8631343Z [command]/usr/bin/git sparse-checkout disable
2026-10-04T19:33:41.8718733Z [command]/usr/bin/git config --local --unset-all extensions.worktreeConfig
2026-10-04T19:33:41.8760172Z ##[group]Checking out the ref
2026-10-04T19:33:41.8763446Z [command]/usr/bin/git checkout --progress --force refs/remotes/pull/7/merge
2026-10-04T19:33:41.9384842Z Note: switching to 'refs/remotes/pull/7/merge'.
2026-10-04T19:33:41.9386349Z 
2026-10-04T19:33:41.9387600Z You are in 'detached HEAD' state. You can look around, make experimental
2026-10-04T19:33:41.9389960Z changes and commit them, and you can discard any commits you make in this
2026-10-04T19:33:41.9392242Z state without impacting any branches by switching back to a branch.
2026-10-04T19:33:41.9394321Z 
2026-10-04T19:33:41.9395688Z If you want to create a new branch to retain commits you create, you may
2026-10-04T19:33:41.9399428Z do so (now or later) by using -c with the switch command. Example:
2026-10-04T19:33:41.9401252Z 
2026-10-04T19:33:41.9402001Z   git switch -c <new-branch-name>
2026-10-04T19:33:41.9403316Z 
2026-10-04T19:33:41.9404113Z Or undo this operation with:
2026-10-04T19:33:41.9405309Z 
2026-10-04T19:33:41.9405977Z   git switch -
2026-10-04T19:33:41.9406832Z 
2026-10-04T19:33:41.9408569Z Turn off this advice by setting config variable advice.detachedHead to false
2026-10-04T19:33:41.9410694Z 
2026-10-04T19:33:41.9413057Z HEAD is now at 0fb4479 Merge 7692d7bdb2527533e174e1a24320973d3192ec4e into 97fcbf1a0fd365fdd26660ac5090b53f80c80e17
2026-10-04T19:33:41.9418887Z ##[endgroup]
2026-10-04T19:33:41.9451357Z [command]/usr/bin/git log -1 --format=%H
2026-10-04T19:33:41.9478281Z 0fb447993820924967093856fab2b78fe93ebc02
2026-10-04T19:33:42.0142212Z ##[group]Run dtolnay/rust-toolchain@master
2026-10-04T19:33:42.0143406Z with:
2026-10-04T19:33:42.0144182Z   toolchain: 1.99.0
2026-10-04T19:33:42.0145091Z   components: rustfmt, clippy
2026-10-04T19:33:42.0146062Z ##[endgroup]
2026-10-04T19:33:42.0236215Z ##[start-action display=Parse toolchain version;id=__dtolnay_rust-toolchain.parse]
2026-10-04T19:33:42.0318326Z ##[group]Run if [[ -z $toolchain ]]; then
2026-10-04T19:33:42.0319573Z [36;1mif [[ -z $toolchain ]]; then[0m
2026-10-04T19:33:42.0321487Z [36;1m  # GitHub does not enforce `required: true` inputs itself. https://github.com/actions/runner/issues/1070[0m
2026-10-04T19:33:42.0323536Z [36;1m  echo "'toolchain' is a required input" >&2[0m
2026-10-04T19:33:42.0324693Z [36;1m  exit 1[0m
2026-10-04T19:33:42.0325964Z [36;1melif [[ $toolchain =~ ^stable' '[0-9]+' '(year|month|week|day)s?' 'ago$ ]]; then[0m
2026-10-04T19:33:42.0327690Z [36;1m  if [[ Linux == macOS ]]; then[0m
2026-10-04T19:33:42.0329748Z [36;1m    echo "toolchain=1.$((($(date -v-$(sed 's/stable \([0-9]*\) \(.\).*/\1\2/' <<< $toolchain) +%s)/60/60/24-16569)/7/6))" >> $GITHUB_OUTPUT[0m
2026-10-04T19:33:42.0331706Z [36;1m  else[0m
2026-10-04T19:33:42.0333250Z [36;1m    echo "toolchain=1.$((($(date --date "${toolchain#stable }" +%s)/60/60/24-16569)/7/6))" >> $GITHUB_OUTPUT[0m
2026-10-04T19:33:42.0335007Z [36;1m  fi[0m
2026-10-04T19:33:42.0336134Z [36;1melif [[ $toolchain =~ ^stable' 'minus' '[0-9]+' 'releases?$ ]]; then[0m
2026-10-04T19:33:42.0338258Z [36;1m  echo "toolchain=1.$((($(date +%s)/60/60/24-16569)/7/6-${toolchain//[^0-9]/}))" >> $GITHUB_OUTPUT[0m
2026-10-04T19:33:42.0340026Z [36;1melif [[ $toolchain =~ ^1\.[0-9]+$ ]]; then[0m
2026-10-04T19:33:42.0342012Z [36;1m  echo "toolchain=1.$((i=${toolchain#1.}, c=($(date +%s)/60/60/24-16569)/7/6, i+9*i*(10*i<=c)+90*i*(100*i<=c)))" >> $GITHUB_OUTPUT[0m
2026-10-04T19:33:42.0343893Z [36;1melse[0m
2026-10-04T19:33:42.0344845Z [36;1m  echo "toolchain=$toolchain" >> $GITHUB_OUTPUT[0m
2026-10-04T19:33:42.0346022Z [36;1mfi[0m
2026-10-04T19:33:42.0636134Z shell: /usr/bin/bash --noprofile --norc -e -o pipefail {0}
2026-10-04T19:33:42.0637759Z env:
2026-10-04T19:33:42.0638567Z   toolchain: 1.99.0
2026-10-04T19:33:42.0639419Z ##[endgroup]
2026-10-04T19:33:42.0791338Z ##[end-action id=__dtolnay_rust-toolchain.parse;outcome=success;conclusion=success;duration_ms=55]
2026-10-04T19:33:42.0808880Z ##[start-action display=Construct rustup command line;id=__dtolnay_rust-toolchain.flags]
2026-10-04T19:33:42.0863918Z ##[group]Run echo "targets=$(for t in ${targets//,/ }; do echo -n ' --target' $t; done)" >> $GITHUB_OUTPUT
2026-10-04T19:33:42.0866199Z [36;1mecho "targets=$(for t in ${targets//,/ }; do echo -n ' --target' $t; done)" >> $GITHUB_OUTPUT[0m
2026-10-04T19:33:42.0868820Z [36;1mecho "components=$(for c in ${components//,/ }; do echo -n ' --component' $c; done)" >> $GITHUB_OUTPUT[0m
2026-10-04T19:33:42.0870646Z [36;1mecho "downgrade=" >> $GITHUB_OUTPUT[0m
2026-10-04T19:33:42.0930340Z shell: /usr/bin/bash --noprofile --norc -e -o pipefail {0}
2026-10-04T19:33:42.0931561Z env:
2026-10-04T19:33:42.0932246Z   targets: 
2026-10-04T19:33:42.0933008Z   components: rustfmt, clippy
2026-10-04T19:33:42.0934124Z ##[endgroup]
2026-10-04T19:33:42.1042457Z ##[end-action id=__dtolnay_rust-toolchain.flags;outcome=success;conclusion=success;duration_ms=23]
2026-10-04T19:33:42.1048613Z ##[start-action display=Set $CARGO_HOME;id=__dtolnay_rust-toolchain.__run]
2026-10-04T19:33:42.1092713Z ##[group]Run echo CARGO_HOME=${CARGO_HOME:-"$HOME/.cargo"} >> $GITHUB_ENV
2026-10-04T19:33:42.1094366Z [36;1mecho CARGO_HOME=${CARGO_HOME:-"$HOME/.cargo"} >> $GITHUB_ENV[0m
2026-10-04T19:33:42.1154052Z shell: /usr/bin/bash --noprofile --norc -e -o pipefail {0}
2026-10-04T19:33:42.1155289Z ##[endgroup]
2026-10-04T19:33:42.1258967Z ##[end-action id=__dtolnay_rust-toolchain.__run;outcome=success;conclusion=success;duration_ms=20]
2026-10-04T19:33:42.1265178Z ##[start-action display=Install rustup if needed;id=__dtolnay_rust-toolchain.__run_2]
2026-10-04T19:33:42.1325324Z ##[group]Run if ! command -v rustup &>/dev/null; then
2026-10-04T19:33:42.1326612Z [36;1mif ! command -v rustup &>/dev/null; then[0m
2026-10-04T19:33:42.1329446Z [36;1m  curl --proto '=https' --tlsv1.2 --retry 10 --retry-connrefused --location --silent --show-error --fail https://sh.rustup.rs | sh -s -- --default-toolchain none -y[0m
2026-10-04T19:33:42.1332110Z [36;1m  echo "$CARGO_HOME/bin" >> $GITHUB_PATH[0m
2026-10-04T19:33:42.1333180Z [36;1mfi[0m
2026-10-04T19:33:42.1390817Z shell: /usr/bin/bash --noprofile --norc -e -o pipefail {0}
2026-10-04T19:33:42.1392045Z env:
2026-10-04T19:33:42.1392773Z   CARGO_HOME: /home/runner/.cargo
2026-10-04T19:33:42.1393696Z ##[endgroup]
2026-10-04T19:33:42.1491948Z ##[end-action id=__dtolnay_rust-toolchain.__run_2;outcome=success;conclusion=success;duration_ms=22]
2026-10-04T19:33:42.1498468Z ##[start-action display=Install rustup if needed on windows;id=__dtolnay_rust-toolchain.__run_3]
2026-10-04T19:33:42.1512056Z ##[end-action id=__dtolnay_rust-toolchain.__run_3;outcome=skipped;conclusion=skipped;duration_ms=0]
2026-10-04T19:33:42.1527705Z ##[start-action display=rustup toolchain install 1.99.0;id=__dtolnay_rust-toolchain.__run_4]
2026-10-04T19:33:42.1600169Z ##[group]Run log=$(mktemp)
2026-10-04T19:33:42.1601068Z [36;1mlog=$(mktemp)[0m
2026-10-04T19:33:42.1601914Z [36;1mtrap 'rm -f "$log"' EXIT[0m
2026-10-04T19:33:42.1602861Z [36;1mfor attempt in 1 2 3 4 5; do[0m
2026-10-04T19:33:42.1605188Z [36;1m  if rustup toolchain install 1.99.0 --component rustfmt --component clippy --profile minimal --no-self-update --force-non-host 2>&1 | tee "$log"; then[0m
2026-10-04T19:33:42.1607697Z [36;1m    break[0m
2026-10-04T19:33:42.1608443Z [36;1m  else[0m
2026-10-04T19:33:42.1609173Z [36;1m    status=$?[0m
2026-10-04T19:33:42.1609968Z [36;1m  fi[0m
2026-10-04T19:33:42.1611002Z [36;1m  if [[ $attempt == 5 ]] || ! grep -Fq 'checksum failed for ' "$log" \[0m
2026-10-04T19:33:42.1612982Z [36;1m      || ! grep -Fq 'this is likely due to an ongoing update of the official release server' "$log"; then[0m
2026-10-04T19:33:42.1614661Z [36;1m    exit "$status"[0m
2026-10-04T19:33:42.1615490Z [36;1m  fi[0m
2026-10-04T19:33:42.1616767Z [36;1m  echo "Retrying rustup toolchain install in 30 seconds (retry $attempt of 4)" >&2[0m
2026-10-04T19:33:42.1618414Z [36;1m  sleep 30[0m
2026-10-04T19:33:42.1619175Z [36;1mdone[0m
2026-10-04T19:33:42.1677657Z shell: /usr/bin/bash --noprofile --norc -e -o pipefail {0}
2026-10-04T19:33:42.1678850Z env:
2026-10-04T19:33:42.1679564Z   CARGO_HOME: /home/runner/.cargo
2026-10-04T19:33:42.1680535Z   RUSTUP_PERMIT_COPY_RENAME: 1
2026-10-04T19:33:42.1681417Z ##[endgroup]
2026-10-04T19:33:42.2266539Z info: syncing channel updates for 1.99.0-x86_64-unknown-linux-gnu
2026-10-04T19:33:42.3834215Z info: latest update on 2026-10-01 for version 1.99.0 (b940084d7 2026-09-28)
2026-10-04T19:33:42.3836115Z info: downloading 5 components
2026-10-04T19:33:51.0027245Z 
2026-10-04T19:33:51.0094315Z   1.99.0-x86_64-unknown-linux-gnu installed - rustc 1.99.0 (b940084d7 2026-09-28)
2026-10-04T19:33:51.0094988Z 
2026-10-04T19:33:51.0168888Z ##[end-action id=__dtolnay_rust-toolchain.__run_4;outcome=success;conclusion=success;duration_ms=8863]
2026-10-04T19:33:51.0177986Z ##[start-action display=rustup default 1.99.0;id=__dtolnay_rust-toolchain.__run_5]
2026-10-04T19:33:51.0206137Z ##[group]Run rustup default 1.99.0 --force-non-host
2026-10-04T19:33:51.0206581Z [36;1mrustup default 1.99.0 --force-non-host[0m
2026-10-04T19:33:51.0272015Z shell: /usr/bin/bash --noprofile --norc -e -o pipefail {0}
2026-10-04T19:33:51.0272413Z env:
2026-10-04T19:33:51.0272669Z   CARGO_HOME: /home/runner/.cargo
2026-10-04T19:33:51.0272968Z ##[endgroup]
2026-10-04T19:33:51.0394770Z info: using existing install for 1.99.0-x86_64-unknown-linux-gnu
2026-10-04T19:33:51.0403118Z info: default toolchain set to 1.99.0-x86_64-unknown-linux-gnu
2026-10-04T19:33:51.0403489Z 
2026-10-04T19:33:51.0466171Z   1.99.0-x86_64-unknown-linux-gnu unchanged - rustc 1.99.0 (b940084d7 2026-09-28)
2026-10-04T19:33:51.0468261Z info: note that the toolchain '1.99.0-x86_64-unknown-linux-gnu' is currently in use (overridden by '/home/runner/work/PlaySparse/PlaySparse/rust-toolchain.toml')
2026-10-04T19:33:51.0469105Z 
2026-10-04T19:33:51.0483283Z ##[end-action id=__dtolnay_rust-toolchain.__run_5;outcome=success;conclusion=success;duration_ms=30]
2026-10-04T19:33:51.0486004Z ##[start-action display=Create cachekey;id=__dtolnay_rust-toolchain.rustc-version]
2026-10-04T19:33:51.0512855Z ##[group]Run DATE=$(rustc +1.99.0 --version --verbose | sed -ne 's/^commit-date: \(20[0-9][0-9]\)-\([01][0-9]\)-\([0-3][0-9]\)$/\1\2\3/p')
2026-10-04T19:33:51.0513708Z [36;1mDATE=$(rustc +1.99.0 --version --verbose | sed -ne 's/^commit-date: \(20[0-9][0-9]\)-\([01][0-9]\)-\([0-3][0-9]\)$/\1\2\3/p')[0m
2026-10-04T19:33:51.0514390Z [36;1mHASH=$(rustc +1.99.0 --version --verbose | sed -ne 's/^commit-hash: //p')[0m
2026-10-04T19:33:51.0514946Z [36;1mecho "cachekey=$(echo $DATE$HASH | head -c12)" >> $GITHUB_OUTPUT[0m
2026-10-04T19:33:51.0577746Z shell: /usr/bin/bash --noprofile --norc -e -o pipefail {0}
2026-10-04T19:33:51.0578150Z env:
2026-10-04T19:33:51.0578426Z   CARGO_HOME: /home/runner/.cargo
2026-10-04T19:33:51.0578726Z ##[endgroup]
2026-10-04T19:33:51.0913661Z ##[end-action id=__dtolnay_rust-toolchain.rustc-version;outcome=success;conclusion=success;duration_ms=42]
2026-10-04T19:33:51.0916629Z ##[start-action display=Disable incremental compilation;id=__dtolnay_rust-toolchain.__run_6]
2026-10-04T19:33:51.0942481Z ##[group]Run if [ -z "${CARGO_INCREMENTAL+set}" ]; then
2026-10-04T19:33:51.0942939Z [36;1mif [ -z "${CARGO_INCREMENTAL+set}" ]; then[0m
2026-10-04T19:33:51.0943326Z [36;1m  echo CARGO_INCREMENTAL=0 >> $GITHUB_ENV[0m
2026-10-04T19:33:51.0943668Z [36;1mfi[0m
2026-10-04T19:33:51.1011900Z shell: /usr/bin/bash --noprofile --norc -e -o pipefail {0}
2026-10-04T19:33:51.1012331Z env:
2026-10-04T19:33:51.1012589Z   CARGO_HOME: /home/runner/.cargo
2026-10-04T19:33:51.1012903Z ##[endgroup]
2026-10-04T19:33:51.1101299Z ##[end-action id=__dtolnay_rust-toolchain.__run_6;outcome=success;conclusion=success;duration_ms=18]
2026-10-04T19:33:51.1103715Z ##[start-action display=Enable colors in Cargo output;id=__dtolnay_rust-toolchain.__run_7]
2026-10-04T19:33:51.1128456Z ##[group]Run if [ -z "${CARGO_TERM_COLOR+set}" ]; then
2026-10-04T19:33:51.1128876Z [36;1mif [ -z "${CARGO_TERM_COLOR+set}" ]; then[0m
2026-10-04T19:33:51.1129260Z [36;1m  echo CARGO_TERM_COLOR=always >> $GITHUB_ENV[0m
2026-10-04T19:33:51.1129598Z [36;1mfi[0m
2026-10-04T19:33:51.1190125Z shell: /usr/bin/bash --noprofile --norc -e -o pipefail {0}
2026-10-04T19:33:51.1190530Z env:
2026-10-04T19:33:51.1190785Z   CARGO_HOME: /home/runner/.cargo
2026-10-04T19:33:51.1191097Z   CARGO_INCREMENTAL: 0
2026-10-04T19:33:51.1191360Z ##[endgroup]
2026-10-04T19:33:51.1279575Z ##[end-action id=__dtolnay_rust-toolchain.__run_7;outcome=success;conclusion=success;duration_ms=17]
2026-10-04T19:33:51.1281947Z ##[start-action display=Enable Cargo sparse registry;id=__dtolnay_rust-toolchain.__run_8]
2026-10-04T19:33:51.1308062Z ##[group]Run # implemented in 1.66, stabilized in 1.68, made default in 1.70
2026-10-04T19:33:51.1308785Z [36;1m# implemented in 1.66, stabilized in 1.68, made default in 1.70[0m
2026-10-04T19:33:51.1309613Z [36;1mif [ -z "${CARGO_REGISTRIES_CRATES_IO_PROTOCOL+set}" -o -f "/home/runner/work/_temp"/.implicit_cargo_registries_crates_io_protocol ]; then[0m
2026-10-04T19:33:51.1310398Z [36;1m  if rustc +1.99.0 --version --verbose | grep -q '^release: 1\.6[89]\.'; then[0m
2026-10-04T19:33:51.1311013Z [36;1m    touch "/home/runner/work/_temp"/.implicit_cargo_registries_crates_io_protocol || true[0m
2026-10-04T19:33:51.1311611Z [36;1m    echo CARGO_REGISTRIES_CRATES_IO_PROTOCOL=sparse >> $GITHUB_ENV[0m
2026-10-04T19:33:51.1312153Z [36;1m  elif rustc +1.99.0 --version --verbose | grep -q '^release: 1\.6[67]\.'; then[0m
2026-10-04T19:33:51.1312899Z [36;1m    touch "/home/runner/work/_temp"/.implicit_cargo_registries_crates_io_protocol || true[0m
2026-10-04T19:33:51.1313486Z [36;1m    echo CARGO_REGISTRIES_CRATES_IO_PROTOCOL=git >> $GITHUB_ENV[0m
2026-10-04T19:33:51.1313887Z [36;1m  fi[0m
2026-10-04T19:33:51.1314145Z [36;1mfi[0m
2026-10-04T19:33:51.1375460Z shell: /usr/bin/bash --noprofile --norc -e -o pipefail {0}
2026-10-04T19:33:51.1375860Z env:
2026-10-04T19:33:51.1376109Z   CARGO_HOME: /home/runner/.cargo
2026-10-04T19:33:51.1376411Z   CARGO_INCREMENTAL: 0
2026-10-04T19:33:51.1376685Z   CARGO_TERM_COLOR: always
2026-10-04T19:33:51.1377257Z ##[endgroup]
2026-10-04T19:33:51.1681690Z ##[end-action id=__dtolnay_rust-toolchain.__run_8;outcome=success;conclusion=success;duration_ms=39]
2026-10-04T19:33:51.1684812Z ##[start-action display=Work around spurious network errors in curl 8.0;id=__dtolnay_rust-toolchain.__run_9]
2026-10-04T19:33:51.1712560Z ##[group]Run # https://rust-lang.zulipchat.com/#narrow/stream/246057-t-cargo/topic/timeout.20investigation
2026-10-04T19:33:51.1713425Z [36;1m# https://rust-lang.zulipchat.com/#narrow/stream/246057-t-cargo/topic/timeout.20investigation[0m
2026-10-04T19:33:51.1714117Z [36;1mif rustc +1.99.0 --version --verbose | grep -q '^release: 1\.7[01]\.'; then[0m
2026-10-04T19:33:51.1714649Z [36;1m  echo CARGO_HTTP_MULTIPLEXING=false >> $GITHUB_ENV[0m
2026-10-04T19:33:51.1715014Z [36;1mfi[0m
2026-10-04T19:33:51.1782477Z shell: /usr/bin/bash --noprofile --norc -e -o pipefail {0}
2026-10-04T19:33:51.1782885Z env:
2026-10-04T19:33:51.1783155Z   CARGO_HOME: /home/runner/.cargo
2026-10-04T19:33:51.1783478Z   CARGO_INCREMENTAL: 0
2026-10-04T19:33:51.1783764Z   CARGO_TERM_COLOR: always
2026-10-04T19:33:51.1784062Z ##[endgroup]
2026-10-04T19:33:51.1980581Z ##[end-action id=__dtolnay_rust-toolchain.__run_9;outcome=success;conclusion=success;duration_ms=29]
2026-10-04T19:33:51.1984958Z ##[start-action display=rustc +1.99.0 --version --verbose;id=__dtolnay_rust-toolchain.__run_10]
2026-10-04T19:33:51.2011262Z ##[group]Run rustc +1.99.0 --version --verbose
2026-10-04T19:33:51.2011668Z [36;1mrustc +1.99.0 --version --verbose[0m
2026-10-04T19:33:51.2075416Z shell: /usr/bin/bash --noprofile --norc -e -o pipefail {0}
2026-10-04T19:33:51.2075821Z env:
2026-10-04T19:33:51.2076089Z   CARGO_HOME: /home/runner/.cargo
2026-10-04T19:33:51.2076397Z   CARGO_INCREMENTAL: 0
2026-10-04T19:33:51.2076669Z   CARGO_TERM_COLOR: always
2026-10-04T19:33:51.2077189Z ##[endgroup]
2026-10-04T19:33:51.2284399Z rustc 1.99.0 (b940084d7 2026-09-28)
2026-10-04T19:33:51.2285395Z binary: rustc
2026-10-04T19:33:51.2286240Z commit-hash: b940084d7eb6a299eb4bfeb8e34901bc051e7ac4
2026-10-04T19:33:51.2287475Z commit-date: 2026-09-28
2026-10-04T19:33:51.2288251Z host: x86_64-unknown-linux-gnu
2026-10-04T19:33:51.2289103Z release: 1.99.0
2026-10-04T19:33:51.2289846Z LLVM version: 23.1.1
2026-10-04T19:33:51.2304155Z ##[end-action id=__dtolnay_rust-toolchain.__run_10;outcome=success;conclusion=success;duration_ms=31]
2026-10-04T19:33:51.2453354Z ##[group]Run Swatinem/rust-cache@v2
2026-10-04T19:33:51.2453705Z with:
2026-10-04T19:33:51.2454005Z   prefix-key: v0-rust
2026-10-04T19:33:51.2454279Z   add-job-id-key: true
2026-10-04T19:33:51.2454565Z   add-rust-environment-hash-key: true
2026-10-04T19:33:51.2455065Z   cache-targets: true
2026-10-04T19:33:51.2455330Z   cache-all-crates: false
2026-10-04T19:33:51.2455617Z   cache-workspace-crates: false
2026-10-04T19:33:51.2455906Z   save-if: true
2026-10-04T19:33:51.2456152Z   cache-provider: github
2026-10-04T19:33:51.2456425Z   cache-bin: true
2026-10-04T19:33:51.2456671Z   lookup-only: false
2026-10-04T19:33:51.2457139Z   cmd-format: {0}
2026-10-04T19:33:51.2457382Z env:
2026-10-04T19:33:51.2457620Z   CARGO_HOME: /home/runner/.cargo
2026-10-04T19:33:51.2457966Z   CARGO_INCREMENTAL: 0
2026-10-04T19:33:51.2458360Z   CARGO_TERM_COLOR: always
2026-10-04T19:33:51.2458654Z ##[endgroup]
2026-10-04T19:33:51.8248258Z ##[group]Cache Configuration
2026-10-04T19:33:51.8277734Z Cache Provider:
2026-10-04T19:33:51.8281895Z     github
2026-10-04T19:33:51.8282241Z Workspaces:
2026-10-04T19:33:51.8282635Z     /home/runner/work/PlaySparse/PlaySparse
2026-10-04T19:33:51.8283144Z Cache Paths:
2026-10-04T19:33:51.8283487Z     /home/runner/.cargo/bin
2026-10-04T19:33:51.8283916Z     /home/runner/.cargo/.crates.toml
2026-10-04T19:33:51.8284317Z     /home/runner/.cargo/.crates2.json
2026-10-04T19:33:51.8284614Z     /home/runner/.cargo/registry
2026-10-04T19:33:51.8284911Z     /home/runner/.cargo/git
2026-10-04T19:33:51.8285200Z     /home/runner/work/PlaySparse/PlaySparse/target
2026-10-04T19:33:51.8285501Z Restore Key:
2026-10-04T19:33:51.8285734Z     v0-rust-linux-Linux-x64-ea977744
2026-10-04T19:33:51.8285995Z Cache Key:
2026-10-04T19:33:51.8286220Z     v0-rust-linux-Linux-x64-ea977744-39d4eae6
2026-10-04T19:33:51.8286500Z .. Prefix:
2026-10-04T19:33:51.8286711Z   - v0-rust-linux-Linux-x64
2026-10-04T19:33:51.8287281Z .. Environment considered:
2026-10-04T19:33:51.8287534Z   - Rust Versions:
2026-10-04T19:33:51.8287888Z     - 1.98.1 x86_64-unknown-linux-gnu 48a229ceaefd4985c50990b14116b6d856af0985
2026-10-04T19:33:51.8288399Z     - 1.99.0 x86_64-unknown-linux-gnu b940084d7eb6a299eb4bfeb8e34901bc051e7ac4
2026-10-04T19:33:51.8288768Z   - CARGO_HOME
2026-10-04T19:33:51.8288980Z   - CARGO_INCREMENTAL
2026-10-04T19:33:51.8289213Z   - CARGO_TERM_COLOR
2026-10-04T19:33:51.8289445Z .. Lockfiles considered:
2026-10-04T19:33:51.8289743Z   - /home/runner/work/PlaySparse/PlaySparse/Cargo.lock
2026-10-04T19:33:51.8290225Z   - /home/runner/work/PlaySparse/PlaySparse/crates/playsparse-cache/Cargo.toml
2026-10-04T19:33:51.8290764Z   - /home/runner/work/PlaySparse/PlaySparse/crates/playsparse-cli/Cargo.toml
2026-10-04T19:33:51.8291294Z   - /home/runner/work/PlaySparse/PlaySparse/crates/playsparse-core/Cargo.toml
2026-10-04T19:33:51.8291832Z   - /home/runner/work/PlaySparse/PlaySparse/crates/playsparse-overlay/Cargo.toml
2026-10-04T19:33:51.8292385Z   - /home/runner/work/PlaySparse/PlaySparse/crates/playsparse-policy/Cargo.toml
2026-10-04T19:33:51.8292918Z   - /home/runner/work/PlaySparse/PlaySparse/crates/playsparse-range/Cargo.toml
2026-10-04T19:33:51.8293477Z   - /home/runner/work/PlaySparse/PlaySparse/crates/playsparse-store/Cargo.toml
2026-10-04T19:33:51.8294009Z   - /home/runner/work/PlaySparse/PlaySparse/crates/playsparse-trace/Cargo.toml
2026-10-04T19:33:51.8294559Z   - /home/runner/work/PlaySparse/PlaySparse/crates/playsparse-vfs-fuse/Cargo.toml
2026-10-04T19:33:51.8295378Z   - /home/runner/work/PlaySparse/PlaySparse/crates/playsparse-vfs-win/Cargo.toml
2026-10-04T19:33:51.8296472Z   - /home/runner/work/PlaySparse/PlaySparse/rust-toolchain.toml
2026-10-04T19:33:51.8297491Z   - /home/runner/work/PlaySparse/PlaySparse/tools/io-probe/Cargo.toml
2026-10-04T19:33:51.8298463Z ##[endgroup]
2026-10-04T19:33:51.8298637Z 
2026-10-04T19:33:51.8298767Z ... Restoring cache ...
2026-10-04T19:33:52.0751037Z Cache hit for restore-key: v0-rust-linux-Linux-x64-ea977744-0b32f01f
2026-10-04T19:33:53.3464156Z Received 0 of 323630954 (0.0%), 0.0 MBs/sec
2026-10-04T19:33:54.3465209Z Received 125829120 of 323630954 (38.9%), 60.0 MBs/sec
2026-10-04T19:33:55.3463705Z Received 268435456 of 323630954 (82.9%), 85.3 MBs/sec
2026-10-04T19:33:55.6674015Z Received 323630954 of 323630954 (100.0%), 92.9 MBs/sec
2026-10-04T19:33:55.6674921Z Cache Size: ~309 MB (323630954 B)
2026-10-04T19:33:55.6712245Z [command]/usr/bin/tar -xf /home/runner/work/_temp/acb920e6-95cd-4c9c-9f6a-a00258184125/cache.tzst -P -C /home/runner/work/PlaySparse/PlaySparse --use-compress-program unzstd
2026-10-04T19:33:57.5017894Z Cache restored successfully
2026-10-04T19:33:57.5579214Z Restored from cache key "v0-rust-linux-Linux-x64-ea977744-0b32f01f" full match: false.
2026-10-04T19:33:57.5835347Z ##[group]Run sudo apt-get update && sudo apt-get install -y fuse3
2026-10-04T19:33:57.5835853Z [36;1msudo apt-get update && sudo apt-get install -y fuse3[0m
2026-10-04T19:33:57.5899429Z shell: /usr/bin/bash -e {0}
2026-10-04T19:33:57.5899688Z env:
2026-10-04T19:33:57.5899903Z   CARGO_HOME: /home/runner/.cargo
2026-10-04T19:33:57.5900170Z   CARGO_INCREMENTAL: 0
2026-10-04T19:33:57.5900395Z   CARGO_TERM_COLOR: always
2026-10-04T19:33:57.5900627Z   CACHE_ON_FAILURE: false
2026-10-04T19:33:57.5900858Z ##[endgroup]
2026-10-04T19:33:57.9788277Z Get:1 file:/etc/apt/apt-mirrors.txt Mirrorlist [144 B]
2026-10-04T19:33:58.0126622Z Hit:2 http://azure.archive.ubuntu.com/ubuntu noble InRelease
2026-10-04T19:33:58.0128265Z Get:6 https://packages.microsoft.com/ubuntu/24.04/prod noble InRelease [3600 B]
2026-10-04T19:33:58.0152505Z Get:3 http://azure.archive.ubuntu.com/ubuntu noble-updates InRelease [126 kB]
2026-10-04T19:33:58.0213565Z Get:4 http://azure.archive.ubuntu.com/ubuntu noble-backports InRelease [126 kB]
2026-10-04T19:33:58.0249356Z Get:5 http://azure.archive.ubuntu.com/ubuntu noble-security InRelease [126 kB]
2026-10-04T19:33:58.1372289Z Get:7 https://packages.microsoft.com/ubuntu/24.04/prod noble/main amd64 Packages [511 kB]
2026-10-04T19:33:58.1549194Z Get:8 https://packages.microsoft.com/ubuntu/24.04/prod noble/main arm64 Packages [458 kB]
2026-10-04T19:33:58.1637976Z Get:9 https://packages.microsoft.com/ubuntu/24.04/prod noble/main armhf Packages [12.6 kB]
2026-10-04T19:33:58.1910215Z Get:10 http://azure.archive.ubuntu.com/ubuntu noble-updates/main amd64 Packages [1364 kB]
2026-10-04T19:33:58.2058084Z Get:11 http://azure.archive.ubuntu.com/ubuntu noble-updates/main Translation-en [304 kB]
2026-10-04T19:33:58.2090415Z Get:12 http://azure.archive.ubuntu.com/ubuntu noble-updates/main amd64 Components [181 kB]
2026-10-04T19:33:58.2148337Z Get:13 http://azure.archive.ubuntu.com/ubuntu noble-updates/universe amd64 Packages [1699 kB]
2026-10-04T19:33:58.2227975Z Get:14 http://azure.archive.ubuntu.com/ubuntu noble-updates/universe Translation-en [341 kB]
2026-10-04T19:33:58.2229774Z Get:15 http://azure.archive.ubuntu.com/ubuntu noble-updates/universe amd64 Components [388 kB]
2026-10-04T19:33:58.2243132Z Get:16 http://azure.archive.ubuntu.com/ubuntu noble-updates/restricted amd64 Packages [1720 kB]
2026-10-04T19:33:58.2342630Z Get:17 http://azure.archive.ubuntu.com/ubuntu noble-updates/restricted Translation-en [394 kB]
2026-10-04T19:33:58.2378250Z Get:18 http://azure.archive.ubuntu.com/ubuntu noble-updates/multiverse amd64 Components [940 B]
2026-10-04T19:33:58.2583862Z Get:19 http://azure.archive.ubuntu.com/ubuntu noble-backports/main amd64 Components [5776 B]
2026-10-04T19:33:58.3029455Z Get:20 http://azure.archive.ubuntu.com/ubuntu noble-backports/universe amd64 Components [12.6 kB]
2026-10-04T19:33:58.3128630Z Get:21 http://azure.archive.ubuntu.com/ubuntu noble-security/main amd64 Packages [1069 kB]
2026-10-04T19:33:58.3180299Z Get:22 http://azure.archive.ubuntu.com/ubuntu noble-security/main Translation-en [221 kB]
2026-10-04T19:33:58.3202594Z Get:23 http://azure.archive.ubuntu.com/ubuntu noble-security/main amd64 Components [46.4 kB]
2026-10-04T19:33:58.3220220Z Get:24 http://azure.archive.ubuntu.com/ubuntu noble-security/universe amd64 Packages [1216 kB]
2026-10-04T19:33:58.3284694Z Get:25 http://azure.archive.ubuntu.com/ubuntu noble-security/universe Translation-en [244 kB]
2026-10-04T19:33:58.3308234Z Get:26 http://azure.archive.ubuntu.com/ubuntu noble-security/universe amd64 Components [76.4 kB]
2026-10-04T19:33:58.3338019Z Get:27 http://azure.archive.ubuntu.com/ubuntu noble-security/restricted amd64 Packages [1566 kB]
2026-10-04T19:33:58.3408384Z Get:28 http://azure.archive.ubuntu.com/ubuntu noble-security/restricted Translation-en [361 kB]
2026-10-04T19:34:02.5684421Z Fetched 12.6 MB in 1s (9341 kB/s)
2026-10-04T19:34:03.4188403Z Reading package lists...
2026-10-04T19:34:03.5175237Z Reading package lists...
2026-10-04T19:34:03.6906638Z Building dependency tree...
2026-10-04T19:34:03.6914840Z Reading state information...
2026-10-04T19:34:03.8546698Z fuse3 is already the newest version (3.14.0-5build1).
2026-10-04T19:34:03.8547562Z fuse3 set to manually installed.
2026-10-04T19:34:03.8547948Z 0 upgraded, 0 newly installed, 0 to remove and 25 not upgraded.
2026-10-04T19:34:03.8595141Z ##[group]Run cargo fmt --all -- --check
2026-10-04T19:34:03.8595506Z [36;1mcargo fmt --all -- --check[0m
2026-10-04T19:34:03.8657160Z shell: /usr/bin/bash -e {0}
2026-10-04T19:34:03.8657416Z env:
2026-10-04T19:34:03.8657627Z   CARGO_HOME: /home/runner/.cargo
2026-10-04T19:34:03.8657892Z   CARGO_INCREMENTAL: 0
2026-10-04T19:34:03.8658131Z   CARGO_TERM_COLOR: always
2026-10-04T19:34:03.8658368Z   CACHE_ON_FAILURE: false
2026-10-04T19:34:03.8658588Z ##[endgroup]
2026-10-04T19:34:04.1100668Z ##[group]Run cargo clippy --locked --workspace --all-targets -- -D warnings
2026-10-04T19:34:04.1101276Z [36;1mcargo clippy --locked --workspace --all-targets -- -D warnings[0m
2026-10-04T19:34:04.1162999Z shell: /usr/bin/bash -e {0}
2026-10-04T19:34:04.1163252Z env:
2026-10-04T19:34:04.1163459Z   CARGO_HOME: /home/runner/.cargo
2026-10-04T19:34:04.1163721Z   CARGO_INCREMENTAL: 0
2026-10-04T19:34:04.1163943Z   CARGO_TERM_COLOR: always
2026-10-04T19:34:04.1164172Z   CACHE_ON_FAILURE: false
2026-10-04T19:34:04.1164402Z ##[endgroup]
2026-10-04T19:34:04.1948639Z [1m[92m    Updating[0m crates.io index
2026-10-04T19:34:04.3848107Z [1m[92m Downloading[0m crates ...
2026-10-04T19:34:04.8430415Z [1m[92m  Downloaded[0m ctrlc v3.5.2
2026-10-04T19:34:04.8807779Z [1m[92m    Checking[0m playsparse-core v0.1.0 (/home/runner/work/PlaySparse/PlaySparse/crates/playsparse-core)
2026-10-04T19:34:04.8840423Z [1m[92m   Compiling[0m nix v0.31.3
2026-10-04T19:34:04.8893327Z [1m[92m   Compiling[0m playsparse-vfs-win v0.1.0 (/home/runner/work/PlaySparse/PlaySparse/crates/playsparse-vfs-win)
2026-10-04T19:34:04.8895444Z [1m[92m   Compiling[0m playsparse-cli v0.1.0 (/home/runner/work/PlaySparse/PlaySparse/crates/playsparse-cli)
2026-10-04T19:34:05.0761936Z [1m[92m    Checking[0m playsparse-trace v0.1.0 (/home/runner/work/PlaySparse/PlaySparse/crates/playsparse-trace)
2026-10-04T19:34:05.0763923Z [1m[92m    Checking[0m playsparse-store v0.1.0 (/home/runner/work/PlaySparse/PlaySparse/crates/playsparse-store)
2026-10-04T19:34:05.1018916Z [1m[92m    Checking[0m playsparse-cache v0.1.0 (/home/runner/work/PlaySparse/PlaySparse/crates/playsparse-cache)
2026-10-04T19:34:05.2408966Z [1m[92m    Checking[0m playsparse-policy v0.1.0 (/home/runner/work/PlaySparse/PlaySparse/crates/playsparse-policy)
2026-10-04T19:34:05.4443808Z [1m[92m    Checking[0m playsparse-range v0.1.0 (/home/runner/work/PlaySparse/PlaySparse/crates/playsparse-range)
2026-10-04T19:34:05.5839042Z [1m[92m    Checking[0m playsparse-overlay v0.1.0 (/home/runner/work/PlaySparse/PlaySparse/crates/playsparse-overlay)
2026-10-04T19:34:05.9439826Z [1m[92m    Checking[0m io-probe v0.1.0 (/home/runner/work/PlaySparse/PlaySparse/tools/io-probe)
2026-10-04T19:34:06.7737605Z [1m[92m    Checking[0m fuser v0.18.0
2026-10-04T19:34:06.7738434Z [1m[92m    Checking[0m ctrlc v3.5.2
2026-10-04T19:34:08.3405612Z [1m[92m    Checking[0m playsparse-vfs-fuse v0.1.0 (/home/runner/work/PlaySparse/PlaySparse/crates/playsparse-vfs-fuse)
2026-10-04T19:34:08.8551358Z [1m[92m    Finished[0m `dev` profile [unoptimized + debuginfo] target(s) in 4.68s
2026-10-04T19:34:08.8744707Z ##[group]Run cargo test --locked --workspace
2026-10-04T19:34:08.8745093Z [36;1mcargo test --locked --workspace[0m
2026-10-04T19:34:08.8806682Z shell: /usr/bin/bash -e {0}
2026-10-04T19:34:08.8807428Z env:
2026-10-04T19:34:08.8807848Z   CARGO_HOME: /home/runner/.cargo
2026-10-04T19:34:08.8808138Z   CARGO_INCREMENTAL: 0
2026-10-04T19:34:08.8808368Z   CARGO_TERM_COLOR: always
2026-10-04T19:34:08.8808602Z   CACHE_ON_FAILURE: false
2026-10-04T19:34:08.8808836Z ##[endgroup]
2026-10-04T19:34:09.0157991Z [1m[92m   Compiling[0m playsparse-core v0.1.0 (/home/runner/work/PlaySparse/PlaySparse/crates/playsparse-core)
2026-10-04T19:34:09.0198574Z [1m[92m   Compiling[0m nix v0.31.3
2026-10-04T19:34:09.0222000Z [1m[92m   Compiling[0m playsparse-vfs-win v0.1.0 (/home/runner/work/PlaySparse/PlaySparse/crates/playsparse-vfs-win)
2026-10-04T19:34:09.0223402Z [1m[92m   Compiling[0m playsparse-cli v0.1.0 (/home/runner/work/PlaySparse/PlaySparse/crates/playsparse-cli)
2026-10-04T19:34:09.1954123Z [1m[92m   Compiling[0m playsparse-trace v0.1.0 (/home/runner/work/PlaySparse/PlaySparse/crates/playsparse-trace)
2026-10-04T19:34:09.3932174Z [1m[92m   Compiling[0m playsparse-store v0.1.0 (/home/runner/work/PlaySparse/PlaySparse/crates/playsparse-store)
2026-10-04T19:34:09.4678996Z [1m[92m   Compiling[0m playsparse-policy v0.1.0 (/home/runner/work/PlaySparse/PlaySparse/crates/playsparse-policy)
2026-10-04T19:34:09.9818963Z [1m[92m   Compiling[0m playsparse-cache v0.1.0 (/home/runner/work/PlaySparse/PlaySparse/crates/playsparse-cache)
2026-10-04T19:34:10.2678936Z [1m[92m   Compiling[0m playsparse-range v0.1.0 (/home/runner/work/PlaySparse/PlaySparse/crates/playsparse-range)
2026-10-04T19:34:11.0428422Z [1m[92m   Compiling[0m playsparse-overlay v0.1.0 (/home/runner/work/PlaySparse/PlaySparse/crates/playsparse-overlay)
2026-10-04T19:34:11.8935987Z [1m[92m   Compiling[0m fuser v0.18.0
2026-10-04T19:34:13.1230537Z [1m[92m   Compiling[0m ctrlc v3.5.2
2026-10-04T19:34:13.6618953Z [1m[92m   Compiling[0m io-probe v0.1.0 (/home/runner/work/PlaySparse/PlaySparse/tools/io-probe)
2026-10-04T19:34:15.2626762Z [1m[92m   Compiling[0m playsparse-vfs-fuse v0.1.0 (/home/runner/work/PlaySparse/PlaySparse/crates/playsparse-vfs-fuse)
2026-10-04T19:34:17.3939113Z [1m[92m    Finished[0m `test` profile [unoptimized + debuginfo] target(s) in 8.47s
2026-10-04T19:34:17.4030629Z [1m[92m     Running[0m unittests src/main.rs (target/debug/deps/io_probe-4831aadc08e19cf6)
2026-10-04T19:34:17.4042513Z 
2026-10-04T19:34:17.4042649Z running 0 tests
2026-10-04T19:34:17.4042923Z 
2026-10-04T19:34:17.4043700Z test result: ok. 0 passed; 0 failed; 0 ignored; 0 measured; 0 filtered out; finished in 0.00s
2026-10-04T19:34:17.4044388Z 
2026-10-04T19:34:17.4046140Z [1m[92m     Running[0m unittests src/lib.rs (target/debug/deps/playsparse_cache-8ed655c71b5a311a)
2026-10-04T19:34:17.4055374Z 
2026-10-04T19:34:17.4055536Z running 15 tests
2026-10-04T19:34:17.4066276Z test tests::errors_wake_waiters_and_allow_retry ... ok
2026-10-04T19:34:17.4067180Z test tests::invalid_known_sizes_do_not_load_and_mismatched_size_fails_closed ... ok
2026-10-04T19:34:17.4067786Z test tests::adaptive_priority_changes_eviction_and_decays_under_new_traffic ... ok
2026-10-04T19:34:17.4068366Z test tests::prefetch_useful_wasted_and_final_accounting_are_conserved ... ok
2026-10-04T19:34:17.4071395Z test tests::racing_demand_makes_a_known_size_prefetch_flight_demand_admission ... ok
2026-10-04T19:34:17.4072556Z test tests::panicking_loader_releases_flight_and_permit ... ok
2026-10-04T19:34:17.4073345Z test tests::admission_is_rechecked_after_racing_demand_without_evicting_protected_bytes ... ok
2026-10-04T19:34:17.4079544Z test tests::speculation_checks_every_variable_size_victim_without_partial_eviction ... ok
2026-10-04T19:34:17.4091626Z test tests::racing_demand_claims_prefetch_once_and_preserves_loaded_tier ... ok
2026-10-04T19:34:17.4095254Z test tests::speculative_errors_do_not_strand_demand_or_count_loaded_bytes ... ok
2026-10-04T19:34:17.4096553Z test tests::speculative_hits_do_not_age_demand_priority_or_refresh_lru_recency ... ok
2026-10-04T19:34:17.4097795Z test tests::weighted_lru_and_oversized_bypass ... ok
2026-10-04T19:34:17.4122837Z test tests::speculation_does_not_wait_behind_saturated_demand_loads ... ok
2026-10-04T19:34:17.5115058Z test tests::sixteen_threads_share_one_load_even_with_zero_cache ... ok
2026-10-04T19:34:17.6305926Z test tests::speculative_entry_pressure_and_search_limits_do_not_start_loads ... ok
2026-10-04T19:34:17.6306785Z 
2026-10-04T19:34:17.6307584Z test result: ok. 15 passed; 0 failed; 0 ignored; 0 measured; 0 filtered out; finished in 0.22s
2026-10-04T19:34:17.6308422Z 
2026-10-04T19:34:17.6320569Z [1m[92m     Running[0m unittests src/main.rs (target/debug/deps/playsparse-ce9b99e016ae2e64)
2026-10-04T19:34:17.6332814Z 
2026-10-04T19:34:17.6332994Z running 4 tests
2026-10-04T19:34:17.6340071Z test diagnostics::tests::blocked_probe_never_runs_when_prerequisites_are_missing ... ok
2026-10-04T19:34:17.6341176Z test diagnostics::tests::exact_bytes_on_an_ordinary_directory_cannot_pass_mount_probe ... ok
2026-10-04T19:34:17.6341883Z test diagnostics::tests::passive_diagnostics_do_not_claim_mount_approval ... ok
2026-10-04T19:34:17.6349898Z test diagnostics::tests::probe_requires_exact_bytes_and_refuses_longer_or_shorter_content ... ok
2026-10-04T19:34:17.6350627Z 
2026-10-04T19:34:17.6351112Z test result: ok. 4 passed; 0 failed; 0 ignored; 0 measured; 0 filtered out; finished in 0.00s
2026-10-04T19:34:17.6351672Z 
2026-10-04T19:34:17.6352654Z [1m[92m     Running[0m unittests src/lib.rs (target/debug/deps/playsparse_core-22cab2ab2f91d909)
2026-10-04T19:34:17.6363108Z 
2026-10-04T19:34:17.6363621Z running 4 tests
2026-10-04T19:34:17.6367649Z test tests::official_blake3_vectors ... ok
2026-10-04T19:34:17.6368594Z test tests::reject_unsafe_paths ... ok
2026-10-04T19:34:17.6476592Z test resources::tests::native_process_measurements_are_present_and_monotonic ... ok
2026-10-04T19:34:17.6587041Z test tests::large_offsets ... ok
2026-10-04T19:34:17.6587376Z 
2026-10-04T19:34:17.6587835Z test result: ok. 4 passed; 0 failed; 0 ignored; 0 measured; 0 filtered out; finished in 0.02s
2026-10-04T19:34:17.6588471Z 
2026-10-04T19:34:17.6590565Z [1m[92m     Running[0m unittests src/lib.rs (target/debug/deps/playsparse_overlay-d3b4e247dc5047f0)
2026-10-04T19:34:17.6603059Z 
2026-10-04T19:34:17.6603246Z running 15 tests
2026-10-04T19:34:17.6831710Z test tests::interrupted_metadata_and_copy_up_orphans_are_collected_without_data_loss ... ok
2026-10-04T19:34:17.6914904Z test tests::exclusive_lock_is_retained_by_handles_and_discard_preserves_base ... ok
2026-10-04T19:34:17.6951658Z test tests::handle_delete_preserves_replacements_and_follows_live_renames ... ok
2026-10-04T19:34:17.7099542Z test tests::metadata_corruption_missing_objects_and_wrong_base_fail_closed ... ok
2026-10-04T19:34:17.7190455Z test tests::per_file_serialization_shared_reads_and_atomic_append ... ok
2026-10-04T19:34:17.7194346Z test tests::refuses_overlap_unrecognized_roots_and_foreign_handles ... ok
2026-10-04T19:34:17.7268766Z test tests::create_partial_append_truncate_modes_and_remount ... ok
2026-10-04T19:34:17.7325297Z test tests::rename_empty_directory_replace_and_file_replace_remount ... ok
2026-10-04T19:34:17.7337869Z test tests::retained_directory_identity_prevents_storage_redirect_after_open ... ok
2026-10-04T19:34:17.7394925Z test tests::renamed_base_tree_directory_handles_and_tombstones_persist ... ok
2026-10-04T19:34:17.7450276Z test tests::strict_paths_read_permissions_limits_and_wrong_types ... ok
2026-10-04T19:34:17.7490013Z test tests::stable_file_handles_survive_rename_replace_and_unlink ... ok
2026-10-04T19:34:17.7505407Z test tests::symlink_root_ancestor_data_metadata_and_object_escapes_are_rejected ... ok
2026-10-04T19:34:17.7564090Z test tests::truncate_zero_skips_copy_and_large_sparse_offsets_stay_u64 ... ok
2026-10-04T19:34:17.7596307Z test tests::syntactically_valid_corrupt_metadata_is_rejected ... ok
2026-10-04T19:34:17.7597048Z 
2026-10-04T19:34:17.7597744Z test result: ok. 15 passed; 0 failed; 0 ignored; 0 measured; 0 filtered out; finished in 0.10s
2026-10-04T19:34:17.7598388Z 
2026-10-04T19:34:17.7601954Z [1m[92m     Running[0m unittests src/lib.rs (target/debug/deps/playsparse_policy-88a91ce083051efb)
2026-10-04T19:34:17.7613564Z 
2026-10-04T19:34:17.7613745Z running 6 tests
2026-10-04T19:34:17.7619350Z test tests::forward_coverage_counts_unique_bytes_and_resets_for_tiny_bursts_and_gaps ... ok
2026-10-04T19:34:17.7621696Z test tests::migrating_dispatch_workers_and_forward_overlap_are_sequential ... ok
2026-10-04T19:34:17.7622529Z test tests::sequence_confidence_random_rejection_and_expiry ... ok
2026-10-04T19:34:17.7631828Z test tests::strict_invalid_configuration_and_roundtrip ... ok
2026-10-04T19:34:17.7646237Z test tests::optimizer_uses_forward_overlap_confidence_and_rejects_random_stream ... ok
2026-10-04T19:34:17.7887722Z test tests::hotness_decays_and_tracking_is_bounded ... ok
2026-10-04T19:34:17.7888335Z 
2026-10-04T19:34:17.7888958Z test result: ok. 6 passed; 0 failed; 0 ignored; 0 measured; 0 filtered out; finished in 0.03s
2026-10-04T19:34:17.7889861Z 
2026-10-04T19:34:17.7892693Z [1m[92m     Running[0m unittests src/lib.rs (target/debug/deps/playsparse_range-5ca4b6c3ec9590fd)
2026-10-04T19:34:17.7905971Z 
2026-10-04T19:34:17.7906144Z running 10 tests
2026-10-04T19:34:17.7915550Z test prefetch::tests::reservations_dedup_queue_and_cancellation_stay_bounded ... ok
2026-10-04T19:34:17.7928204Z test prefetch::tests::worker_rechecks_queued_admission_after_demand_changes_the_cache ... ok
2026-10-04T19:34:17.7929734Z test prefetch::tests::failed_objects_are_not_requeued_by_repeated_subchunk_predictions ... ok
2026-10-04T19:34:17.7939083Z test prefetch::tests::expired_requests_never_execute_loader ... ok
2026-10-04T19:34:17.8040551Z test tests::loads_only_intersecting_chunks_and_handles_overflow ... ok
2026-10-04T19:34:17.8104823Z test tests::tiny_sequential_burst_does_not_predict_whole_chunks_until_chunk_coverage ... ok
2026-10-04T19:34:17.8191044Z test tests::traced_reads_preserve_bytes_and_record_failure ... ok
2026-10-04T19:34:17.8249425Z test prefetch::tests::rejected_admission_history_is_bounded_without_source_io ... ok
2026-10-04T19:34:17.9104982Z test replay::tests::deterministic_replay_and_prefetch_accounting ... ok
2026-10-04T19:34:19.4379188Z test tests::ranges_equal_source ... ok
2026-10-04T19:34:19.4379578Z 
2026-10-04T19:34:19.4379956Z test result: ok. 10 passed; 0 failed; 0 ignored; 0 measured; 0 filtered out; finished in 1.65s
2026-10-04T19:34:19.4380369Z 
2026-10-04T19:34:19.4385370Z [1m[92m     Running[0m unittests src/lib.rs (target/debug/deps/playsparse_store-03cbd8f446f27829)
2026-10-04T19:34:19.4399870Z 
2026-10-04T19:34:19.4400106Z running 22 tests
2026-10-04T19:34:19.4407628Z test publication_tests::rejects_alias_into_source_before_creating_destination_parents ... ok
2026-10-04T19:34:19.4408825Z test publication_tests::rejects_nested_destination_without_mutating_the_source ... ok
2026-10-04T19:34:19.4465791Z test tests::corrupt_missing_and_partial_are_errors ... ok
2026-10-04T19:34:19.4466735Z test publication_tests::creates_nested_destination_only_outside_the_source ... ok
2026-10-04T19:34:19.4498792Z test tests::index_rejects_length_codec_reserved_and_duplicate ... ok
2026-10-04T19:34:19.4500441Z test tests::exclusive_publish_never_replaces_existing_empty_directory ... ok
2026-10-04T19:34:19.4567871Z test tests::object_corruption_detected ... ok
2026-10-04T19:34:19.4706163Z test tiers::tests::concurrent_atomic_promotion_is_single_object_and_never_replaces_peer_data ... ok
2026-10-04T19:34:19.4807673Z test tests::deterministic_chunker_index_manifest_and_pack ... ok
2026-10-04T19:34:19.4845807Z test tiers::tests::config_versions_fields_bounds_relative_paths_and_credentials_are_checked ... ok
2026-10-04T19:34:19.5004884Z test tiers::tests::local_corruption_is_hard_error_and_missing_secondary_identity_falls_remote ... ok
2026-10-04T19:34:19.5062815Z test tiers::tests::metadata_only_open_retains_seal_index_and_available_pack_checks ... ok
2026-10-04T19:34:19.5238957Z test tiers::tests::primary_and_metadata_only_remote_ranges_preserve_identity_and_bounds ... ok
2026-10-04T19:34:19.5359605Z test tiers::tests::promotion_rejects_symlink_escapes_overlap_and_destination_links ... ok
2026-10-04T19:34:19.5461510Z test tests::pack_verify_dedup_both_layouts ... ok
2026-10-04T19:34:19.5621926Z test tiers::tests::remote_promotion_is_persistent_verified_and_offline_readable ... ok
2026-10-04T19:34:19.6268343Z test tiers::tests::remote_protocol_and_integrity_failures_never_return_unverified_bytes ... ok
2026-10-04T19:34:19.6391709Z test tiers::tests::secondary_own_locator_promotion_and_reopen_without_upstream ... ok
2026-10-04T19:34:19.6461543Z test tiers::tests::unreachable_remote_is_sanitized_and_local_fallback_avoids_http ... ok
2026-10-04T19:34:19.7430754Z test tests::arbitrary_index_never_panics ... ok
2026-10-04T19:34:19.8563603Z test tiers::tests::promotion_startup_never_follows_a_concurrently_substituted_ancestor ... ok
2026-10-04T19:34:20.1461539Z test tiers::tests::header_and_body_timeouts_have_bounded_retry_and_metrics ... ok
2026-10-04T19:34:20.1462139Z 
2026-10-04T19:34:20.1462534Z test result: ok. 22 passed; 0 failed; 0 ignored; 0 measured; 0 filtered out; finished in 0.71s
2026-10-04T19:34:20.1463119Z 
2026-10-04T19:34:20.1469856Z [1m[92m     Running[0m unittests src/lib.rs (target/debug/deps/playsparse_trace-65b2c07730de0f37)
2026-10-04T19:34:20.1480979Z 
2026-10-04T19:34:20.1481165Z running 10 tests
2026-10-04T19:34:20.1492310Z test tests::failed_writer_and_invalid_destination_are_safe ... ok
2026-10-04T19:34:20.1493281Z test tests::full_queue_drops_without_blocking_producer ... ok
2026-10-04T19:34:20.1494277Z test tests::preserves_operation_specific_request_and_return_values ... ok
2026-10-04T19:34:20.1517743Z test tests::rejects_overflowing_read_and_write_totals ... ok
2026-10-04T19:34:20.1577847Z test tests::rejects_oversized_imported_fields_in_all_event_consumers ... ok
2026-10-04T19:34:20.1590115Z test tests::rejects_unknown_schema_and_oversized_line ... ok
2026-10-04T19:34:20.1642166Z test tests::concurrent_schema_shutdown_and_summary ... ok
2026-10-04T19:34:20.1677675Z test tests::shutdown_racing_producers_accounts_every_event ... ok
2026-10-04T19:34:22.2684968Z test tests::rejects_unbounded_distinct_read_workers ... ok
2026-10-04T19:34:25.0893090Z test tests::rejects_retained_string_keys_before_identity_limit ... ok
2026-10-04T19:34:25.0893675Z 
2026-10-04T19:34:25.0894297Z test result: ok. 10 passed; 0 failed; 0 ignored; 0 measured; 0 filtered out; finished in 4.94s
2026-10-04T19:34:25.0894918Z 
2026-10-04T19:34:25.0898302Z [1m[92m     Running[0m unittests src/lib.rs (target/debug/deps/playsparse_vfs_fuse-befb63fc3ed6f592)
2026-10-04T19:34:25.0913368Z 
2026-10-04T19:34:25.0913604Z running 12 tests
2026-10-04T19:34:25.0916800Z test fuse::tests::real_mount_random_concurrent_mmap_and_native_execution ... ignored, requires real /dev/fuse or installed macFUSE, mount permission, and cc
2026-10-04T19:34:25.0919440Z test fuse::tests::namespace_preserves_empty_directories_and_large_sizes ... ok
2026-10-04T19:34:25.0920750Z test fuse::tests::namespace_rejects_path_collisions_and_unsupported_names ... ok
2026-10-04T19:34:25.0939423Z test macos_diagnostic::tests::reports_all_missing_prerequisites_without_inventing_approval ... ok
2026-10-04T19:34:25.0948239Z test macos_diagnostic::tests::unsupported_transition_releases_and_future_major_are_blocked ... ok
2026-10-04T19:34:25.0949547Z test fuse::tests::rejects_nonempty_and_overlapping_mountpoints ... ok
2026-10-04T19:34:25.0950781Z test macos_diagnostic::tests::installation_and_feature_are_independent_gates ... ok
2026-10-04T19:34:25.0952702Z test writable::tests::real_writable_mount_update_remount_mmap_and_immutable_base ... ignored, requires /dev/fuse or approved macFUSE and mount permission
2026-10-04T19:34:25.0954401Z test writable::tests::overlay_errors_preserve_useful_posix_statuses ... ok
2026-10-04T19:34:25.1655967Z test fuse::tests::callbacks_resolve_only_requested_chunks_and_report_corruption ... ok
2026-10-04T19:34:26.4040775Z test writable::tests::writable_namespace_rejects_escape_names_and_overlapping_storage ... ok
2026-10-04T19:34:26.4085284Z test writable::tests::open_handles_retain_inode_and_data_across_rename_replace_unlink ... ok
2026-10-04T19:34:26.4086315Z 
2026-10-04T19:34:26.4086794Z test result: ok. 10 passed; 0 failed; 2 ignored; 0 measured; 0 filtered out; finished in 1.32s
2026-10-04T19:34:26.4087859Z 
2026-10-04T19:34:26.4091231Z [1m[92m     Running[0m unittests src/lib.rs (target/debug/deps/playsparse_vfs_win-bc1d9f8c8ed52b8f)
2026-10-04T19:34:26.4102573Z 
2026-10-04T19:34:26.4102865Z running 0 tests
2026-10-04T19:34:26.4105659Z [1m[92m   Doc-tests[0m playsparse_cache
2026-10-04T19:34:26.4106123Z 
2026-10-04T19:34:26.4106569Z test result: ok. 0 passed; 0 failed; 0 ignored; 0 measured; 0 filtered out; finished in 0.00s
2026-10-04T19:34:26.4107292Z 
2026-10-04T19:34:26.4311453Z 
2026-10-04T19:34:26.4311905Z running 0 tests
2026-10-04T19:34:26.4312418Z 
2026-10-04T19:34:26.4312993Z test result: ok. 0 passed; 0 failed; 0 ignored; 0 measured; 0 filtered out; finished in 0.00s
2026-10-04T19:34:26.4313781Z 
2026-10-04T19:34:26.4323049Z [1m[92m   Doc-tests[0m playsparse_core
2026-10-04T19:34:26.4659032Z 
2026-10-04T19:34:26.4660060Z running 0 tests
2026-10-04T19:34:26.4660359Z 
2026-10-04T19:34:26.4660797Z test result: ok. 0 passed; 0 failed; 0 ignored; 0 measured; 0 filtered out; finished in 0.00s
2026-10-04T19:34:26.4661207Z 
2026-10-04T19:34:26.4671714Z [1m[92m   Doc-tests[0m playsparse_overlay
2026-10-04T19:34:26.5106107Z 
2026-10-04T19:34:26.5106648Z running 0 tests
2026-10-04T19:34:26.5107298Z 
2026-10-04T19:34:26.5107679Z test result: ok. 0 passed; 0 failed; 0 ignored; 0 measured; 0 filtered out; finished in 0.00s
2026-10-04T19:34:26.5108076Z 
2026-10-04T19:34:26.5121673Z [1m[92m   Doc-tests[0m playsparse_policy
2026-10-04T19:34:26.5376183Z 
2026-10-04T19:34:26.5376618Z running 0 tests
2026-10-04T19:34:26.5377126Z 
2026-10-04T19:34:26.5377560Z test result: ok. 0 passed; 0 failed; 0 ignored; 0 measured; 0 filtered out; finished in 0.00s
2026-10-04T19:34:26.5377960Z 
2026-10-04T19:34:26.5387247Z [1m[92m   Doc-tests[0m playsparse_range
2026-10-04T19:34:26.5639592Z 
2026-10-04T19:34:26.5640143Z running 0 tests
2026-10-04T19:34:26.5640551Z 
2026-10-04T19:34:26.5641150Z test result: ok. 0 passed; 0 failed; 0 ignored; 0 measured; 0 filtered out; finished in 0.00s
2026-10-04T19:34:26.5641612Z 
2026-10-04T19:34:26.5652331Z [1m[92m   Doc-tests[0m playsparse_store
2026-10-04T19:34:26.6099009Z 
2026-10-04T19:34:26.6099733Z running 0 tests
2026-10-04T19:34:26.6100232Z 
2026-10-04T19:34:26.6100821Z test result: ok. 0 passed; 0 failed; 0 ignored; 0 measured; 0 filtered out; finished in 0.00s
2026-10-04T19:34:26.6101535Z 
2026-10-04T19:34:26.6112660Z [1m[92m   Doc-tests[0m playsparse_trace
2026-10-04T19:34:26.6401900Z 
2026-10-04T19:34:26.6402499Z running 0 tests
2026-10-04T19:34:26.6402978Z 
2026-10-04T19:34:26.6403695Z test result: ok. 0 passed; 0 failed; 0 ignored; 0 measured; 0 filtered out; finished in 0.00s
2026-10-04T19:34:26.6404547Z 
2026-10-04T19:34:26.6415628Z [1m[92m   Doc-tests[0m playsparse_vfs_fuse
2026-10-04T19:34:26.6810869Z 
2026-10-04T19:34:26.6811771Z running 0 tests
2026-10-04T19:34:26.6812317Z 
2026-10-04T19:34:26.6812928Z test result: ok. 0 passed; 0 failed; 0 ignored; 0 measured; 0 filtered out; finished in 0.00s
2026-10-04T19:34:26.6813336Z 
2026-10-04T19:34:26.6827632Z [1m[92m   Doc-tests[0m playsparse_vfs_win
2026-10-04T19:34:26.7019247Z 
2026-10-04T19:34:26.7019680Z running 0 tests
2026-10-04T19:34:26.7020051Z 
2026-10-04T19:34:26.7020727Z test result: ok. 0 passed; 0 failed; 0 ignored; 0 measured; 0 filtered out; finished in 0.00s
2026-10-04T19:34:26.7021419Z 
2026-10-04T19:34:26.7114833Z ##[group]Run cargo build --locked --release --workspace
2026-10-04T19:34:26.7115409Z [36;1mcargo build --locked --release --workspace[0m
2026-10-04T19:34:26.7177230Z shell: /usr/bin/bash -e {0}
2026-10-04T19:34:26.7177683Z env:
2026-10-04T19:34:26.7178028Z   CARGO_HOME: /home/runner/.cargo
2026-10-04T19:34:26.7178435Z   CARGO_INCREMENTAL: 0
2026-10-04T19:34:26.7178796Z   CARGO_TERM_COLOR: always
2026-10-04T19:34:26.7179113Z   CACHE_ON_FAILURE: false
2026-10-04T19:34:26.7179539Z ##[endgroup]
2026-10-04T19:34:26.8283330Z [1m[92m   Compiling[0m playsparse-core v0.1.0 (/home/runner/work/PlaySparse/PlaySparse/crates/playsparse-core)
2026-10-04T19:34:26.8312126Z [1m[92m   Compiling[0m nix v0.31.3
2026-10-04T19:34:26.8344166Z [1m[92m   Compiling[0m playsparse-vfs-win v0.1.0 (/home/runner/work/PlaySparse/PlaySparse/crates/playsparse-vfs-win)
2026-10-04T19:34:26.8363340Z [1m[92m   Compiling[0m playsparse-cli v0.1.0 (/home/runner/work/PlaySparse/PlaySparse/crates/playsparse-cli)
2026-10-04T19:34:27.0371647Z [1m[92m   Compiling[0m playsparse-trace v0.1.0 (/home/runner/work/PlaySparse/PlaySparse/crates/playsparse-trace)
2026-10-04T19:34:27.0374439Z [1m[92m   Compiling[0m playsparse-store v0.1.0 (/home/runner/work/PlaySparse/PlaySparse/crates/playsparse-store)
2026-10-04T19:34:27.3149041Z [1m[92m   Compiling[0m playsparse-cache v0.1.0 (/home/runner/work/PlaySparse/PlaySparse/crates/playsparse-cache)
2026-10-04T19:34:27.6448788Z [1m[92m   Compiling[0m playsparse-policy v0.1.0 (/home/runner/work/PlaySparse/PlaySparse/crates/playsparse-policy)
2026-10-04T19:34:28.9948956Z [1m[92m   Compiling[0m playsparse-range v0.1.0 (/home/runner/work/PlaySparse/PlaySparse/crates/playsparse-range)
2026-10-04T19:34:29.4259249Z [1m[92m   Compiling[0m playsparse-overlay v0.1.0 (/home/runner/work/PlaySparse/PlaySparse/crates/playsparse-overlay)
2026-10-04T19:34:30.2928423Z [1m[92m   Compiling[0m fuser v0.18.0
2026-10-04T19:34:31.0078170Z [1m[92m   Compiling[0m ctrlc v3.5.2
2026-10-04T19:34:31.0838638Z [1m[92m   Compiling[0m io-probe v0.1.0 (/home/runner/work/PlaySparse/PlaySparse/tools/io-probe)
2026-10-04T19:34:33.2079938Z [1m[92m   Compiling[0m playsparse-vfs-fuse v0.1.0 (/home/runner/work/PlaySparse/PlaySparse/crates/playsparse-vfs-fuse)
2026-10-04T19:34:52.2361371Z [1m[92m    Finished[0m `release` profile [optimized] target(s) in 25.48s
2026-10-04T19:34:52.2511718Z ##[group]Run sudo env "PATH=$PATH" "RUSTUP_HOME=${RUSTUP_HOME:-$HOME/.rustup}" "CARGO_HOME=${CARGO_HOME:-$HOME/.cargo}" "CARGO_TARGET_DIR=${CARGO_TARGET_DIR:-target}" python3 tools/posix-runtime-validation.py --work /tmp/playsparse-posix-ci --build
2026-10-04T19:34:52.2513414Z [36;1msudo env "PATH=$PATH" "RUSTUP_HOME=${RUSTUP_HOME:-$HOME/.rustup}" "CARGO_HOME=${CARGO_HOME:-$HOME/.cargo}" "CARGO_TARGET_DIR=${CARGO_TARGET_DIR:-target}" python3 tools/posix-runtime-validation.py --work /tmp/playsparse-posix-ci --build[0m
2026-10-04T19:34:52.2575170Z shell: /usr/bin/bash -e {0}
2026-10-04T19:34:52.2575431Z env:
2026-10-04T19:34:52.2575634Z   CARGO_HOME: /home/runner/.cargo
2026-10-04T19:34:52.2575901Z   CARGO_INCREMENTAL: 0
2026-10-04T19:34:52.2576123Z   CARGO_TERM_COLOR: always
2026-10-04T19:34:52.2576355Z   CACHE_ON_FAILURE: false
2026-10-04T19:34:52.2576573Z ##[endgroup]
2026-10-04T19:34:52.4279486Z build: running
2026-10-04T19:34:52.9122021Z readonly: running
2026-10-04T19:35:11.6224525Z writable: running
2026-10-04T19:35:12.8417142Z adaptive: running
2026-10-04T19:35:14.2611288Z tiers: running
2026-10-04T19:35:17.9049434Z {
2026-10-04T19:35:17.9049810Z   "status": "PASS",
2026-10-04T19:35:17.9050171Z   "evidence": "/tmp/playsparse-posix-ci",
2026-10-04T19:35:17.9050596Z   "error": null
2026-10-04T19:35:17.9050868Z }
2026-10-04T19:35:17.9158054Z ##[group]Run test_binary=$(find target/debug/deps -maxdepth 1 -type f -name 'playsparse_vfs_fuse-*' -executable | head -n 1)
2026-10-04T19:35:17.9158958Z [36;1mtest_binary=$(find target/debug/deps -maxdepth 1 -type f -name 'playsparse_vfs_fuse-*' -executable | head -n 1)[0m
2026-10-04T19:35:17.9159500Z [36;1mtest -n "$test_binary"[0m
2026-10-04T19:35:17.9159806Z [36;1msudo "$test_binary" --ignored --test-threads=1[0m
2026-10-04T19:35:17.9245296Z shell: /usr/bin/bash -e {0}
2026-10-04T19:35:17.9245549Z env:
2026-10-04T19:35:17.9245749Z   CARGO_HOME: /home/runner/.cargo
2026-10-04T19:35:17.9246018Z   CARGO_INCREMENTAL: 0
2026-10-04T19:35:17.9246242Z   CARGO_TERM_COLOR: always
2026-10-04T19:35:17.9246481Z   CACHE_ON_FAILURE: false
2026-10-04T19:35:17.9246705Z ##[endgroup]
2026-10-04T19:35:17.9445146Z 
2026-10-04T19:35:17.9445393Z running 2 tests
2026-10-04T19:35:18.4331325Z test fuse::tests::real_mount_random_concurrent_mmap_and_native_execution ... ok
2026-10-04T19:35:18.5007386Z test writable::tests::real_writable_mount_update_remount_mmap_and_immutable_base ... ok
2026-10-04T19:35:18.5007818Z 
2026-10-04T19:35:18.5008084Z test result: ok. 2 passed; 0 failed; 0 ignored; 0 measured; 10 filtered out; finished in 0.56s
2026-10-04T19:35:18.5008436Z 
2026-10-04T19:35:18.5073115Z ##[group]Run sudo mkdir /tmp/playsparse-enospc
2026-10-04T19:35:18.5073521Z [36;1msudo mkdir /tmp/playsparse-enospc[0m
2026-10-04T19:35:18.5073918Z [36;1msudo mount -t tmpfs -o size=1M tmpfs /tmp/playsparse-enospc[0m
2026-10-04T19:35:18.5074551Z [36;1msudo python3 tools/crash-smoke.py --work /tmp/playsparse-crash-ci --disk-full-dir /tmp/playsparse-enospc[0m
2026-10-04T19:35:18.5075134Z [36;1msudo umount /tmp/playsparse-enospc[0m
2026-10-04T19:35:18.5136716Z shell: /usr/bin/bash -e {0}
2026-10-04T19:35:18.5137263Z env:
2026-10-04T19:35:18.5137479Z   CARGO_HOME: /home/runner/.cargo
2026-10-04T19:35:18.5137747Z   CARGO_INCREMENTAL: 0
2026-10-04T19:35:18.5137981Z   CARGO_TERM_COLOR: always
2026-10-04T19:35:18.5138208Z   CACHE_ON_FAILURE: false
2026-10-04T19:35:18.5138431Z ##[endgroup]
2026-10-04T19:35:19.4914086Z {
2026-10-04T19:35:19.4914467Z   "status": "PASS",
2026-10-04T19:35:19.4933517Z   "evidence": "/tmp/playsparse-crash-ci/evidence",
2026-10-04T19:35:19.4934152Z   "error": null,
2026-10-04T19:35:19.4934459Z   "disk_full": {
2026-10-04T19:35:19.4934757Z     "status": "PASS",
2026-10-04T19:35:19.4935544Z     "mountinfo": "59 27 0:48 / /tmp/playsparse-enospc rw,relatime shared:308 - tmpfs tmpfs rw,size=1024k,inode64",
2026-10-04T19:35:19.4936417Z     "capacity_bytes": 1048576,
2026-10-04T19:35:19.4939522Z     "pack": {
2026-10-04T19:35:19.4939923Z       "command": [
2026-10-04T19:35:19.4940525Z         "/home/runner/work/PlaySparse/PlaySparse/target/release/playsparse",
2026-10-04T19:35:19.4941224Z         "pack",
2026-10-04T19:35:19.4941619Z         "/tmp/playsparse-crash-ci/source",
2026-10-04T19:35:19.4942141Z         "/tmp/playsparse-enospc/store",
2026-10-04T19:35:19.4942631Z         "--chunker",
2026-10-04T19:35:19.4943002Z         "fixed"
2026-10-04T19:35:19.4943329Z       ],
2026-10-04T19:35:19.4943638Z       "returncode": 1,
2026-10-04T19:35:19.4944401Z       "stderr": "Error: I/O: No space left on device (os error 28)\n\nCaused by:\n    No space left on device (os error 28)\n"
2026-10-04T19:35:19.4945227Z     },
2026-10-04T19:35:19.4945601Z     "destination_absent": true
2026-10-04T19:35:19.4946086Z   }
2026-10-04T19:35:19.4946356Z }
2026-10-04T19:35:19.5123322Z ##[group]Run python3 experiments/04-loose-vs-packfiles/run_benchmark.py --output /tmp/playsparse-experiment04-ci --repetitions 2 --iterations 64 --size-mib 32
2026-10-04T19:35:19.5124542Z [36;1mpython3 experiments/04-loose-vs-packfiles/run_benchmark.py --output /tmp/playsparse-experiment04-ci --repetitions 2 --iterations 64 --size-mib 32[0m
2026-10-04T19:35:19.5186068Z shell: /usr/bin/bash -e {0}
2026-10-04T19:35:19.5186329Z env:
2026-10-04T19:35:19.5186537Z   CARGO_HOME: /home/runner/.cargo
2026-10-04T19:35:19.5187062Z   CARGO_INCREMENTAL: 0
2026-10-04T19:35:19.5187319Z   CARGO_TERM_COLOR: always
2026-10-04T19:35:19.5187554Z   CACHE_ON_FAILURE: false
2026-10-04T19:35:19.5187780Z ##[endgroup]
2026-10-04T19:35:21.4902103Z {
2026-10-04T19:35:21.4902490Z   "status": "PASS",
2026-10-04T19:35:21.4902919Z   "output": "/tmp/playsparse-experiment04-ci",
2026-10-04T19:35:21.4903410Z   "summary": [
2026-10-04T19:35:21.4903706Z     {
2026-10-04T19:35:21.4903992Z       "layout": "loose",
2026-10-04T19:35:21.4904462Z       "pack_seconds_median": 0.4031151444999921,
2026-10-04T19:35:21.4904932Z       "physical_encoded_bytes": 11479686.0,
2026-10-04T19:35:21.4905388Z       "allocated_file_bytes": 13901824.0,
2026-10-04T19:35:21.4905909Z       "directory_metadata_allocated_bytes": 974848.0,
2026-10-04T19:35:21.4906400Z       "filesystem_files": 643.0,
2026-10-04T19:35:21.4907449Z       "object_lookup_p95_ms": 0.000145,
2026-10-04T19:35:21.4907904Z       "random_chunk_read_p95_ms": 0.09186649999999999,
2026-10-04T19:35:21.4908394Z       "sequential_mib_s": 1236.4366460816627,
2026-10-04T19:35:21.4908885Z       "directory_enumeration_ms_median": 7.7714362499961
2026-10-04T19:35:21.4909334Z     },
2026-10-04T19:35:21.4909595Z     {
2026-10-04T19:35:21.4909872Z       "layout": "packs",
2026-10-04T19:35:21.4910267Z       "pack_seconds_median": 0.08225908100001789,
2026-10-04T19:35:21.4910718Z       "physical_encoded_bytes": 11479694.0,
2026-10-04T19:35:21.4911162Z       "allocated_file_bytes": 11489280.0,
2026-10-04T19:35:21.4911638Z       "directory_metadata_allocated_bytes": 16384.0,
2026-10-04T19:35:21.4912121Z       "filesystem_files": 4.0,
2026-10-04T19:35:21.4912551Z       "object_lookup_p95_ms": 0.00014099999999999998,
2026-10-04T19:35:21.4913021Z       "random_chunk_read_p95_ms": 0.0887105,
2026-10-04T19:35:21.4913464Z       "sequential_mib_s": 1397.393238757272,
2026-10-04T19:35:21.4913970Z       "directory_enumeration_ms_median": 0.11239499999504687
2026-10-04T19:35:21.4914488Z     }
2026-10-04T19:35:21.4914785Z   ],
2026-10-04T19:35:21.4915090Z   "error": null
2026-10-04T19:35:21.4915434Z }
2026-10-04T19:35:21.5043784Z ##[group]Run actions/upload-artifact@v4
2026-10-04T19:35:21.5044103Z with:
2026-10-04T19:35:21.5044313Z   name: linux-runtime-evidence
2026-10-04T19:35:21.5045242Z   path: /tmp/playsparse-posix-ci/result.json
/tmp/playsparse-posix-ci/environment.json
/tmp/playsparse-posix-ci/*.log
/tmp/playsparse-posix-ci/*/evidence
/tmp/playsparse-crash-ci/evidence
/tmp/playsparse-experiment04-ci

2026-10-04T19:35:21.5046169Z   if-no-files-found: warn
2026-10-04T19:35:21.5046413Z   compression-level: 6
2026-10-04T19:35:21.5046632Z   overwrite: false
2026-10-04T19:35:21.5047102Z   include-hidden-files: false
2026-10-04T19:35:21.5047377Z env:
2026-10-04T19:35:21.5047578Z   CARGO_HOME: /home/runner/.cargo
2026-10-04T19:35:21.5047828Z   CARGO_INCREMENTAL: 0
2026-10-04T19:35:21.5048056Z   CARGO_TERM_COLOR: always
2026-10-04T19:35:21.5048282Z   CACHE_ON_FAILURE: false
2026-10-04T19:35:21.5048501Z ##[endgroup]
2026-10-04T19:35:21.6796619Z (node:4874) [DEP0040] DeprecationWarning: The `punycode` module is deprecated. Please use a userland alternative instead.
2026-10-04T19:35:21.6797761Z (Use `node --trace-deprecation ...` to show where the warning was created)
2026-10-04T19:35:21.6890474Z ##[error]EACCES: permission denied, scandir '/tmp/playsparse-posix-ci'
2026-10-04T19:35:21.7103267Z Post job cleanup.
2026-10-04T19:35:21.8044187Z [command]/usr/bin/git version
2026-10-04T19:35:21.8090290Z git version 2.55.0
2026-10-04T19:35:21.8129640Z Temporarily overriding HOME='/home/runner/work/_temp/ad562589-ee02-4216-b0ad-52fc80b61d4a' before making global git config changes
2026-10-04T19:35:21.8131062Z Adding repository directory to the temporary git global config as a safe directory
2026-10-04T19:35:21.8148077Z [command]/usr/bin/git config --global --add safe.directory /home/runner/work/PlaySparse/PlaySparse
2026-10-04T19:35:21.8177364Z [command]/usr/bin/git config --local --name-only --get-regexp core\.sshCommand
2026-10-04T19:35:21.8218867Z [command]/usr/bin/git submodule foreach --recursive sh -c "git config --local --name-only --get-regexp 'core\.sshCommand' && git config --local --unset-all 'core.sshCommand' || :"
2026-10-04T19:35:21.8495300Z [command]/usr/bin/git config --local --name-only --get-regexp http\.https\:\/\/github\.com\/\.extraheader
2026-10-04T19:35:21.8530325Z http.https://github.com/.extraheader
2026-10-04T19:35:21.8541759Z [command]/usr/bin/git config --local --unset-all http.https://github.com/.extraheader
2026-10-04T19:35:21.8578708Z [command]/usr/bin/git submodule foreach --recursive sh -c "git config --local --name-only --get-regexp 'http\.https\:\/\/github\.com\/\.extraheader' && git config --local --unset-all 'http.https://github.com/.extraheader' || :"
2026-10-04T19:35:21.8845897Z [command]/usr/bin/git config --local --name-only --get-regexp ^includeIf\.gitdir:
2026-10-04T19:35:21.8886041Z [command]/usr/bin/git submodule foreach --recursive git config --local --show-origin --name-only --get-regexp remote.origin.url
2026-10-04T19:35:21.9293172Z Cleaning up orphan processes
2026-10-04T19:35:21.9717241Z ##[warning]Node.js 20 is deprecated. The following actions target Node.js 20 but are being forced to run on Node.js 24: actions/checkout@v4, actions/upload-artifact@v4. For more information see: https://github.blog/changelog/2025-09-19-deprecation-of-node-20-on-github-actions-runners/
