{
  "allocated_bytes": 14876672,
  "arch": "x86_64",
  "cold_cache": {
    "decompressions": 837,
    "decompressions_avoided": 0,
    "evictions": 0,
    "hit_ratio": 0.0,
    "hits": 0,
    "in_flight_waits": 0,
    "misses": 837,
    "peak_resident_bytes": 0,
    "prefetch_bytes_loaded": 0,
    "prefetch_chunks_loaded": 0,
    "prefetch_dropped": 0,
    "prefetch_duplicates": 0,
    "prefetch_errors": 0,
    "prefetch_expired": 0,
    "prefetch_hits": 0,
    "prefetch_peak_reserved_bytes": 0,
    "prefetch_queue_high_watermark": 0,
    "prefetch_requests": 0,
    "prefetch_reserved_bytes": 0,
    "prefetch_resident_unconsumed_bytes": 0,
    "prefetch_skipped": 0,
    "prefetch_useful_bytes": 0,
    "prefetch_wasted_bytes": 0,
    "raw_bytes_loaded": 38264832,
    "resident_bytes": 0,
    "resident_entries": 0
  },
  "cold_definition": "decompressed chunk cache disabled; OS page cache is uncontrolled, not disk-cold",
  "filesystem_entries": 881,
  "iterations": 64,
  "kind": "direct range resolver benchmark (not mounted I/O)",
  "logical_bytes": 35655680,
  "native_filesystem_compression_baseline": "Windows WOF measurement required; not available on this OS",
  "object_lookup": {
    "p50_ms": 0.000135,
    "p95_ms": 0.000173,
    "p99_ms": 0.000365,
    "samples": 64
  },
  "os": "linux",
  "peak_rss_bytes": 21966848,
  "physical_bytes": 11479686,
  "physical_bytes_definition": "sum of encoded store file lengths; allocated_bytes measures POSIX blocks separately",
  "process_cpu_seconds": 0.06149999999999999,
  "random_chunk_read": {
    "p50_ms": 0.006302,
    "p95_ms": 0.068872,
    "p99_ms": 0.076613,
    "samples": 64
  },
  "requested_random_bytes": 1479886,
  "sequential": {
    "blake3": "a379cb9c7d251d6a8d9c156e2e8d599193e4994757daafd1f559ca9219cc272d",
    "bytes_equal": true,
    "original_mib_s": 1516.1733367583024,
    "playsparse_mib_s": 1625.2024578458963
  },
  "store_open_first_ms": 2.284411,
  "store_open_repeat_ms": 2.032945,
  "wall_seconds": 0.059786569,
  "warm_cache": {
    "decompressions": 69,
    "decompressions_avoided": 323,
    "evictions": 0,
    "hit_ratio": 0.8239795918367347,
    "hits": 323,
    "in_flight_waits": 0,
    "misses": 69,
    "peak_resident_bytes": 2088960,
    "prefetch_bytes_loaded": 0,
    "prefetch_chunks_loaded": 0,
    "prefetch_dropped": 0,
    "prefetch_duplicates": 0,
    "prefetch_errors": 0,
    "prefetch_expired": 0,
    "prefetch_hits": 0,
    "prefetch_peak_reserved_bytes": 0,
    "prefetch_queue_high_watermark": 0,
    "prefetch_requests": 0,
    "prefetch_reserved_bytes": 0,
    "prefetch_resident_unconsumed_bytes": 0,
    "prefetch_skipped": 0,
    "prefetch_useful_bytes": 0,
    "prefetch_wasted_bytes": 0,
    "raw_bytes_loaded": 2088960,
    "resident_bytes": 2088960,
    "resident_entries": 69
  },
  "workloads": [
    {
      "aggregate_read_blake3": "313be38a9f8fc87295b6ce65b24f0fa23a87b1f2b801efc7f6ffd0c43d3f7bbb",
      "original": {
        "p50_ms": 0.000847,
        "p95_ms": 0.001157,
        "p99_ms": 0.004506,
        "samples": 64
      },
      "playsparse_chunk_cache_cold": {
        "p50_ms": 0.009256,
        "p95_ms": 0.014643,
        "p99_ms": 0.165584,
        "samples": 64
      },
      "playsparse_warm_replay": {
        "p50_ms": 0.0007549999999999999,
        "p95_ms": 0.000916,
        "p99_ms": 0.001274,
        "samples": 64
      },
      "raw_bytes_loaded": 520192,
      "read_amplification": 3.8581324631016836,
      "read_bytes": 4096,
      "requested_bytes": 134830,
      "verified_cold_reads": 64,
      "verified_warm_reads": 64
    },
    {
      "aggregate_read_blake3": "18e367cd9dae17166b599555348b790dab9a6bbdd6988cb046b2c6c27837c504",
      "original": {
        "p50_ms": 0.0005179999999999999,
        "p95_ms": 0.0007700000000000001,
        "p99_ms": 0.007283,
        "samples": 64
      },
      "playsparse_chunk_cache_cold": {
        "p50_ms": 0.007498,
        "p95_ms": 0.00932,
        "p99_ms": 0.194756,
        "samples": 64
      },
      "playsparse_warm_replay": {
        "p50_ms": 0.000679,
        "p95_ms": 0.000847,
        "p99_ms": 0.007572,
        "samples": 64
      },
      "raw_bytes_loaded": 520192,
      "read_amplification": 2.935703603374813,
      "read_bytes": 65536,
      "requested_bytes": 177195,
      "verified_cold_reads": 64,
      "verified_warm_reads": 64
    },
    {
      "aggregate_read_blake3": "5793cef060a3691d9f6eeeadee2d73a0b5b12f079a0130c2b2758f2bb8d71cfd",
      "original": {
        "p50_ms": 0.0007700000000000001,
        "p95_ms": 0.00101,
        "p99_ms": 0.499537,
        "samples": 64
      },
      "playsparse_chunk_cache_cold": {
        "p50_ms": 0.008026,
        "p95_ms": 0.009425000000000001,
        "p99_ms": 0.990574,
        "samples": 64
      },
      "playsparse_warm_replay": {
        "p50_ms": 0.000973,
        "p95_ms": 0.0015379999999999999,
        "p99_ms": 0.43368999999999996,
        "samples": 64
      },
      "raw_bytes_loaded": 1568768,
      "read_amplification": 1.3432831475663627,
      "read_bytes": 1048576,
      "requested_bytes": 1167861,
      "verified_cold_reads": 64,
      "verified_warm_reads": 64
    }
  ]
}
