{
  "cache_hit_ratio": 0.6378565254969749,
  "cache_miss_ratio": 0.3621434745030251,
  "cache_ratio_basis": "read events; mixed counts as miss; bypass excluded",
  "events": 1747,
  "hot_files": [
    {
      "events": 1158,
      "path": "world.dat"
    },
    {
      "events": 59,
      "path": "audio.dat"
    },
    {
      "events": 59,
      "path": "testgame"
    },
    {
      "events": 57,
      "path": "assets/entropy.dat"
    },
    {
      "events": 56,
      "path": "data/archive-a.bin"
    },
    {
      "events": 52,
      "path": "fixture.json"
    },
    {
      "events": 43,
      "path": "assets/texture.dat"
    },
    {
      "events": 43,
      "path": "data/archive-b.bin"
    },
    {
      "events": 34,
      "path": "data/archive-a-v2.bin"
    },
    {
      "events": 30,
      "path": "config.json"
    },
    {
      "events": 27,
      "path": "data/truncate.bin"
    },
    {
      "events": 23,
      "path": "readme.txt"
    },
    {
      "events": 22,
      "path": "assets/empty.bin"
    },
    {
      "events": 22,
      "path": "data/replace.bin"
    },
    {
      "events": 19,
      "path": "old-dir/nested/file.bin"
    },
    {
      "events": 14,
      "path": "patch/renamed.bin"
    },
    {
      "events": 7,
      "path": "renamed-dir/nested/file.bin"
    },
    {
      "events": 6,
      "path": "patch/created.bin"
    },
    {
      "events": 6,
      "path": "patch/new.tmp"
    },
    {
      "events": 6,
      "path": "patch/removed.bin"
    }
  ],
  "hot_ranges": [
    {
      "events": 14,
      "length": 4096,
      "offset": 16773120,
      "path": "world.dat"
    },
    {
      "events": 12,
      "length": 131072,
      "offset": 0,
      "path": "world.dat"
    },
    {
      "events": 7,
      "length": 131072,
      "offset": 262144,
      "path": "world.dat"
    },
    {
      "events": 6,
      "length": 16384,
      "offset": 0,
      "path": "world.dat"
    },
    {
      "events": 6,
      "length": 131072,
      "offset": 131072,
      "path": "world.dat"
    },
    {
      "events": 6,
      "length": 8192,
      "offset": 258048,
      "path": "world.dat"
    },
    {
      "events": 6,
      "length": 131072,
      "offset": 393216,
      "path": "world.dat"
    },
    {
      "events": 6,
      "length": 131072,
      "offset": 524288,
      "path": "world.dat"
    },
    {
      "events": 6,
      "length": 131072,
      "offset": 655360,
      "path": "world.dat"
    },
    {
      "events": 5,
      "length": 8192,
      "offset": 327680,
      "path": "world.dat"
    },
    {
      "events": 5,
      "length": 131072,
      "offset": 786432,
      "path": "world.dat"
    },
    {
      "events": 5,
      "length": 131072,
      "offset": 917504,
      "path": "world.dat"
    },
    {
      "events": 5,
      "length": 131072,
      "offset": 1048576,
      "path": "world.dat"
    },
    {
      "events": 5,
      "length": 131072,
      "offset": 1179648,
      "path": "world.dat"
    },
    {
      "events": 5,
      "length": 131072,
      "offset": 1310720,
      "path": "world.dat"
    },
    {
      "events": 5,
      "length": 131072,
      "offset": 1441792,
      "path": "world.dat"
    },
    {
      "events": 5,
      "length": 8192,
      "offset": 6463488,
      "path": "world.dat"
    },
    {
      "events": 5,
      "length": 69632,
      "offset": 6463488,
      "path": "world.dat"
    },
    {
      "events": 5,
      "length": 131072,
      "offset": 6463488,
      "path": "world.dat"
    },
    {
      "events": 5,
      "length": 122880,
      "offset": 6594560,
      "path": "world.dat"
    }
  ],
  "latency_ns": {
    "p50": 8616,
    "p95": 272840,
    "p99": 742928
  },
  "operations": {
    "create": 4,
    "flush": 513,
    "mkdir": 2,
    "read": 1205,
    "rename": 4,
    "rmdir": 1,
    "truncate": 5,
    "unlink": 3,
    "write": 10
  },
  "read_bytes": 114643549,
  "read_operations": 1205,
  "reread_ratio": 0.3825726141078838,
  "sequential_read_percentage": 10.53941908713693,
  "sessions": [
    "4223-1791208432981921368"
  ],
  "sources": {
    "memory-cache": 738,
    "mixed": 67,
    "overlay": 590,
    "primary-local": 352
  },
  "version": 1,
  "write_bytes": 124,
  "write_operations": 10
}
