Package "Install macFUSE":
   Status: signed by a developer certificate issued by Apple for distribution
   Notarization: trusted by the Apple notary service
   Signed with a trusted timestamp on: 2026-09-07 12:34:52 +0000
   Certificate Chain:
    1. Developer ID Installer: Benjamin Fleischer (3T5GSNBU6W)
       Expires: 2027-02-01 22:12:15 +0000
       SHA256 Fingerprint:
           CC 21 01 1A 17 A2 82 BD 28 91 FB EA 2C A7 75 D1 23 F2 80 01 14 2A 
           B8 0F 47 62 D4 66 0D C3 8D 62
       ------------------------------------------------------------------------
    2. Developer ID Certification Authority
       Expires: 2027-02-01 22:12:15 +0000
       SHA256 Fingerprint:
           7A FC 9D 01 A6 2F 03 A2 DE 96 37 93 6D 4A FE 68 09 0D 2D E1 8D 03 
           F2 9C 88 CF B0 B1 BA 63 58 7F
       ------------------------------------------------------------------------
    3. Apple Root CA
       Expires: 2035-02-09 21:40:36 +0000
       SHA256 Fingerprint:
           B0 B1 73 0E CB C7 FF 45 05 14 2C 49 F1 29 5E 6E DA 6B CA ED 7E 2C 
           68 C5 BE 91 B5 A1 10 01 F0 24

