{
  "arch": "aarch64",
  "available_disk_bytes": 75710758912,
  "available_ram_bytes": 120586240,
  "codecs": [
    "raw",
    "zstd (in-process)"
  ],
  "exit_code": 0,
  "filesystem_support": "readonly native callbacks and experimental writable overlays; actual driver mount test required on each platform",
  "hash": "BLAKE3 raw bytes",
  "memory_note": "Linux MemAvailable; Windows ullAvailPhys; macOS free+speculative pages (excludes reclaimable inactive/compressed pages); null on measurement failure",
  "mount_backend": {
    "available": true,
    "backend": "macFUSE",
    "detail": "READY_TO_TEST: Supported macFUSE installation and compiled kernel transport; actual mount capability is unverified. FSKit is unsupported. Run playsparse doctor --mount-test; installation presence does not establish kernel approval or mount capability."
  },
  "mount_diagnostic": {
    "binary_support": true,
    "can_attempt_mount": true,
    "detail": "Supported macFUSE installation and compiled kernel transport; actual mount capability is unverified. FSKit is unsupported.",
    "driver_installed": true,
    "driver_version": "5.4.0",
    "kernel_approval": "UNKNOWN",
    "kernel_backend": "AVAILABLE",
    "mount_test": "PASS",
    "next_steps": [
      "Run playsparse doctor --mount-test; installation presence does not establish kernel approval or mount capability."
    ],
    "problems": [],
    "status": "MOUNT_TEST_PASSED",
    "version_supported": true
  },
  "mount_test": {
    "cleanup": "PASS",
    "commands": [
      [
        "/private/tmp/playsparse-game-aware-target/release/playsparse",
        "mount",
        "/private/var/folders/r_/yttcgd5n3n505tnyj95t74j40000gn/T/playsparse-doctor-KOQRKA/store",
        "/private/var/folders/r_/yttcgd5n3n505tnyj95t74j40000gn/T/playsparse-doctor-KOQRKA/mounted",
        "--cache",
        "1M"
      ],
      [
        {
          "Unix": [
            47,
            112,
            114,
            105,
            118,
            97,
            116,
            101,
            47,
            116,
            109,
            112,
            47,
            112,
            108,
            97,
            121,
            115,
            112,
            97,
            114,
            115,
            101,
            45,
            103,
            97,
            109,
            101,
            45,
            97,
            119,
            97,
            114,
            101,
            45,
            116,
            97,
            114,
            103,
            101,
            116,
            47,
            114,
            101,
            108,
            101,
            97,
            115,
            101,
            47,
            112,
            108,
            97,
            121,
            115,
            112,
            97,
            114,
            115,
            101
          ]
        },
        {
          "Unix": [
            100,
            111,
            99,
            116,
            111,
            114,
            45,
            112,
            114,
            111,
            98,
            101,
            45,
            114,
            101,
            97,
            100
          ]
        },
        {
          "Unix": [
            47,
            112,
            114,
            105,
            118,
            97,
            116,
            101,
            47,
            118,
            97,
            114,
            47,
            102,
            111,
            108,
            100,
            101,
            114,
            115,
            47,
            114,
            95,
            47,
            121,
            116,
            116,
            99,
            103,
            100,
            53,
            110,
            51,
            110,
            53,
            48,
            53,
            116,
            110,
            121,
            106,
            57,
            53,
            116,
            55,
            52,
            106,
            52,
            48,
            48,
            48,
            48,
            103,
            110,
            47,
            84,
            47,
            112,
            108,
            97,
            121,
            115,
            112,
            97,
            114,
            115,
            101,
            45,
            100,
            111,
            99,
            116,
            111,
            114,
            45,
            75,
            79,
            81,
            82,
            75,
            65,
            47,
            109,
            111,
            117,
            110,
            116,
            101,
            100,
            47,
            112,
            114,
            111,
            98,
            101,
            46,
            116,
            120,
            116
          ]
        },
        {
          "Unix": [
            45,
            45,
            100,
            105,
            102,
            102,
            101,
            114,
            101,
            110,
            116,
            45,
            100,
            101,
            118,
            105,
            99,
            101,
            45,
            102,
            114,
            111,
            109
          ]
        },
        {
          "Unix": [
            47,
            112,
            114,
            105,
            118,
            97,
            116,
            101,
            47,
            118,
            97,
            114,
            47,
            102,
            111,
            108,
            100,
            101,
            114,
            115,
            47,
            114,
            95,
            47,
            121,
            116,
            116,
            99,
            103,
            100,
            53,
            110,
            51,
            110,
            53,
            48,
            53,
            116,
            110,
            121,
            106,
            57,
            53,
            116,
            55,
            52,
            106,
            52,
            48,
            48,
            48,
            48,
            103,
            110,
            47,
            84,
            47,
            112,
            108,
            97,
            121,
            115,
            112,
            97,
            114,
            115,
            101,
            45,
            100,
            111,
            99,
            116,
            111,
            114,
            45,
            75,
            79,
            81,
            82,
            75,
            65
          ]
        }
      ],
      [
        {
          "Unix": [
            47,
            112,
            114,
            105,
            118,
            97,
            116,
            101,
            47,
            116,
            109,
            112,
            47,
            112,
            108,
            97,
            121,
            115,
            112,
            97,
            114,
            115,
            101,
            45,
            103,
            97,
            109,
            101,
            45,
            97,
            119,
            97,
            114,
            101,
            45,
            116,
            97,
            114,
            103,
            101,
            116,
            47,
            114,
            101,
            108,
            101,
            97,
            115,
            101,
            47,
            112,
            108,
            97,
            121,
            115,
            112,
            97,
            114,
            115,
            101
          ]
        },
        {
          "Unix": [
            100,
            111,
            99,
            116,
            111,
            114,
            45,
            112,
            114,
            111,
            98,
            101,
            45,
            114,
            101,
            97,
            100
          ]
        },
        {
          "Unix": [
            47,
            112,
            114,
            105,
            118,
            97,
            116,
            101,
            47,
            118,
            97,
            114,
            47,
            102,
            111,
            108,
            100,
            101,
            114,
            115,
            47,
            114,
            95,
            47,
            121,
            116,
            116,
            99,
            103,
            100,
            53,
            110,
            51,
            110,
            53,
            48,
            53,
            116,
            110,
            121,
            106,
            57,
            53,
            116,
            55,
            52,
            106,
            52,
            48,
            48,
            48,
            48,
            103,
            110,
            47,
            84,
            47,
            112,
            108,
            97,
            121,
            115,
            112,
            97,
            114,
            115,
            101,
            45,
            100,
            111,
            99,
            116,
            111,
            114,
            45,
            75,
            79,
            81,
            82,
            75,
            65,
            47,
            109,
            111,
            117,
            110,
            116,
            101,
            100,
            47,
            112,
            114,
            111,
            98,
            101,
            46,
            116,
            120,
            116
          ]
        },
        {
          "Unix": [
            45,
            45,
            100,
            105,
            102,
            102,
            101,
            114,
            101,
            110,
            116,
            45,
            100,
            101,
            118,
            105,
            99,
            101,
            45,
            102,
            114,
            111,
            109
          ]
        },
        {
          "Unix": [
            47,
            112,
            114,
            105,
            118,
            97,
            116,
            101,
            47,
            118,
            97,
            114,
            47,
            102,
            111,
            108,
            100,
            101,
            114,
            115,
            47,
            114,
            95,
            47,
            121,
            116,
            116,
            99,
            103,
            100,
            53,
            110,
            51,
            110,
            53,
            48,
            53,
            116,
            110,
            121,
            106,
            57,
            53,
            116,
            55,
            52,
            106,
            52,
            48,
            48,
            48,
            48,
            103,
            110,
            47,
            84,
            47,
            112,
            108,
            97,
            121,
            115,
            112,
            97,
            114,
            115,
            101,
            45,
            100,
            111,
            99,
            116,
            111,
            114,
            45,
            75,
            79,
            81,
            82,
            75,
            65
          ]
        }
      ],
      [
        {
          "Unix": [
            47,
            112,
            114,
            105,
            118,
            97,
            116,
            101,
            47,
            116,
            109,
            112,
            47,
            112,
            108,
            97,
            121,
            115,
            112,
            97,
            114,
            115,
            101,
            45,
            103,
            97,
            109,
            101,
            45,
            97,
            119,
            97,
            114,
            101,
            45,
            116,
            97,
            114,
            103,
            101,
            116,
            47,
            114,
            101,
            108,
            101,
            97,
            115,
            101,
            47,
            112,
            108,
            97,
            121,
            115,
            112,
            97,
            114,
            115,
            101
          ]
        },
        {
          "Unix": [
            100,
            111,
            99,
            116,
            111,
            114,
            45,
            112,
            114,
            111,
            98,
            101,
            45,
            114,
            101,
            97,
            100
          ]
        },
        {
          "Unix": [
            47,
            112,
            114,
            105,
            118,
            97,
            116,
            101,
            47,
            118,
            97,
            114,
            47,
            102,
            111,
            108,
            100,
            101,
            114,
            115,
            47,
            114,
            95,
            47,
            121,
            116,
            116,
            99,
            103,
            100,
            53,
            110,
            51,
            110,
            53,
            48,
            53,
            116,
            110,
            121,
            106,
            57,
            53,
            116,
            55,
            52,
            106,
            52,
            48,
            48,
            48,
            48,
            103,
            110,
            47,
            84,
            47,
            112,
            108,
            97,
            121,
            115,
            112,
            97,
            114,
            115,
            101,
            45,
            100,
            111,
            99,
            116,
            111,
            114,
            45,
            75,
            79,
            81,
            82,
            75,
            65,
            47,
            109,
            111,
            117,
            110,
            116,
            101,
            100,
            47,
            112,
            114,
            111,
            98,
            101,
            46,
            116,
            120,
            116
          ]
        },
        {
          "Unix": [
            45,
            45,
            100,
            105,
            102,
            102,
            101,
            114,
            101,
            110,
            116,
            45,
            100,
            101,
            118,
            105,
            99,
            101,
            45,
            102,
            114,
            111,
            109
          ]
        },
        {
          "Unix": [
            47,
            112,
            114,
            105,
            118,
            97,
            116,
            101,
            47,
            118,
            97,
            114,
            47,
            102,
            111,
            108,
            100,
            101,
            114,
            115,
            47,
            114,
            95,
            47,
            121,
            116,
            116,
            99,
            103,
            100,
            53,
            110,
            51,
            110,
            53,
            48,
            53,
            116,
            110,
            121,
            106,
            57,
            53,
            116,
            55,
            52,
            106,
            52,
            48,
            48,
            48,
            48,
            103,
            110,
            47,
            84,
            47,
            112,
            108,
            97,
            121,
            115,
            112,
            97,
            114,
            115,
            101,
            45,
            100,
            111,
            99,
            116,
            111,
            114,
            45,
            75,
            79,
            81,
            82,
            75,
            65
          ]
        }
      ],
      [
        "/private/tmp/playsparse-game-aware-target/release/playsparse",
        "unmount",
        "/private/var/folders/r_/yttcgd5n3n505tnyj95t74j40000gn/T/playsparse-doctor-KOQRKA/mounted"
      ]
    ],
    "elapsed_seconds": 0.285244459,
    "provider_exit_code": 0,
    "provider_log": "{\"cache\":{\"decompressions\":1,\"decompressions_avoided\":0,\"evictions\":0,\"hit_ratio\":0.0,\"hits\":0,\"in_flight_waits\":0,\"misses\":1,\"peak_resident_bytes\":21,\"prefetch_bytes_loaded\":0,\"prefetch_chunks_loaded\":0,\"prefetch_dropped\":0,\"prefetch_duplicates\":0,\"prefetch_errors\":0,\"prefetch_expired\":0,\"prefetch_hits\":0,\"prefetch_peak_reserved_bytes\":0,\"prefetch_queue_high_watermark\":0,\"prefetch_requests\":0,\"prefetch_reserved_bytes\":0,\"prefetch_resident_unconsumed_bytes\":0,\"prefetch_skipped\":0,\"prefetch_useful_bytes\":0,\"prefetch_wasted_bytes\":0,\"raw_bytes_loaded\":21,\"resident_bytes\":21,\"resident_entries\":1},\"event\":\"fuse_unmounted\",\"read_errors\":0,\"read_requests\":1,\"requested_bytes\":21,\"returned_bytes\":21,\"tiers\":{\"errors\":0,\"integrity_errors\":0,\"primary_bytes\":21,\"primary_cache_hits\":0,\"primary_hits\":1,\"promotion_bytes\":0,\"promotions\":0,\"remote_bytes\":0,\"remote_errors\":0,\"remote_hits\":0,\"remote_ranges\":0,\"remote_requests\":0,\"secondary_bytes\":0,\"secondary_hits\":0,\"timeouts\":0},\"trace\":null}\n",
    "read_exact_probe": true,
    "scope": "tiny disposable readonly mount; not physical/game/launcher evidence",
    "status": "PASS"
  },
  "os": "macos",
  "permissions": {
    "exists": true,
    "note": "actual mount privilege is checked by backend at mount time",
    "path": "/private/tmp/playsparse-game-aware-native-mac-01",
    "readonly_flag": false
  },
  "store_health": null,
  "windows_physical_test": "REQUIRED"
}
