   Compiling libc v0.2.189
   Compiling proc-macro2 v1.0.107
   Compiling quote v1.0.47
   Compiling unicode-ident v1.0.26
    Checking cfg-if v1.0.5
   Compiling shlex v2.0.1
   Compiling find-msvc-tools v0.1.14
   Compiling serde_core v1.0.229
   Compiling serde v1.0.229
   Compiling thiserror v2.0.21
    Checking itoa v1.0.18
    Checking once_cell v1.21.4
    Checking constant_time_eq v0.4.2
    Checking arrayvec v0.7.8
   Compiling zmij v1.0.23
    Checking bitflags v2.13.2
   Compiling serde_json v1.0.151
    Checking memchr v2.8.3
   Compiling pkg-config v0.3.34
   Compiling rustix v1.1.5
   Compiling getrandom v0.4.3
    Checking fastrand v2.5.0
    Checking log v0.4.34
   Compiling zstd-safe v8.0.0
    Checking zeroize v1.9.0
    Checking rustls-pki-types v1.15.1
    Checking tracing-core v0.1.36
   Compiling httparse v1.10.1
    Checking smallvec v1.16.2
   Compiling syn v3.0.6
   Compiling syn v2.0.119
   Compiling parking_lot_core v0.9.12
    Checking foldhash v0.2.0
    Checking untrusted v0.9.0
   Compiling autocfg v1.5.1
    Checking hashbrown v0.17.1
   Compiling jobserver v0.1.35
   Compiling cc v1.5.1
   Compiling rustls v0.23.45
    Checking same-file v1.0.6
    Checking bytes v1.12.1
    Checking scopeguard v1.2.0
    Checking http v1.5.0
    Checking lock_api v0.4.14
    Checking walkdir v2.5.0
    Checking lru v0.18.5
    Checking fastcdc v5.0.0
    Checking base64 v0.23.1
    Checking subtle v2.6.1
   Compiling blake3 v1.8.7
   Compiling zstd-sys v2.1.0+zstd.1.5.7
   Compiling serde_derive v1.0.229
   Compiling thiserror-impl v2.0.21
   Compiling ring v0.17.14
    Checking errno v0.3.14
    Checking getrandom v0.2.17
    Checking pin-project-lite v0.2.17
    Checking webpki-roots v1.0.9
    Checking percent-encoding v2.3.2
    Checking parking_lot v0.12.5
    Checking utf8-zero v0.8.1
   Compiling zerocopy v0.8.59
   Compiling winnow v1.0.4
   Compiling tracing-attributes v0.1.31
    Checking ureq-proto v0.6.4
    Checking tempfile v3.27.0
   Compiling zerocopy-derive v0.8.59
   Compiling anyhow v1.0.104
   Compiling equivalent v1.0.2
   Compiling toml_parser v1.1.3+spec-1.1.0
    Checking tracing v0.1.44
   Compiling indexmap v2.14.2
   Compiling memoffset v0.9.1
   Compiling toml_datetime v1.1.1+spec-1.1.0
   Compiling cfg_aliases v0.2.2
   Compiling getrandom v0.3.4
   Compiling toml_edit v0.25.15+spec-1.1.0
   Compiling nix v0.31.3
   Compiling rustversion v1.0.23
    Checking utf8parse v0.2.2
    Checking regex-syntax v0.8.11
    Checking anstyle-parse v1.0.0
   Compiling proc-macro-crate v3.5.0
   Compiling ref-cast v1.0.27
   Compiling objc2 v0.6.4
    Checking is_terminal_polyfill v1.70.2
    Checking anstyle-query v1.1.5
    Checking colorchoice v1.0.5
    Checking anstyle v1.0.14
    Checking anstream v1.0.0
    Checking rand_core v0.9.5
   Compiling num_enum_derive v0.7.6
   Compiling ref-cast-impl v1.0.27
   Compiling fuser v0.18.0
   Compiling heck v0.5.0
    Checking objc2-encode v4.1.0
    Checking clap_lex v1.1.1
    Checking strsim v0.11.1
    Checking clap_builder v4.6.7
    Checking num_enum v0.7.6
   Compiling clap_derive v4.6.7
    Checking page_size v0.6.0
   Compiling num-traits v0.2.19
   Compiling playsparse-vfs-win v0.1.0 (/Users/bogdan_dron/Documents/PlaySparse-game-aware/crates/playsparse-vfs-win)
    Checking ppv-lite86 v0.2.21
    Checking block2 v0.6.2
    Checking regex-automata v0.4.18
    Checking wait-timeout v0.2.1
    Checking fnv v1.0.7
    Checking bit-vec v0.8.0
    Checking lazy_static v1.5.1
    Checking quick-error v1.2.3
    Checking playsparse-core v0.1.0 (/Users/bogdan_dron/Documents/PlaySparse-game-aware/crates/playsparse-core)
    Checking rusty-fork v0.3.1
    Checking sharded-slab v0.1.7
    Checking bit-set v0.8.0
    Checking playsparse-trace v0.1.0 (/Users/bogdan_dron/Documents/PlaySparse-game-aware/crates/playsparse-trace)
    Checking playsparse-cache v0.1.0 (/Users/bogdan_dron/Documents/PlaySparse-game-aware/crates/playsparse-cache)
    Checking rand_chacha v0.9.0
    Checking playsparse-policy v0.1.0 (/Users/bogdan_dron/Documents/PlaySparse-game-aware/crates/playsparse-policy)
    Checking dispatch2 v0.3.1
    Checking rand v0.9.5
    Checking rand_xorshift v0.4.0
    Checking tracing-serde v0.2.0
    Checking clap v4.6.7
    Checking memmap2 v0.9.11
    Checking matchers v0.2.0
    Checking tracing-log v0.2.0
    Checking thread_local v1.1.10
   Compiling playsparse-cli v0.1.0 (/Users/bogdan_dron/Documents/PlaySparse-game-aware/crates/playsparse-cli)
    Checking unarray v0.1.4
    Checking nu-ansi-term v0.50.3
    Checking ctrlc v3.5.2
    Checking tracing-subscriber v0.3.23
    Checking proptest v1.11.0
    Checking io-probe v0.1.0 (/Users/bogdan_dron/Documents/PlaySparse-game-aware/tools/io-probe)
    Checking rustls-webpki v0.103.15
    Checking zstd v0.14.0
    Checking playsparse-game v0.1.0 (/Users/bogdan_dron/Documents/PlaySparse-game-aware/crates/playsparse-game)
    Checking ureq v3.4.2
    Checking playsparse-store v0.1.0 (/Users/bogdan_dron/Documents/PlaySparse-game-aware/crates/playsparse-store)
    Checking playsparse-range v0.1.0 (/Users/bogdan_dron/Documents/PlaySparse-game-aware/crates/playsparse-range)
    Checking playsparse-overlay v0.1.0 (/Users/bogdan_dron/Documents/PlaySparse-game-aware/crates/playsparse-overlay)
    Checking playsparse-vfs-fuse v0.1.0 (/Users/bogdan_dron/Documents/PlaySparse-game-aware/crates/playsparse-vfs-fuse)
    Finished `dev` profile [unoptimized + debuginfo] target(s) in 12.32s
