   Compiling proc-macro2 v1.0.107
   Compiling quote v1.0.47
   Compiling unicode-ident v1.0.26
   Compiling libc v0.2.189
   Compiling shlex v2.0.1
   Compiling find-msvc-tools v0.1.14
   Compiling cfg-if v1.0.5
   Compiling serde_core v1.0.229
   Compiling serde v1.0.229
   Compiling pkg-config v0.3.34
   Compiling itoa v1.0.18
   Compiling zmij v1.0.23
   Compiling once_cell v1.21.4
   Compiling thiserror v2.0.21
   Compiling constant_time_eq v0.4.2
   Compiling memchr v2.8.3
   Compiling serde_json v1.0.151
   Compiling arrayvec v0.7.8
   Compiling log v0.4.34
   Compiling bitflags v2.13.2
   Compiling zeroize v1.9.0
   Compiling rustls-pki-types v1.15.1
   Compiling tracing-core v0.1.36
   Compiling smallvec v1.16.2
   Compiling untrusted v0.9.0
   Compiling parking_lot_core v0.9.12
   Compiling zstd-safe v8.0.0
   Compiling httparse v1.10.1
   Compiling rustls v0.23.45
   Compiling scopeguard v1.2.0
   Compiling rustix v1.1.5
   Compiling getrandom v0.4.3
   Compiling bytes v1.12.1
   Compiling jobserver v0.1.35
   Compiling syn v3.0.6
   Compiling cc v1.5.1
   Compiling syn v2.0.119
   Compiling foldhash v0.2.0
   Compiling getrandom v0.2.17
   Compiling hashbrown v0.17.1
   Compiling errno v0.3.14
   Compiling http v1.5.0
   Compiling lock_api v0.4.14
   Compiling pin-project-lite v0.2.17
   Compiling same-file v1.0.6
   Compiling subtle v2.6.1
   Compiling blake3 v1.8.7
   Compiling ring v0.17.14
   Compiling zstd-sys v2.1.0+zstd.1.5.7
   Compiling base64 v0.23.1
   Compiling winnow v1.0.4
   Compiling equivalent v1.0.2
   Compiling autocfg v1.5.1
   Compiling indexmap v2.14.2
   Compiling ureq-proto v0.6.4
   Compiling memoffset v0.9.1
   Compiling toml_parser v1.1.3+spec-1.1.0
   Compiling walkdir v2.5.0
   Compiling parking_lot v0.12.5
   Compiling serde_derive v1.0.229
   Compiling thiserror-impl v2.0.21
   Compiling lru v0.18.5
   Compiling webpki-roots v1.0.9
   Compiling fastrand v2.5.0
   Compiling percent-encoding v2.3.2
   Compiling toml_datetime v1.1.1+spec-1.1.0
   Compiling cfg_aliases v0.2.2
   Compiling utf8-zero v0.8.1
   Compiling fastcdc v5.0.0
   Compiling toml_edit v0.25.15+spec-1.1.0
   Compiling nix v0.31.3
   Compiling tempfile v3.27.0
   Compiling tracing-attributes v0.1.31
   Compiling rustversion v1.0.23
   Compiling anyhow v1.0.104
   Compiling objc2 v0.6.4
   Compiling utf8parse v0.2.2
   Compiling anstyle-parse v1.0.0
   Compiling proc-macro-crate v3.5.0
   Compiling colorchoice v1.0.5
   Compiling tracing v0.1.44
   Compiling anstyle v1.0.14
   Compiling zerocopy v0.8.59
   Compiling ref-cast v1.0.27
   Compiling objc2-encode v4.1.0
   Compiling is_terminal_polyfill v1.70.2
   Compiling anstyle-query v1.1.5
   Compiling anstream v1.0.0
   Compiling num_enum_derive v0.7.6
   Compiling zerocopy-derive v0.8.59
   Compiling ref-cast-impl v1.0.27
   Compiling fuser v0.18.0
   Compiling strsim v0.11.1
   Compiling heck v0.5.0
   Compiling regex-syntax v0.8.11
   Compiling clap_lex v1.1.1
   Compiling clap_builder v4.6.7
   Compiling clap_derive v4.6.7
   Compiling playsparse-core v0.1.0 (/Users/bogdan_dron/Documents/PlaySparse-game-aware/crates/playsparse-core)
   Compiling playsparse-trace v0.1.0 (/Users/bogdan_dron/Documents/PlaySparse-game-aware/crates/playsparse-trace)
   Compiling playsparse-cache v0.1.0 (/Users/bogdan_dron/Documents/PlaySparse-game-aware/crates/playsparse-cache)
   Compiling regex-automata v0.4.18
   Compiling playsparse-policy v0.1.0 (/Users/bogdan_dron/Documents/PlaySparse-game-aware/crates/playsparse-policy)
   Compiling block2 v0.6.2
   Compiling num_enum v0.7.6
   Compiling page_size v0.6.0
   Compiling playsparse-vfs-win v0.1.0 (/Users/bogdan_dron/Documents/PlaySparse-game-aware/crates/playsparse-vfs-win)
   Compiling lazy_static v1.5.1
   Compiling sharded-slab v0.1.7
   Compiling clap v4.6.7
   Compiling dispatch2 v0.3.1
   Compiling tracing-serde v0.2.0
   Compiling matchers v0.2.0
   Compiling tracing-log v0.2.0
   Compiling thread_local v1.1.10
   Compiling nu-ansi-term v0.50.3
   Compiling playsparse-cli v0.1.0 (/Users/bogdan_dron/Documents/PlaySparse-game-aware/crates/playsparse-cli)
   Compiling ctrlc v3.5.2
   Compiling memmap2 v0.9.11
   Compiling tracing-subscriber v0.3.23
   Compiling rustls-webpki v0.103.15
   Compiling io-probe v0.1.0 (/Users/bogdan_dron/Documents/PlaySparse-game-aware/tools/io-probe)
   Compiling zstd v0.14.0
   Compiling playsparse-game v0.1.0 (/Users/bogdan_dron/Documents/PlaySparse-game-aware/crates/playsparse-game)
   Compiling ureq v3.4.2
   Compiling playsparse-store v0.1.0 (/Users/bogdan_dron/Documents/PlaySparse-game-aware/crates/playsparse-store)
   Compiling playsparse-range v0.1.0 (/Users/bogdan_dron/Documents/PlaySparse-game-aware/crates/playsparse-range)
   Compiling playsparse-overlay v0.1.0 (/Users/bogdan_dron/Documents/PlaySparse-game-aware/crates/playsparse-overlay)
   Compiling playsparse-vfs-fuse v0.1.0 (/Users/bogdan_dron/Documents/PlaySparse-game-aware/crates/playsparse-vfs-fuse)
    Finished `release` profile [optimized] target(s) in 23.90s
