{
  "cache_hit_ratio": 0.0,
  "cache_miss_ratio": 1.0,
  "cache_ratio_basis": "read events; mixed counts as miss; bypass excluded",
  "events": 4,
  "hot_files": [
    {
      "events": 4,
      "path": "readme.txt"
    }
  ],
  "hot_ranges": [
    {
      "events": 2,
      "length": 4096,
      "offset": 0,
      "path": "readme.txt"
    }
  ],
  "latency_ns": {
    "p50": 4197,
    "p95": 40450842,
    "p99": 40450842
  },
  "operations": {
    "flush": 2,
    "read": 2
  },
  "read_bytes": 0,
  "read_operations": 2,
  "reread_ratio": 0.5,
  "sequential_read_percentage": 0.0,
  "sessions": [
    "4650-1791144686896081037"
  ],
  "sources": {
    "overlay": 2,
    "unresolved": 2
  },
  "version": 1,
  "write_bytes": 0,
  "write_operations": 0
}
