{
  "cache_hit_ratio": 0.7553648068669528,
  "cache_miss_ratio": 0.2446351931330472,
  "cache_ratio_basis": "read events; mixed counts as miss; bypass excluded",
  "events": 1023,
  "hot_files": [
    {
      "events": 751,
      "path": "world.dat"
    },
    {
      "events": 50,
      "path": "testgame"
    },
    {
      "events": 43,
      "path": "audio.dat"
    },
    {
      "events": 43,
      "path": "fixture.json"
    },
    {
      "events": 42,
      "path": "assets/entropy.dat"
    },
    {
      "events": 35,
      "path": "assets/texture.dat"
    },
    {
      "events": 17,
      "path": "config.json"
    },
    {
      "events": 17,
      "path": "readme.txt"
    },
    {
      "events": 14,
      "path": "assets/empty.bin"
    },
    {
      "events": 11,
      "path": "overlay-created.txt"
    }
  ],
  "hot_ranges": [
    {
      "events": 12,
      "length": 4096,
      "offset": 4190208,
      "path": "world.dat"
    },
    {
      "events": 10,
      "length": 131072,
      "offset": 0,
      "path": "world.dat"
    },
    {
      "events": 7,
      "length": 8192,
      "offset": 258048,
      "path": "world.dat"
    },
    {
      "events": 7,
      "length": 131072,
      "offset": 393216,
      "path": "world.dat"
    },
    {
      "events": 7,
      "length": 131072,
      "offset": 524288,
      "path": "world.dat"
    },
    {
      "events": 6,
      "length": 16384,
      "offset": 0,
      "path": "world.dat"
    },
    {
      "events": 6,
      "length": 131072,
      "offset": 262144,
      "path": "world.dat"
    },
    {
      "events": 6,
      "length": 131072,
      "offset": 655360,
      "path": "world.dat"
    },
    {
      "events": 5,
      "length": 131072,
      "offset": 131072,
      "path": "world.dat"
    },
    {
      "events": 5,
      "length": 8192,
      "offset": 327680,
      "path": "world.dat"
    },
    {
      "events": 5,
      "length": 8192,
      "offset": 430080,
      "path": "world.dat"
    },
    {
      "events": 5,
      "length": 69632,
      "offset": 430080,
      "path": "world.dat"
    },
    {
      "events": 5,
      "length": 131072,
      "offset": 786432,
      "path": "world.dat"
    },
    {
      "events": 5,
      "length": 131072,
      "offset": 917504,
      "path": "world.dat"
    },
    {
      "events": 5,
      "length": 131072,
      "offset": 1048576,
      "path": "world.dat"
    },
    {
      "events": 5,
      "length": 8192,
      "offset": 2269184,
      "path": "world.dat"
    },
    {
      "events": 5,
      "length": 69632,
      "offset": 2269184,
      "path": "world.dat"
    },
    {
      "events": 4,
      "length": 8192,
      "offset": 45056,
      "path": "world.dat"
    },
    {
      "events": 4,
      "length": 126976,
      "offset": 131072,
      "path": "world.dat"
    },
    {
      "events": 4,
      "length": 131072,
      "offset": 1179648,
      "path": "world.dat"
    }
  ],
  "latency_ns": {
    "p50": 4960,
    "p95": 1669006,
    "p99": 2044396
  },
  "operations": {
    "create": 1,
    "flush": 320,
    "read": 700,
    "truncate": 1,
    "write": 1
  },
  "read_bytes": 51184345,
  "read_operations": 700,
  "reread_ratio": 0.40714285714285714,
  "sequential_read_percentage": 5.285714285714286,
  "sessions": [
    "4331-1791144684141712955"
  ],
  "sources": {
    "memory-cache": 528,
    "mixed": 31,
    "overlay": 324,
    "primary-local": 51,
    "secondary-local": 89
  },
  "version": 1,
  "write_bytes": 18,
  "write_operations": 1
}
