{
  "schema": 1,
  "os": "linux",
  "arch": "x86_64",
  "original": "/tmp/playsparse-posix-ci/tiers/source",
  "iterations_per_thread": 4,
  "sequential_limit_per_file": 1048576,
  "page_cache_policy": "OS caches are not cleared; sequential and earlier workloads may warm later reads",
  "equality": "ORIGINAL == CANDIDATE for every measured byte read",
  "comparisons": [
    {
      "candidate": "/tmp/playsparse-posix-ci/tiers/mounted",
      "logical_bytes": 11999219,
      "files": 9,
      "directory_enumeration_equal": true,
      "workloads": [
        {
          "name": "open",
          "read_bytes": 0,
          "threads": 1,
          "original": {
            "operations": 36,
            "bytes": 288,
            "p50_ms": 0.006422,
            "p95_ms": 0.008125,
            "p99_ms": 0.008416,
            "measured_operation_seconds": 0.000227485,
            "throughput_mib_s": 1.2073684116535155,
            "blake3": "772b56b97311776d6655a41c539220b2847d5ad13cb21974c333a2689409f07d",
            "errors": 0
          },
          "candidate": {
            "operations": 36,
            "bytes": 288,
            "p50_ms": 0.105517,
            "p95_ms": 0.241813,
            "p99_ms": 0.267401,
            "measured_operation_seconds": 0.004577727,
            "throughput_mib_s": 0.05999881668893754,
            "blake3": "772b56b97311776d6655a41c539220b2847d5ad13cb21974c333a2689409f07d",
            "errors": 0
          },
          "bytes_equal": true,
          "wall_seconds": 0.007717069
        },
        {
          "name": "stat",
          "read_bytes": 0,
          "threads": 1,
          "original": {
            "operations": 36,
            "bytes": 288,
            "p50_ms": 0.004188,
            "p95_ms": 0.004819,
            "p99_ms": 0.006582,
            "measured_operation_seconds": 0.000146765,
            "throughput_mib_s": 1.8714148681565768,
            "blake3": "772b56b97311776d6655a41c539220b2847d5ad13cb21974c333a2689409f07d",
            "errors": 0
          },
          "candidate": {
            "operations": 36,
            "bytes": 288,
            "p50_ms": 0.083326,
            "p95_ms": 0.182852,
            "p99_ms": 0.189184,
            "measured_operation_seconds": 0.003724214,
            "throughput_mib_s": 0.0737493074041932,
            "blake3": "772b56b97311776d6655a41c539220b2847d5ad13cb21974c333a2689409f07d",
            "errors": 0
          },
          "bytes_equal": true,
          "wall_seconds": 0.003889077
        },
        {
          "name": "sequential",
          "read_bytes": 1048576,
          "threads": 1,
          "original": {
            "operations": 8,
            "bytes": 6291569,
            "p50_ms": 0.42207,
            "p95_ms": 0.814725,
            "p99_ms": 0.814725,
            "measured_operation_seconds": 0.003044036,
            "throughput_mib_s": 1971.102761333228,
            "blake3": "99413ade92be25caf551f9efd58867a97af2dd4d0f6b2f350fc42c6bd7d2d008",
            "errors": 0
          },
          "candidate": {
            "operations": 8,
            "bytes": 6291569,
            "p50_ms": 1.169759,
            "p95_ms": 1.525565,
            "p99_ms": 1.525565,
            "measured_operation_seconds": 0.007320147,
            "throughput_mib_s": 819.6703925751428,
            "blake3": "99413ade92be25caf551f9efd58867a97af2dd4d0f6b2f350fc42c6bd7d2d008",
            "errors": 0
          },
          "bytes_equal": true,
          "wall_seconds": 0.017084519
        },
        {
          "name": "random",
          "read_bytes": 4096,
          "threads": 1,
          "original": {
            "operations": 10,
            "bytes": 28709,
            "p50_ms": 0.002945,
            "p95_ms": 0.004689,
            "p99_ms": 0.004689,
            "measured_operation_seconds": 0.000030236,
            "throughput_mib_s": 905.5111770639976,
            "blake3": "6471cbd9f22faefac68c462a7714d1abb3710996fe7f164587aff9d90abb3bc4",
            "errors": 0
          },
          "candidate": {
            "operations": 10,
            "bytes": 28709,
            "p50_ms": 0.040586,
            "p95_ms": 0.100798,
            "p99_ms": 0.100798,
            "measured_operation_seconds": 0.0004117,
            "throughput_mib_s": 66.50239482561825,
            "blake3": "6471cbd9f22faefac68c462a7714d1abb3710996fe7f164587aff9d90abb3bc4",
            "errors": 0
          },
          "bytes_equal": true,
          "wall_seconds": 0.000975245
        },
        {
          "name": "random",
          "read_bytes": 4096,
          "threads": 2,
          "original": {
            "operations": 20,
            "bytes": 57418,
            "p50_ms": 0.002705,
            "p95_ms": 0.003486,
            "p99_ms": 0.004599,
            "measured_operation_seconds": 0.000055004,
            "throughput_mib_s": 995.5289051598804,
            "blake3": "94ede774da4d7dca6038cba3df1b6b52f75cf94ab880b8f59b21a7f2a2001220",
            "errors": 0
          },
          "candidate": {
            "operations": 20,
            "bytes": 57418,
            "p50_ms": 0.045715,
            "p95_ms": 0.103293,
            "p99_ms": 0.14037,
            "measured_operation_seconds": 0.000999703,
            "throughput_mib_s": 54.774339878357935,
            "blake3": "94ede774da4d7dca6038cba3df1b6b52f75cf94ab880b8f59b21a7f2a2001220",
            "errors": 0
          },
          "bytes_equal": true,
          "wall_seconds": 0.001198493
        },
        {
          "name": "random",
          "read_bytes": 4096,
          "threads": 4,
          "original": {
            "operations": 40,
            "bytes": 114836,
            "p50_ms": 0.002324,
            "p95_ms": 0.006352,
            "p99_ms": 0.014848,
            "measured_operation_seconds": 0.000115793,
            "throughput_mib_s": 945.7924382201699,
            "blake3": "53151a624643b2127bfcac28bcf1ca4bccfb4daffb1e4f4dbdc9350ce3373dfc",
            "errors": 0
          },
          "candidate": {
            "operations": 40,
            "bytes": 114836,
            "p50_ms": 0.050945,
            "p95_ms": 0.089908,
            "p99_ms": 0.11121,
            "measured_operation_seconds": 0.002057649,
            "throughput_mib_s": 53.22391904490422,
            "blake3": "53151a624643b2127bfcac28bcf1ca4bccfb4daffb1e4f4dbdc9350ce3373dfc",
            "errors": 0
          },
          "bytes_equal": true,
          "wall_seconds": 0.001312768
        },
        {
          "name": "random",
          "read_bytes": 4096,
          "threads": 8,
          "original": {
            "operations": 80,
            "bytes": 229672,
            "p50_ms": 0.002415,
            "p95_ms": 0.016772,
            "p99_ms": 0.061225,
            "measured_operation_seconds": 0.000359162,
            "throughput_mib_s": 609.8425991548556,
            "blake3": "27501d7b1f3e07e776bc205a121779d7a9d0b66aa1f18a338fdc67a0acc2917a",
            "errors": 0
          },
          "candidate": {
            "operations": 80,
            "bytes": 229672,
            "p50_ms": 0.049142,
            "p95_ms": 0.210273,
            "p99_ms": 0.309699,
            "measured_operation_seconds": 0.005344575,
            "throughput_mib_s": 40.98217119184524,
            "blake3": "27501d7b1f3e07e776bc205a121779d7a9d0b66aa1f18a338fdc67a0acc2917a",
            "errors": 0
          },
          "bytes_equal": true,
          "wall_seconds": 0.002456204
        },
        {
          "name": "random",
          "read_bytes": 4096,
          "threads": 16,
          "original": {
            "operations": 160,
            "bytes": 459344,
            "p50_ms": 0.002305,
            "p95_ms": 0.004658,
            "p99_ms": 0.008866,
            "measured_operation_seconds": 0.000432568,
            "throughput_mib_s": 1012.7068465427691,
            "blake3": "58e354faa531553f5b66a5d855c249acf5dd0a483fe4a9421efb02dbdd95f05e",
            "errors": 0
          },
          "candidate": {
            "operations": 160,
            "bytes": 459344,
            "p50_ms": 0.093054,
            "p95_ms": 0.350004,
            "p99_ms": 0.562172,
            "measured_operation_seconds": 0.020924276,
            "throughput_mib_s": 20.9357100429813,
            "blake3": "58e354faa531553f5b66a5d855c249acf5dd0a483fe4a9421efb02dbdd95f05e",
            "errors": 0
          },
          "bytes_equal": true,
          "wall_seconds": 0.004274129
        },
        {
          "name": "random",
          "read_bytes": 65536,
          "threads": 1,
          "original": {
            "operations": 10,
            "bytes": 458789,
            "p50_ms": 0.006993,
            "p95_ms": 0.036298,
            "p99_ms": 0.036298,
            "measured_operation_seconds": 0.000088237,
            "throughput_mib_s": 4958.63737377412,
            "blake3": "8b62663d7eb47d98d324b478b2f607e6adb90f201aa9aec6ae8af320600bbb4d",
            "errors": 0
          },
          "candidate": {
            "operations": 10,
            "bytes": 458789,
            "p50_ms": 0.070462,
            "p95_ms": 0.128139,
            "p99_ms": 0.128139,
            "measured_operation_seconds": 0.000683596,
            "throughput_mib_s": 640.0495116263218,
            "blake3": "8b62663d7eb47d98d324b478b2f607e6adb90f201aa9aec6ae8af320600bbb4d",
            "errors": 0
          },
          "bytes_equal": true,
          "wall_seconds": 0.001303449
        },
        {
          "name": "random",
          "read_bytes": 65536,
          "threads": 2,
          "original": {
            "operations": 20,
            "bytes": 917578,
            "p50_ms": 0.005811,
            "p95_ms": 0.031519,
            "p99_ms": 0.036217,
            "measured_operation_seconds": 0.000179517,
            "throughput_mib_s": 4874.5833090983815,
            "blake3": "0db33d2a49ccdee566d52b15f04056b8004a0888f60d58f0c5680c5f894caa77",
            "errors": 0
          },
          "candidate": {
            "operations": 20,
            "bytes": 917578,
            "p50_ms": 0.0696,
            "p95_ms": 0.164217,
            "p99_ms": 0.206059,
            "measured_operation_seconds": 0.00148804,
            "throughput_mib_s": 588.0692534470942,
            "blake3": "0db33d2a49ccdee566d52b15f04056b8004a0888f60d58f0c5680c5f894caa77",
            "errors": 0
          },
          "bytes_equal": true,
          "wall_seconds": 0.001666407
        },
        {
          "name": "random",
          "read_bytes": 65536,
          "threads": 4,
          "original": {
            "operations": 40,
            "bytes": 1835156,
            "p50_ms": 0.007925,
            "p95_ms": 0.035016,
            "p99_ms": 0.051657,
            "measured_operation_seconds": 0.000388311,
            "throughput_mib_s": 4507.060433000425,
            "blake3": "89e891c89ef3cddddb0743d7d2e65ea414493e15822ea5be375e1896a89a7da4",
            "errors": 0
          },
          "candidate": {
            "operations": 40,
            "bytes": 1835156,
            "p50_ms": 0.069389,
            "p95_ms": 0.186019,
            "p99_ms": 0.282749,
            "measured_operation_seconds": 0.003390605,
            "throughput_mib_s": 516.1737046334881,
            "blake3": "89e891c89ef3cddddb0743d7d2e65ea414493e15822ea5be375e1896a89a7da4",
            "errors": 0
          },
          "bytes_equal": true,
          "wall_seconds": 0.002188094
        },
        {
          "name": "random",
          "read_bytes": 65536,
          "threads": 8,
          "original": {
            "operations": 80,
            "bytes": 3670312,
            "p50_ms": 0.007194,
            "p95_ms": 0.021981,
            "p99_ms": 0.03728,
            "measured_operation_seconds": 0.000731397,
            "throughput_mib_s": 4785.748762433612,
            "blake3": "57492ec21155cf0239676456f0db2f6d673b40df6f7f0af4e459f13a22e1f970",
            "errors": 0
          },
          "candidate": {
            "operations": 80,
            "bytes": 3670312,
            "p50_ms": 0.112544,
            "p95_ms": 0.430876,
            "p99_ms": 0.526345,
            "measured_operation_seconds": 0.012155137,
            "throughput_mib_s": 287.96732505751737,
            "blake3": "57492ec21155cf0239676456f0db2f6d673b40df6f7f0af4e459f13a22e1f970",
            "errors": 0
          },
          "bytes_equal": true,
          "wall_seconds": 0.003611631
        },
        {
          "name": "random",
          "read_bytes": 65536,
          "threads": 16,
          "original": {
            "operations": 160,
            "bytes": 7300794,
            "p50_ms": 0.007284,
            "p95_ms": 0.039724,
            "p99_ms": 0.115529,
            "measured_operation_seconds": 0.002394157,
            "throughput_mib_s": 2908.155032093907,
            "blake3": "3e16f3f80247841cd2b191367f582f16660446632e4359efd2e2c27bfefbb770",
            "errors": 0
          },
          "candidate": {
            "operations": 160,
            "bytes": 7300794,
            "p50_ms": 0.117159,
            "p95_ms": 0.957521,
            "p99_ms": 1.406402,
            "measured_operation_seconds": 0.041996302,
            "throughput_mib_s": 165.79030523146662,
            "blake3": "3e16f3f80247841cd2b191367f582f16660446632e4359efd2e2c27bfefbb770",
            "errors": 0
          },
          "bytes_equal": true,
          "wall_seconds": 0.006335583
        },
        {
          "name": "random",
          "read_bytes": 1048576,
          "threads": 1,
          "original": {
            "operations": 10,
            "bytes": 7340069,
            "p50_ms": 0.088316,
            "p95_ms": 0.473907,
            "p99_ms": 0.473907,
            "measured_operation_seconds": 0.001132278,
            "throughput_mib_s": 6182.258496543876,
            "blake3": "97574e163630ee65b0ebaaccab89616a9b485e640a9737d8ecef90a2a6e6de69",
            "errors": 0
          },
          "candidate": {
            "operations": 10,
            "bytes": 7340069,
            "p50_ms": 0.128621,
            "p95_ms": 0.993309,
            "p99_ms": 0.993309,
            "measured_operation_seconds": 0.002668723,
            "throughput_mib_s": 2622.9905786212007,
            "blake3": "97574e163630ee65b0ebaaccab89616a9b485e640a9737d8ecef90a2a6e6de69",
            "errors": 0
          },
          "bytes_equal": true,
          "wall_seconds": 0.008511817
        },
        {
          "name": "random",
          "read_bytes": 1048576,
          "threads": 2,
          "original": {
            "operations": 20,
            "bytes": 14680138,
            "p50_ms": 0.094648,
            "p95_ms": 0.166732,
            "p99_ms": 0.558064,
            "measured_operation_seconds": 0.002162861,
            "throughput_mib_s": 6472.940504220759,
            "blake3": "fbe90a7e4b898bb2f03a3996b9a75538709621cb3d8c39b72f390ca918b2ab0b",
            "errors": 0
          },
          "candidate": {
            "operations": 20,
            "bytes": 14680138,
            "p50_ms": 0.128186,
            "p95_ms": 0.679161,
            "p99_ms": 0.741537,
            "measured_operation_seconds": 0.00456044,
            "throughput_mib_s": 3069.894696980865,
            "blake3": "fbe90a7e4b898bb2f03a3996b9a75538709621cb3d8c39b72f390ca918b2ab0b",
            "errors": 0
          },
          "bytes_equal": true,
          "wall_seconds": 0.008327556
        },
        {
          "name": "random",
          "read_bytes": 1048576,
          "threads": 4,
          "original": {
            "operations": 40,
            "bytes": 28493966,
            "p50_ms": 0.092072,
            "p95_ms": 0.194333,
            "p99_ms": 0.735556,
            "measured_operation_seconds": 0.004914366,
            "throughput_mib_s": 5529.4952689223655,
            "blake3": "f278104f96db40ce878563bb95a4480647aa9810b75f895b81dba721520cf08a",
            "errors": 0
          },
          "candidate": {
            "operations": 40,
            "bytes": 28493966,
            "p50_ms": 0.109244,
            "p95_ms": 1.170212,
            "p99_ms": 2.594524,
            "measured_operation_seconds": 0.012365206,
            "throughput_mib_s": 2197.615110233742,
            "blake3": "f278104f96db40ce878563bb95a4480647aa9810b75f895b81dba721520cf08a",
            "errors": 0
          },
          "bytes_equal": true,
          "wall_seconds": 0.012511522
        },
        {
          "name": "random",
          "read_bytes": 1048576,
          "threads": 8,
          "original": {
            "operations": 80,
            "bytes": 57499746,
            "p50_ms": 0.132638,
            "p95_ms": 1.574375,
            "p99_ms": 2.658367,
            "measured_operation_seconds": 0.023875828,
            "throughput_mib_s": 2296.7174566713666,
            "blake3": "9d9f984938e3b158ebbbd4b43b8b175fb741eb105ee4b2ed008da2aa966bb1f7",
            "errors": 0
          },
          "candidate": {
            "operations": 80,
            "bytes": 57499746,
            "p50_ms": 0.151142,
            "p95_ms": 3.611047,
            "p99_ms": 5.270412,
            "measured_operation_seconds": 0.06189083,
            "throughput_mib_s": 886.0122082719364,
            "blake3": "9d9f984938e3b158ebbbd4b43b8b175fb741eb105ee4b2ed008da2aa966bb1f7",
            "errors": 0
          },
          "bytes_equal": true,
          "wall_seconds": 0.023213929
        },
        {
          "name": "random",
          "read_bytes": 1048576,
          "threads": 16,
          "original": {
            "operations": 160,
            "bytes": 109070864,
            "p50_ms": 0.114184,
            "p95_ms": 1.161744,
            "p99_ms": 9.15453,
            "measured_operation_seconds": 0.055009943,
            "throughput_mib_s": 1890.8960088367855,
            "blake3": "4f9ce51376fbb12acebc4e8ad6fc062e3a42a12602fbe7eff54788ee3a8ed1cc",
            "errors": 0
          },
          "candidate": {
            "operations": 160,
            "bytes": 109070864,
            "p50_ms": 0.141184,
            "p95_ms": 6.892758,
            "p99_ms": 11.166074,
            "measured_operation_seconds": 0.211874058,
            "throughput_mib_s": 490.9429811602469,
            "blake3": "4f9ce51376fbb12acebc4e8ad6fc062e3a42a12602fbe7eff54788ee3a8ed1cc",
            "errors": 0
          },
          "bytes_equal": true,
          "wall_seconds": 0.039437825
        },
        {
          "name": "mmap_random_pages",
          "read_bytes": 4096,
          "threads": 1,
          "original": {
            "operations": 10,
            "bytes": 28711,
            "p50_ms": 0.003186,
            "p95_ms": 0.007023,
            "p99_ms": 0.007023,
            "measured_operation_seconds": 0.000032422,
            "throughput_mib_s": 844.517404797355,
            "blake3": "95839e66aa6c350fafd3460c621828d47e8d3e6319065232fdff26866afd77b5",
            "errors": 0
          },
          "candidate": {
            "operations": 10,
            "bytes": 28711,
            "p50_ms": 0.07991,
            "p95_ms": 0.108764,
            "p99_ms": 0.108764,
            "measured_operation_seconds": 0.000630111,
            "throughput_mib_s": 43.45415855038214,
            "blake3": "95839e66aa6c350fafd3460c621828d47e8d3e6319065232fdff26866afd77b5",
            "errors": 0
          },
          "bytes_equal": true,
          "wall_seconds": 0.001387338
        }
      ]
    }
  ],
  "process_cpu_seconds": 0.333218,
  "peak_rss_bytes": 38051840
}
