    Checking cfg-if v1.0.5
    Checking libc v0.2.189
    Checking once_cell v1.21.4
    Checking itoa v1.0.18
    Checking serde_core v1.0.229
    Checking constant_time_eq v0.4.2
    Checking arrayvec v0.7.8
    Checking thiserror v2.0.21
    Checking foldhash v0.2.0
    Checking bitflags v2.13.2
    Checking zeroize v1.9.0
    Checking zmij v1.0.23
    Checking hashbrown v0.17.1
    Checking memchr v2.8.3
    Checking untrusted v0.9.0
    Checking fastrand v2.5.0
    Checking bytes v1.12.1
    Checking rustls-pki-types v1.15.1
    Checking log v0.4.34
    Checking smallvec v1.16.2
    Checking scopeguard v1.2.0
    Checking httparse v1.10.1
    Checking errno v0.3.14
    Checking getrandom v0.2.17
    Checking getrandom v0.4.3
   Compiling jobserver v0.1.35
    Checking rustix v1.1.5
    Checking getrandom v0.3.4
    Checking parking_lot_core v0.9.12
    Checking lock_api v0.4.14
    Checking subtle v2.6.1
    Checking http v1.5.0
    Checking base64 v0.23.1
    Checking lru v0.18.5
    Checking rand_core v0.9.5
    Checking webpki-roots v1.0.9
    Checking zerocopy v0.8.59
   Compiling cc v1.5.1
    Checking parking_lot v0.12.5
    Checking tracing-core v0.1.36
    Checking same-file v1.0.6
    Checking pin-project-lite v0.2.17
    Checking utf8-zero v0.8.1
    Checking percent-encoding v2.3.2
    Checking walkdir v2.5.0
    Checking wait-timeout v0.2.1
    Checking bit-vec v0.8.0
    Checking quick-error v1.2.3
    Checking fnv v1.0.7
    Checking tracing v0.1.44
    Checking fastcdc v5.0.0
    Checking num-traits v0.2.19
    Checking rand v0.9.5
    Checking bit-set v0.8.0
    Checking ureq-proto v0.6.4
    Checking rand_xorshift v0.4.0
    Checking regex-syntax v0.8.11
    Checking unarray v0.1.4
    Checking tempfile v3.27.0
    Checking rusty-fork v0.3.1
    Checking serde v1.0.229
    Checking serde_json v1.0.151
   Compiling blake3 v1.8.7
   Compiling ring v0.17.14
   Compiling zstd-sys v2.1.0+zstd.1.5.7
    Checking ppv-lite86 v0.2.21
    Checking rand_chacha v0.9.0
    Checking proptest v1.11.0
   Compiling rustls v0.23.45
    Checking playsparse-core v0.1.0 (/Users/bogdan_dron/Documents/PlaySparse/crates/playsparse-core)
    Checking playsparse-trace v0.1.0 (/Users/bogdan_dron/Documents/PlaySparse/crates/playsparse-trace)
    Checking playsparse-cache v0.1.0 (/Users/bogdan_dron/Documents/PlaySparse/crates/playsparse-cache)
    Checking rustls-webpki v0.103.15
    Checking playsparse-policy v0.1.0 (/Users/bogdan_dron/Documents/PlaySparse/crates/playsparse-policy)
   Compiling zstd-safe v8.0.0
    Checking zstd v0.14.0
    Checking ureq v3.4.2
    Checking playsparse-store v0.1.0 (/Users/bogdan_dron/Documents/PlaySparse/crates/playsparse-store)
    Checking playsparse-range v0.1.0 (/Users/bogdan_dron/Documents/PlaySparse/crates/playsparse-range)
    Finished `dev` profile [unoptimized + debuginfo] target(s) in 5.72s
