{
  "cache_hit_ratio": 0.0,
  "cache_miss_ratio": 1.0,
  "cache_ratio_basis": "read events; mixed counts as miss; bypass excluded",
  "events": 4,
  "hot_files": [
    {
      "events": 4,
      "path": "readme.txt"
    }
  ],
  "hot_ranges": [
    {
      "events": 2,
      "length": 4096,
      "offset": 0,
      "path": "readme.txt"
    }
  ],
  "latency_ns": {
    "p50": 11250,
    "p95": 45552834,
    "p99": 45552834
  },
  "operations": {
    "flush": 2,
    "read": 2
  },
  "read_bytes": 0,
  "read_operations": 2,
  "reread_ratio": 0.5,
  "sequential_read_percentage": 0.0,
  "sessions": [
    "21823-1791111506908612294"
  ],
  "sources": {
    "overlay": 2,
    "unresolved": 2
  },
  "version": 1,
  "write_bytes": 0,
  "write_operations": 0
}
