{
  "arch": "x86_64",
  "available_disk_bytes": 89768669184,
  "available_ram_bytes": 15670218752,
  "codecs": [
    "raw",
    "zstd (in-process)"
  ],
  "exit_code": 0,
  "filesystem_support": "readonly native callbacks and experimental writable overlays; actual driver mount test required on each platform",
  "hash": "BLAKE3 raw bytes",
  "memory_note": "Linux MemAvailable; Windows ullAvailPhys; macOS free+speculative pages (excludes reclaimable inactive/compressed pages); null on measurement failure",
  "mount_backend": {
    "available": true,
    "backend": "FUSE",
    "detail": "Linux /dev/fuse can be opened; mounting still requires mount permission or fusermount3."
  },
  "mount_diagnostic": {
    "kernel_backend": "AVAILABLE",
    "mount_test": "PASS",
    "status": "MOUNT_TEST_PASSED"
  },
  "mount_test": {
    "cleanup": "PASS",
    "commands": [
      [
        "/home/runner/work/PlaySparse/PlaySparse/target/release/playsparse",
        "mount",
        "/tmp/playsparse-doctor-mHrqYX/store",
        "/tmp/playsparse-doctor-mHrqYX/mounted",
        "--cache",
        "1M"
      ],
      [
        {
          "Unix": [
            47,
            104,
            111,
            109,
            101,
            47,
            114,
            117,
            110,
            110,
            101,
            114,
            47,
            119,
            111,
            114,
            107,
            47,
            80,
            108,
            97,
            121,
            83,
            112,
            97,
            114,
            115,
            101,
            47,
            80,
            108,
            97,
            121,
            83,
            112,
            97,
            114,
            115,
            101,
            47,
            116,
            97,
            114,
            103,
            101,
            116,
            47,
            114,
            101,
            108,
            101,
            97,
            115,
            101,
            47,
            112,
            108,
            97,
            121,
            115,
            112,
            97,
            114,
            115,
            101
          ]
        },
        {
          "Unix": [
            100,
            111,
            99,
            116,
            111,
            114,
            45,
            112,
            114,
            111,
            98,
            101,
            45,
            114,
            101,
            97,
            100
          ]
        },
        {
          "Unix": [
            47,
            116,
            109,
            112,
            47,
            112,
            108,
            97,
            121,
            115,
            112,
            97,
            114,
            115,
            101,
            45,
            100,
            111,
            99,
            116,
            111,
            114,
            45,
            109,
            72,
            114,
            113,
            89,
            88,
            47,
            109,
            111,
            117,
            110,
            116,
            101,
            100,
            47,
            112,
            114,
            111,
            98,
            101,
            46,
            116,
            120,
            116
          ]
        },
        {
          "Unix": [
            45,
            45,
            100,
            105,
            102,
            102,
            101,
            114,
            101,
            110,
            116,
            45,
            100,
            101,
            118,
            105,
            99,
            101,
            45,
            102,
            114,
            111,
            109
          ]
        },
        {
          "Unix": [
            47,
            116,
            109,
            112,
            47,
            112,
            108,
            97,
            121,
            115,
            112,
            97,
            114,
            115,
            101,
            45,
            100,
            111,
            99,
            116,
            111,
            114,
            45,
            109,
            72,
            114,
            113,
            89,
            88
          ]
        }
      ],
      [
        {
          "Unix": [
            47,
            104,
            111,
            109,
            101,
            47,
            114,
            117,
            110,
            110,
            101,
            114,
            47,
            119,
            111,
            114,
            107,
            47,
            80,
            108,
            97,
            121,
            83,
            112,
            97,
            114,
            115,
            101,
            47,
            80,
            108,
            97,
            121,
            83,
            112,
            97,
            114,
            115,
            101,
            47,
            116,
            97,
            114,
            103,
            101,
            116,
            47,
            114,
            101,
            108,
            101,
            97,
            115,
            101,
            47,
            112,
            108,
            97,
            121,
            115,
            112,
            97,
            114,
            115,
            101
          ]
        },
        {
          "Unix": [
            100,
            111,
            99,
            116,
            111,
            114,
            45,
            112,
            114,
            111,
            98,
            101,
            45,
            114,
            101,
            97,
            100
          ]
        },
        {
          "Unix": [
            47,
            116,
            109,
            112,
            47,
            112,
            108,
            97,
            121,
            115,
            112,
            97,
            114,
            115,
            101,
            45,
            100,
            111,
            99,
            116,
            111,
            114,
            45,
            109,
            72,
            114,
            113,
            89,
            88,
            47,
            109,
            111,
            117,
            110,
            116,
            101,
            100,
            47,
            112,
            114,
            111,
            98,
            101,
            46,
            116,
            120,
            116
          ]
        },
        {
          "Unix": [
            45,
            45,
            100,
            105,
            102,
            102,
            101,
            114,
            101,
            110,
            116,
            45,
            100,
            101,
            118,
            105,
            99,
            101,
            45,
            102,
            114,
            111,
            109
          ]
        },
        {
          "Unix": [
            47,
            116,
            109,
            112,
            47,
            112,
            108,
            97,
            121,
            115,
            112,
            97,
            114,
            115,
            101,
            45,
            100,
            111,
            99,
            116,
            111,
            114,
            45,
            109,
            72,
            114,
            113,
            89,
            88
          ]
        }
      ],
      [
        "/home/runner/work/PlaySparse/PlaySparse/target/release/playsparse",
        "unmount",
        "/tmp/playsparse-doctor-mHrqYX/mounted"
      ]
    ],
    "elapsed_seconds": 0.140792848,
    "provider_exit_code": 0,
    "provider_log": "{\"cache\":{\"decompressions\":1,\"decompressions_avoided\":0,\"evictions\":0,\"hit_ratio\":0.0,\"hits\":0,\"in_flight_waits\":0,\"misses\":1,\"peak_resident_bytes\":21,\"prefetch_bytes_loaded\":0,\"prefetch_chunks_loaded\":0,\"prefetch_dropped\":0,\"prefetch_duplicates\":0,\"prefetch_errors\":0,\"prefetch_expired\":0,\"prefetch_hits\":0,\"prefetch_peak_reserved_bytes\":0,\"prefetch_queue_high_watermark\":0,\"prefetch_requests\":0,\"prefetch_reserved_bytes\":0,\"prefetch_resident_unconsumed_bytes\":0,\"prefetch_skipped\":0,\"prefetch_useful_bytes\":0,\"prefetch_wasted_bytes\":0,\"raw_bytes_loaded\":21,\"resident_bytes\":21,\"resident_entries\":1},\"event\":\"fuse_unmounted\",\"read_errors\":0,\"read_requests\":1,\"requested_bytes\":4096,\"returned_bytes\":21,\"tiers\":{\"errors\":0,\"integrity_errors\":0,\"primary_bytes\":21,\"primary_cache_hits\":0,\"primary_hits\":1,\"promotion_bytes\":0,\"promotions\":0,\"remote_bytes\":0,\"remote_errors\":0,\"remote_hits\":0,\"remote_ranges\":0,\"remote_requests\":0,\"secondary_bytes\":0,\"secondary_hits\":0,\"timeouts\":0},\"trace\":null}\n",
    "read_exact_probe": true,
    "scope": "tiny disposable readonly mount; not physical/game/launcher evidence",
    "status": "PASS"
  },
  "os": "linux",
  "permissions": {
    "exists": true,
    "note": "actual mount privilege is checked by backend at mount time",
    "path": "/tmp/playsparse-posix-ci",
    "readonly_flag": false
  },
  "store_health": null,
  "windows_physical_test": "REQUIRED"
}
