{
  "cache": {
    "decompressions": 954,
    "decompressions_avoided": 846,
    "evictions": 890,
    "hit_ratio": 0.4864864864864865,
    "hits": 846,
    "in_flight_waits": 54,
    "misses": 893,
    "peak_resident_bytes": 4194304,
    "prefetch_bytes_loaded": 3997696,
    "prefetch_chunks_loaded": 61,
    "prefetch_dropped": 0,
    "prefetch_duplicates": 1010,
    "prefetch_errors": 0,
    "prefetch_expired": 0,
    "prefetch_hits": 61,
    "prefetch_peak_reserved_bytes": 131072,
    "prefetch_queue_high_watermark": 2,
    "prefetch_requests": 61,
    "prefetch_reserved_bytes": 0,
    "prefetch_resident_unconsumed_bytes": 0,
    "prefetch_skipped": 447,
    "prefetch_useful_bytes": 3997696,
    "prefetch_wasted_bytes": 0,
    "raw_bytes_loaded": 62521344,
    "resident_bytes": 4194304,
    "resident_entries": 64
  },
  "cache_state": "fresh empty userspace cache; OS and device cache uncontrolled",
  "content_blake3": "e93660bc9c1abf1d69a3110bc62fd9b29e617f3cce4baa33a03e14836b25a8c8",
  "cpu_seconds": 0.059483999999999995,
  "latency_ns": {
    "p50": 27562,
    "p95": 52348,
    "p99": 67847
  },
  "process_peak_rss_bytes": 27426816,
  "queries": 960,
  "read_amplification": 0.6127167630057804,
  "returned_bytes": 102039552,
  "rss_basis": "process lifetime peak; use separate replay-one child processes for mode comparison",
  "wall_seconds": 0.056628956
}
